Component: ARM Compiler 6.16 Tool: armlink [5dfeaa00]

==============================================================================

Section Cross References

    main.o(.text.cb_hard_fault) refers to main.o(.rodata.str1.1) for .L.str
    main.o(.ARM.exidx.text.cb_hard_fault) refers to main.o(.text.cb_hard_fault) for [Anonymous Symbol]
    main.o(.text.cb_putc) refers to peripheral_uart.o(.text.apUART_Check_TXFIFO_FULL) for apUART_Check_TXFIFO_FULL
    main.o(.text.cb_putc) refers to peripheral_uart.o(.text.UART_SendData) for UART_SendData
    main.o(.ARM.exidx.text.cb_putc) refers to main.o(.text.cb_putc) for [Anonymous Symbol]
    main.o(.text.fputc) refers to main.o(.text.cb_putc) for cb_putc
    main.o(.ARM.exidx.text.fputc) refers to main.o(.text.fputc) for [Anonymous Symbol]
    main.o(.text.config_uart) refers to peripheral_uart.o(.text.apUART_Initialize) for apUART_Initialize
    main.o(.ARM.exidx.text.config_uart) refers to main.o(.text.config_uart) for [Anonymous Symbol]
    main.o(.text.setup_peripherals) refers to peripheral_sysctrl.o(.text.SYSCTRL_ClearClkGateMulti) for SYSCTRL_ClearClkGateMulti
    main.o(.text.setup_peripherals) refers to main.o(.text.config_uart) for config_uart
    main.o(.ARM.exidx.text.setup_peripherals) refers to main.o(.text.setup_peripherals) for [Anonymous Symbol]
    main.o(.text.db_write_to_flash) refers to main.o(.rodata.str1.1) for .L.str.1
    main.o(.text.db_write_to_flash) refers to eflash.o(.text.program_flash) for program_flash
    main.o(.ARM.exidx.text.db_write_to_flash) refers to main.o(.text.db_write_to_flash) for [Anonymous Symbol]
    main.o(.text.read_from_flash) refers to memcpya.o(.text) for __aeabi_memcpy
    main.o(.ARM.exidx.text.read_from_flash) refers to main.o(.text.read_from_flash) for [Anonymous Symbol]
    main.o(.text.app_main) refers to main.o(.text.setup_peripherals) for setup_peripherals
    main.o(.text.app_main) refers to main.o(.text.cb_putc) for cb_putc
    main.o(.text.app_main) refers to main.o(.text.cb_hard_fault) for cb_hard_fault
    main.o(.text.app_main) refers to profile.o(.text.setup_profile) for setup_profile
    main.o(.text.app_main) refers to main.o(.text.uart_isr) for uart_isr
    main.o(.text.app_main) refers to main.o(.text.db_write_to_flash) for db_write_to_flash
    main.o(.text.app_main) refers to main.o(.text.read_from_flash) for read_from_flash
    main.o(.text.app_main) refers to main.o(.bss.trace_ctx) for trace_ctx
    main.o(.text.app_main) refers to trace.o(.text.trace_rtt_init) for trace_rtt_init
    main.o(.text.app_main) refers to trace.o(.text.cb_trace_rtt) for cb_trace_rtt
    main.o(.text.app_main) refers to pair_bond.o(.data.sm_persistent) for sm_persistent
    main.o(.ARM.exidx.text.app_main) refers to main.o(.text.app_main) for [Anonymous Symbol]
    main.o(.text.uart_isr) refers to peripheral_uart.o(.text.apUART_Get_all_raw_int_stat) for apUART_Get_all_raw_int_stat
    main.o(.text.uart_isr) refers to peripheral_uart.o(.text.apUART_Check_RXFIFO_EMPTY) for apUART_Check_RXFIFO_EMPTY
    main.o(.text.uart_isr) refers to main.o(.text.kb_input_char) for kb_input_char
    main.o(.ARM.exidx.text.uart_isr) refers to main.o(.text.uart_isr) for [Anonymous Symbol]
    main.o(.ARM.exidx.text.app_low_power_exit_callback) refers to main.o(.text.app_low_power_exit_callback) for [Anonymous Symbol]
    main.o(.ARM.exidx.text.app_setup_peripherals) refers to main.o(.text.app_setup_peripherals) for [Anonymous Symbol]
    main.o(.text.kb_input_char) refers to main.o(.rodata.str1.1) for .L.str.2
    main.o(.ARM.exidx.text.kb_input_char) refers to main.o(.text.kb_input_char) for [Anonymous Symbol]
    profile.o(.text.send_data) refers to profile.o(.rodata.str1.1) for .L.str.3
    profile.o(.ARM.exidx.text.send_data) refers to profile.o(.text.send_data) for [Anonymous Symbol]
    profile.o(.text.gap_disconnect_in_stack) refers to profile.o(.rodata.str1.1) for .L.str
    profile.o(.ARM.exidx.text.gap_disconnect_in_stack) refers to profile.o(.text.gap_disconnect_in_stack) for [Anonymous Symbol]
    profile.o(.text.print_addr) refers to profile.o(.rodata.str1.1) for .L.str.1
    profile.o(.ARM.exidx.text.print_addr) refers to profile.o(.text.print_addr) for [Anonymous Symbol]
    profile.o(.text.setup_profile) refers to profile.o(.text.init_service) for init_service
    profile.o(.text.setup_profile) refers to profile.o(.text.att_read_callback) for att_read_callback
    profile.o(.text.setup_profile) refers to profile.o(.text.att_write_callback) for att_write_callback
    profile.o(.text.setup_profile) refers to profile.o(.bss.hci_event_callback_registration) for hci_event_callback_registration
    profile.o(.text.setup_profile) refers to profile.o(.text.user_packet_handler) for user_packet_handler
    profile.o(.text.setup_profile) refers to sdk_private_flash_data.o(.data.g_power_off_save_data_in_ram) for g_power_off_save_data_in_ram
[...]
    [Anonymous Symbol]                       0x0202a6cc   Section        0  profile.o(.text.setup_profile)
    sm_event_identity_resolving_failed_get_handle 0x0202a72d   Thumb Code    12  pair_bond.o(.text.sm_event_identity_resolving_failed_get_handle)
    [Anonymous Symbol]                       0x0202a72c   Section        0  pair_bond.o(.text.sm_event_identity_resolving_failed_get_handle)
    sm_event_identity_resolving_succeeded_get_le_device_db_index 0x0202a739   Thumb Code    14  pair_bond.o(.text.sm_event_identity_resolving_succeeded_get_le_device_db_index)
    [Anonymous Symbol]                       0x0202a738   Section        0  pair_bond.o(.text.sm_event_identity_resolving_succeeded_get_le_device_db_index)
    sm_event_just_works_request_get_handle   0x0202a749   Thumb Code    12  pair_bond.o(.text.sm_event_just_works_request_get_handle)
    [Anonymous Symbol]                       0x0202a748   Section        0  pair_bond.o(.text.sm_event_just_works_request_get_handle)
    sm_event_passkey_display_number_get_handle 0x0202a755   Thumb Code    12  pair_bond.o(.text.sm_event_passkey_display_number_get_handle)
    [Anonymous Symbol]                       0x0202a754   Section        0  pair_bond.o(.text.sm_event_passkey_display_number_get_handle)
    sm_event_passkey_display_number_get_passkey 0x0202a761   Thumb Code    14  pair_bond.o(.text.sm_event_passkey_display_number_get_passkey)
    [Anonymous Symbol]                       0x0202a760   Section        0  pair_bond.o(.text.sm_event_passkey_display_number_get_passkey)
    sm_event_passkey_input_number_get_handle 0x0202a771   Thumb Code    12  pair_bond.o(.text.sm_event_passkey_input_number_get_handle)
    [Anonymous Symbol]                       0x0202a770   Section        0  pair_bond.o(.text.sm_event_passkey_input_number_get_handle)
    sm_packet_handler                        0x0202a77d   Thumb Code   570  pair_bond.o(.text.sm_packet_handler)
    [Anonymous Symbol]                       0x0202a77c   Section        0  pair_bond.o(.text.sm_packet_handler)
    [Anonymous Symbol]                       0x0202a9b8   Section        0  trace.o(.text.trace_rtt_init)
    traversing_device_db                     0x0202a9c9   Thumb Code    64  pair_bond.o(.text.traversing_device_db)
    [Anonymous Symbol]                       0x0202a9c8   Section        0  pair_bond.o(.text.traversing_device_db)
    uart_isr                                 0x0202aa09   Thumb Code   108  main.o(.text.uart_isr)
    [Anonymous Symbol]                       0x0202aa08   Section        0  main.o(.text.uart_isr)
    [Anonymous Symbol]                       0x0202aa74   Section        0  pair_bond.o(.text.update_ir)
    user_msg_handler                         0x0202aad1   Thumb Code   102  profile.o(.text.user_msg_handler)
    [Anonymous Symbol]                       0x0202aad0   Section        0  profile.o(.text.user_msg_handler)
    user_packet_handler                      0x0202ab39   Thumb Code   412  profile.o(.text.user_packet_handler)
    [Anonymous Symbol]                       0x0202ab38   Section        0  profile.o(.text.user_packet_handler)
    wait_master_clear_pair_info              0x0202acd5   Thumb Code     2  pair_bond.o(.text.wait_master_clear_pair_info)
    [Anonymous Symbol]                       0x0202acd4   Section        0  pair_bond.o(.text.wait_master_clear_pair_info)
    i.__scatterload_copy                     0x0202acd6   Section       14  handlers.o(i.__scatterload_copy)
    i.__scatterload_null                     0x0202ace4   Section        2  handlers.o(i.__scatterload_null)
    i.__scatterload_zeroinit                 0x0202ace6   Section       14  handlers.o(i.__scatterload_zeroinit)
    i.free                                   0x0202acf4   Section        0  malloc.o(i.free)
    KB_REPORT_MAP                            0x0202ad44   Data         147  mi_rcu_service.o(.rodata.KB_REPORT_MAP)
    [Anonymous Symbol]                       0x0202ad44   Section        0  mi_rcu_service.o(.rodata.KB_REPORT_MAP)
    adv_data                                 0x0202add7   Data          26  profile.o(.rodata.adv_data)
    [Anonymous Symbol]                       0x0202add7   Section        0  profile.o(.rodata.adv_data)
    mi_rcu_char_dfu_control_point_uuid128    0x0202adf1   Data          16  mi_rcu_service.o(.rodata.mi_rcu_char_dfu_control_point_uuid128)
    [Anonymous Symbol]                       0x0202adf1   Section        0  mi_rcu_service.o(.rodata.mi_rcu_char_dfu_control_point_uuid128)
    mi_rcu_char_dfu_packet_uuid128           0x0202ae01   Data          16  mi_rcu_service.o(.rodata.mi_rcu_char_dfu_packet_uuid128)
    [Anonymous Symbol]                       0x0202ae01   Section        0  mi_rcu_service.o(.rodata.mi_rcu_char_dfu_packet_uuid128)
    mi_rcu_char_notify_uuid128               0x0202ae11   Data          16  mi_rcu_service.o(.rodata.mi_rcu_char_notify_uuid128)
    [Anonymous Symbol]                       0x0202ae11   Section        0  mi_rcu_service.o(.rodata.mi_rcu_char_notify_uuid128)
    mi_rcu_char_write_no_resp_uuid128        0x0202ae21   Data          16  mi_rcu_service.o(.rodata.mi_rcu_char_write_no_resp_uuid128)
    [Anonymous Symbol]                       0x0202ae21   Section        0  mi_rcu_service.o(.rodata.mi_rcu_char_write_no_resp_uuid128)
    mi_rcu_char_write_uuid128                0x0202ae31   Data          16  mi_rcu_service.o(.rodata.mi_rcu_char_write_uuid128)
    [Anonymous Symbol]                       0x0202ae31   Section        0  mi_rcu_service.o(.rodata.mi_rcu_char_write_uuid128)
    mi_rcu_kb_desc_output_report             0x0202ae41   Data           2  mi_rcu_service.o(.rodata.mi_rcu_kb_desc_output_report)
    [Anonymous Symbol]                       0x0202ae41   Section        0  mi_rcu_service.o(.rodata.mi_rcu_kb_desc_output_report)
    mi_rcu_service_uuid128                   0x0202ae43   Data          16  mi_rcu_service.o(.rodata.mi_rcu_service_uuid128)
    [Anonymous Symbol]                       0x0202ae43   Section        0  mi_rcu_service.o(.rodata.mi_rcu_service_uuid128)
    scan_data                                0x0202ae53   Data          29  profile.o(.rodata.scan_data)
    [Anonymous Symbol]                       0x0202ae53   Section        0  profile.o(.rodata.scan_data)
    .L.str                                   0x0202ae70   Data         108  main.o(.rodata.str1.1)
    [Anonymous Symbol]                       0x0202ae70   Section        0  main.o(.rodata.str1.1)
    .L.str.1                                 0x0202aedc   Data          27  main.o(.rodata.str1.1)
    .L.str.2                                 0x0202aef7   Data           3  main.o(.rodata.str1.1)
    .L.str.6                                 0x0202aefa   Data          13  profile.o(.rodata.str1.1)
    [Anonymous Symbol]                       0x0202aefa   Section        0  profile.o(.rodata.str1.1)
    .L.str.1                                 0x0202af07   Data          38  profile.o(.rodata.str1.1)
    .L.str.7                                 0x0202af2d   Data          26  profile.o(.rodata.str1.1)
    .L.str                                   0x0202af47   Data          20  profile.o(.rodata.str1.1)
    .L.str.3                                 0x0202af5b   Data          22  profile.o(.rodata.str1.1)
    .L.str.4                                 0x0202af71   Data          25  profile.o(.rodata.str1.1)
    .L.str.5                                 0x0202af8a   Data          26  profile.o(.rodata.str1.1)
    .L.str.2                                 0x0202afa4   Data          15  profile.o(.rodata.str1.1)
    .L.str.5                                 0x0202afb3   Data          12  mi_rcu_service.o(.rodata.str1.1)
    [Anonymous Symbol]                       0x0202afb3   Section        0  mi_rcu_service.o(.rodata.str1.1)
    .L.str.8                                 0x0202afbf   Data           7  mi_rcu_service.o(.rodata.str1.1)
    .L.str                                   0x0202afc6   Data          11  mi_rcu_service.o(.rodata.str1.1)
    .L.str.1                                 0x0202afd1   Data          38  mi_rcu_service.o(.rodata.str1.1)
    .L.str.3                                 0x0202aff7   Data          17  mi_rcu_service.o(.rodata.str1.1)
    .L.str.6                                 0x0202b008   Data          27  mi_rcu_service.o(.rodata.str1.1)
    .L.str.7                                 0x0202b023   Data          27  mi_rcu_service.o(.rodata.str1.1)
    .L.str.4                                 0x0202b03e   Data          14  mi_rcu_service.o(.rodata.str1.1)
    .L.str.2                                 0x0202b04c   Data          17  mi_rcu_service.o(.rodata.str1.1)
    .L.str.9                                 0x0202b05d   Data          17  mi_rcu_service.o(.rodata.str1.1)
    .L.str.10                                0x0202b06e   Data          21  mi_rcu_service.o(.rodata.str1.1)
    .L.str                                   0x0202b083   Data          26  trace.o(.rodata.str1.1)
    .L.str.8                                 0x0202b083   Data           7  trace.o(.rodata.str1.1)
    [Anonymous Symbol]                       0x0202b083   Section        0  trace.o(.rodata.str1.1)
    .L.str.7                                 0x0202b08a   Data           4  trace.o(.rodata.str1.1)
    .L.str.6                                 0x0202b08e   Data           9  trace.o(.rodata.str1.1)
    .L.str                                   0x0202b097   Data          25  audio_input.o(.rodata.str1.1)
    .L.str.5                                 0x0202b097   Data          22  audio_input.o(.rodata.str1.1)
    [Anonymous Symbol]                       0x0202b097   Section        0  audio_input.o(.rodata.str1.1)
    .L.str.1                                 0x0202b09d   Data           6  trace.o(.rodata.str1.1)
    .L.str.2                                 0x0202b0a3   Data          10  trace.o(.rodata.str1.1)
    .L.str.3                                 0x0202b0ad   Data          10  trace.o(.rodata.str1.1)
    .L.str.4                                 0x0202b0ad   Data          24  audio_input.o(.rodata.str1.1)
    .L.str.1                                 0x0202b0b0   Data          23  audio_input.o(.rodata.str1.1)
    .L.str.4                                 0x0202b0b7   Data          10  trace.o(.rodata.str1.1)
    .L.str.5                                 0x0202b0c1   Data          10  trace.o(.rodata.str1.1)
    .L.str.2                                 0x0202b0c5   Data          13  audio_service.o(.rodata.str1.1)
    [Anonymous Symbol]                       0x0202b0c5   Section        0  audio_service.o(.rodata.str1.1)
    .L.str.1                                 0x0202b0c7   Data          26  audio_service.o(.rodata.str1.1)
    .L.str.2                                 0x0202b0c7   Data          25  audio_input.o(.rodata.str1.1)
    .L.str                                   0x0202b0d2   Data           2  audio_service.o(.rodata.str1.1)
    .L.str.17                                0x0202b0d4   Data          28  pair_bond.o(.rodata.str1.1)
    [Anonymous Symbol]                       0x0202b0d4   Section        0  pair_bond.o(.rodata.str1.1)
    .L.str.3                                 0x0202b0e0   Data          23  audio_input.o(.rodata.str1.1)
    .L.str.1                                 0x0202b0f0   Data          29  pair_bond.o(.rodata.str1.1)
    .L.str                                   0x0202b10d   Data          16  pair_bond.o(.rodata.str1.1)
    .L.str.3                                 0x0202b11d   Data          19  pair_bond.o(.rodata.str1.1)
    .L.str.2                                 0x0202b130   Data          16  pair_bond.o(.rodata.str1.1)
    .L.str.12                                0x0202b140   Data          29  pair_bond.o(.rodata.str1.1)
    .L.str.16                                0x0202b15d   Data          35  pair_bond.o(.rodata.str1.1)
    .L.str.14                                0x0202b180   Data          24  pair_bond.o(.rodata.str1.1)
    .L.str.9                                 0x0202b198   Data          18  pair_bond.o(.rodata.str1.1)
    .L.str.8                                 0x0202b1aa   Data          11  pair_bond.o(.rodata.str1.1)
    .L.str.7                                 0x0202b1b5   Data          12  pair_bond.o(.rodata.str1.1)
    .L.str.6                                 0x0202b1c1   Data          19  pair_bond.o(.rodata.str1.1)
    .L.str.10                                0x0202b1d4   Data          26  pair_bond.o(.rodata.str1.1)
    .L.str.15                                0x0202b1ee   Data           9  pair_bond.o(.rodata.str1.1)
    .L.str.11                                0x0202b1f7   Data          23  pair_bond.o(.rodata.str1.1)
    .L.str.13                                0x0202b20e   Data          19  pair_bond.o(.rodata.str1.1)
    .L.str.4                                 0x0202b221   Data          23  pair_bond.o(.rodata.str1.1)
    .L.str.5                                 0x0202b238   Data          41  pair_bond.o(.rodata.str1.1)
    user_packet_handler.adv_sets_en          0x0202b262   Data           6  profile.o(.rodata.user_packet_handler.adv_sets_en)
    [Anonymous Symbol]                       0x0202b262   Section        0  profile.o(.rodata.user_packet_handler.adv_sets_en)
    .data                                    0x20005438   Section        4  mvars.o(.data)
    att_read_con_para                        0x2000543c   Data           8  mi_rcu_service.o(.data.att_read_con_para)
    [Anonymous Symbol]                       0x2000543c   Section        0  mi_rcu_service.o(.data.att_read_con_para)
    att_read_pnp_id_data                     0x20005444   Data           7  mi_rcu_service.o(.data.att_read_pnp_id_data)
    [Anonymous Symbol]                       0x20005444   Section        0  mi_rcu_service.o(.data.att_read_pnp_id_data)
    mi_rcu_att_notify_battery_handle         0x20005502   Data           2  mi_rcu_service.o(.data.mi_rcu_att_notify_battery_handle)
    [Anonymous Symbol]                       0x20005502   Section        0  mi_rcu_service.o(.data.mi_rcu_att_notify_battery_handle)
    mi_rcu_con_handle                        0x20005504   Data           2  mi_rcu_service.o(.data.mi_rcu_con_handle)
    [Anonymous Symbol]                       0x20005504   Section        0  mi_rcu_service.o(.data.mi_rcu_con_handle)
    mi_rcu_hid_info                          0x20005506   Data           4  mi_rcu_service.o(.data.mi_rcu_hid_info)
    [Anonymous Symbol]                       0x20005506   Section        0  mi_rcu_service.o(.data.mi_rcu_hid_info)
    mi_rcu_kb_desc_feature_report            0x2000550a   Data           2  mi_rcu_service.o(.data.mi_rcu_kb_desc_feature_report)
    [Anonymous Symbol]                       0x2000550a   Section        0  mi_rcu_service.o(.data.mi_rcu_kb_desc_feature_report)
    mi_rcu_kb_desc_input_report              0x2000550c   Data           2  mi_rcu_service.o(.data.mi_rcu_kb_desc_input_report)
    [Anonymous Symbol]                       0x2000550c   Section        0  mi_rcu_service.o(.data.mi_rcu_kb_desc_input_report)
    mi_rcu_protocol_mode                     0x2000550e   Data           1  mi_rcu_service.o(.data.mi_rcu_protocol_mode)
    [Anonymous Symbol]                       0x2000550e   Section        0  mi_rcu_service.o(.data.mi_rcu_protocol_mode)
    mi_rcu_ver_report                        0x2000550f   Data          19  mi_rcu_service.o(.data.mi_rcu_ver_report)
    [Anonymous Symbol]                       0x2000550f   Section        0  mi_rcu_service.o(.data.mi_rcu_ver_report)
    notify_battery_data                      0x20005522   Data           1  mi_rcu_service.o(.data.notify_battery_data)
    [Anonymous Symbol]                       0x20005522   Section        0  mi_rcu_service.o(.data.notify_battery_data)
    sm_event_callback_registration           0x20005538   Data           8  pair_bond.o(.data.sm_event_callback_registration)
    [Anonymous Symbol]                       0x20005538   Section        0  pair_bond.o(.data.sm_event_callback_registration)
    PeerAddr                                 0x20005568   Data           6  pair_bond.o(.bss.PeerAddr)
    [Anonymous Symbol]                       0x20005568   Section        0  pair_bond.o(.bss.PeerAddr)
    PingPong                                 0x20005570   Data          72  audio_input.o(.bss.PingPong)
    [Anonymous Symbol]                       0x20005570   Section        0  audio_input.o(.bss.PingPong)
    _acDownBuffer                            0x20005600   Data          16  trace.o(.bss._acDownBuffer)
    [Anonymous Symbol]                       0x20005600   Section        0  trace.o(.bss._acDownBuffer)
    _acUpBuffer                              0x20005610   Data         500  trace.o(.bss._acUpBuffer)
    [Anonymous Symbol]                       0x20005610   Section        0  trace.o(.bss._acUpBuffer)
    att_db                                   0x20005804   Data           4  att_db_util.o(.bss.att_db)
    [Anonymous Symbol]                       0x20005804   Section        0  att_db_util.o(.bss.att_db)
    att_db_max_size                          0x20005808   Data           2  att_db_util.o(.bss.att_db_max_size)
    [Anonymous Symbol]                       0x20005808   Section        0  att_db_util.o(.bss.att_db_max_size)
    att_db_next_handle                       0x2000580a   Data           2  att_db_util.o(.bss.att_db_next_handle)
    [Anonymous Symbol]                       0x2000580a   Section        0  att_db_util.o(.bss.att_db_next_handle)
    att_db_size                              0x2000580c   Data           2  att_db_util.o(.bss.att_db_size)
    [Anonymous Symbol]                       0x2000580c   Section        0  att_db_util.o(.bss.att_db_size)
    att_db_storage                           0x2000580e   Data        2000  profile.o(.bss.att_db_storage)
    [Anonymous Symbol]                       0x2000580e   Section        0  profile.o(.bss.att_db_storage)
    audio_data_porcess_callback              0x20005fe0   Data           4  audio_service.o(.bss.audio_data_porcess_callback)
    [Anonymous Symbol]                       0x20005fe0   Section        0  audio_service.o(.bss.audio_data_porcess_callback)
    data_buffer                              0x20005fe4   Data        3000  audio_service.o(.bss.data_buffer)
    [Anonymous Symbol]                       0x20005fe4   Section        0  audio_service.o(.bss.data_buffer)
    hci_event_callback_registration          0x20006b9c   Data           8  profile.o(.bss.hci_event_callback_registration)
    [Anonymous Symbol]                       0x20006b9c   Section        0  profile.o(.bss.hci_event_callback_registration)
    mi_rcu_att_notify_hid_report_handle      0x20006ba4   Data           2  mi_rcu_service.o(.bss.mi_rcu_att_notify_hid_report_handle)
    [Anonymous Symbol]                       0x20006ba4   Section        0  mi_rcu_service.o(.bss.mi_rcu_att_notify_hid_report_handle)
    mi_rcu_att_notify_voice_control_handle   0x20006ba6   Data           2  mi_rcu_service.o(.bss.mi_rcu_att_notify_voice_control_handle)
    [Anonymous Symbol]                       0x20006ba6   Section        0  mi_rcu_service.o(.bss.mi_rcu_att_notify_voice_control_handle)
    mi_rcu_att_notify_voice_handle_ch1       0x20006ba8   Data           2  mi_rcu_service.o(.bss.mi_rcu_att_notify_voice_handle_ch1)
    [Anonymous Symbol]                       0x20006ba8   Section        0  mi_rcu_service.o(.bss.mi_rcu_att_notify_voice_handle_ch1)
    mi_rcu_att_notify_voice_handle_ch2       0x20006baa   Data           2  mi_rcu_service.o(.bss.mi_rcu_att_notify_voice_handle_ch2)
    [Anonymous Symbol]                       0x20006baa   Section        0  mi_rcu_service.o(.bss.mi_rcu_att_notify_voice_handle_ch2)
    mi_rcu_att_notify_voice_handle_ch3       0x20006bac   Data           2  mi_rcu_service.o(.bss.mi_rcu_att_notify_voice_handle_ch3)
    [Anonymous Symbol]                       0x20006bac   Section        0  mi_rcu_service.o(.bss.mi_rcu_att_notify_voice_handle_ch3)
    mi_rcu_att_write_voice_control_handle    0x20006bae   Data           2  mi_rcu_service.o(.bss.mi_rcu_att_write_voice_control_handle)
    [Anonymous Symbol]                       0x20006bae   Section        0  mi_rcu_service.o(.bss.mi_rcu_att_write_voice_control_handle)
    mi_rcu_notify_enable                     0x20006bb0   Data           1  mi_rcu_service.o(.bss.mi_rcu_notify_enable)
    [Anonymous Symbol]                       0x20006bb0   Section        0  mi_rcu_service.o(.bss.mi_rcu_notify_enable)
    mi_rcu_report                            0x20006bb1   Data           8  mi_rcu_service.o(.bss.mi_rcu_report)
    [Anonymous Symbol]                       0x20006bb1   Section        0  mi_rcu_service.o(.bss.mi_rcu_report)
    next_block                               0x20006bba   Data           2  mi_rcu_service.o(.bss.next_block)
    [Anonymous Symbol]                       0x20006bba   Section        0  mi_rcu_service.o(.bss.next_block)
    notify_voice_handle                      0x20006bbc   Data           3  mi_rcu_service.o(.bss.notify_voice_handle)
    [Anonymous Symbol]                       0x20006bbc   Section        0  mi_rcu_service.o(.bss.notify_voice_handle)
    notify_voice_handle_index                0x20006bbf   Data           1  mi_rcu_service.o(.bss.notify_voice_handle_index)
    [Anonymous Symbol]                       0x20006bbf   Section        0  mi_rcu_service.o(.bss.notify_voice_handle_index)
    resolve_fail                             0x20006bc0   Data           1  pair_bond.o(.bss.resolve_fail)
    [Anonymous Symbol]                       0x20006bc0   Section        0  pair_bond.o(.bss.resolve_fail)
    sample_buf                               0x20006bc2   Data         240  audio_service.o(.bss.sample_buf)
    [Anonymous Symbol]                       0x20006bc2   Section        0  audio_service.o(.bss.sample_buf)
    ucQueueStorageArea                       0x20006cb3   Data          60  audio_service.o(.bss.ucQueueStorageArea)
    [Anonymous Symbol]                       0x20006cb3   Section        0  audio_service.o(.bss.ucQueueStorageArea)
    xSampleQueue                             0x20006cf0   Data           4  audio_service.o(.bss.xSampleQueue)
    [Anonymous Symbol]                       0x20006cf0   Section        0  audio_service.o(.bss.xSampleQueue)
    xStaticSampleQueue                       0x20006cf4   Data          76  audio_service.o(.bss.xStaticSampleQueue)
    [Anonymous Symbol]                       0x20006cf4   Section        0  audio_service.o(.bss.xStaticSampleQueue)
    STACK                                    0x20006d40   Section        4  startup_ing91600.o(STACK)

    Global Symbols

    Symbol Name                              Value     Ov Type        Size  Object(Section)

    BuildAttributes$$THM_ISAv4$E$P$D$K$B$S$7EM$VFPi3$EXTD16$VFPS$VFMA$PE$A:L22UL41UL21$X:L11$S22US41US21$IEEE1$IW$~IW$USESV6$~STKCKD$USESV7$~SHL$OTIME$ROPI$IEEEX$EBA8$MICROLIB$REQ8$PRES8$EABIv2 0x00000000   Number         0  anon$$obj.o ABSOLUTE
    __cpp_initialize__aeabi_                  - Undefined Weak Reference
    __cxa_finalize                            - Undefined Weak Reference
    _clock_init                               - Undefined Weak Reference
    _microlib_exit                            - Undefined Weak Reference
    att_dispatch_client_can_send_now         0x02004449   Thumb Code     0  symdefs.m ABSOLUTE
    att_dispatch_client_request_can_send_now_event 0x0200444f   Thumb Code     0  symdefs.m ABSOLUTE
    att_dispatch_register_client             0x02004455   Thumb Code     0  symdefs.m ABSOLUTE
    att_dispatch_register_server             0x02004469   Thumb Code     0  symdefs.m ABSOLUTE
    att_dispatch_server_can_send_now         0x0200447d   Thumb Code     0  symdefs.m ABSOLUTE
    att_dispatch_server_request_can_send_now_event 0x02004483   Thumb Code     0  symdefs.m ABSOLUTE
    att_emit_general_event                   0x02004535   Thumb Code     0  symdefs.m ABSOLUTE
    att_server_can_send_packet_now           0x02004c6d   Thumb Code     0  symdefs.m ABSOLUTE
    att_server_deferred_read_response        0x02004c71   Thumb Code     0  symdefs.m ABSOLUTE
    att_server_get_mtu                       0x02004c89   Thumb Code     0  symdefs.m ABSOLUTE
    att_server_indicate                      0x02004d01   Thumb Code     0  symdefs.m ABSOLUTE
    att_server_init                          0x02004d85   Thumb Code     0  symdefs.m ABSOLUTE
    att_server_notify                        0x02004dc1   Thumb Code     0  symdefs.m ABSOLUTE
    att_server_register_packet_handler       0x02004ed9   Thumb Code     0  symdefs.m ABSOLUTE
    att_server_request_can_send_now_event    0x02004ee5   Thumb Code     0  symdefs.m ABSOLUTE
    att_set_db                               0x02004f01   Thumb Code     0  symdefs.m ABSOLUTE
    att_set_read_callback                    0x02004f15   Thumb Code     0  symdefs.m ABSOLUTE
    att_set_write_callback                   0x02004f21   Thumb Code     0  symdefs.m ABSOLUTE
    bd_addr_cmp                              0x020050f5   Thumb Code     0  symdefs.m ABSOLUTE
    bd_addr_copy                             0x020050fb   Thumb Code     0  symdefs.m ABSOLUTE
    bd_addr_to_str                           0x02005105   Thumb Code     0  symdefs.m ABSOLUTE
    big_endian_read_16                       0x0200513d   Thumb Code     0  symdefs.m ABSOLUTE
    big_endian_read_32                       0x02005145   Thumb Code     0  symdefs.m ABSOLUTE
    big_endian_store_16                      0x02005159   Thumb Code     0  symdefs.m ABSOLUTE
    big_endian_store_32                      0x02005165   Thumb Code     0  symdefs.m ABSOLUTE
    btstack_config                           0x020052c5   Thumb Code     0  symdefs.m ABSOLUTE
    btstack_memory_pool_create               0x02005403   Thumb Code     0  symdefs.m ABSOLUTE
    btstack_memory_pool_free                 0x0200542d   Thumb Code     0  symdefs.m ABSOLUTE
    btstack_memory_pool_get                  0x0200548d   Thumb Code     0  symdefs.m ABSOLUTE
    btstack_push_user_msg                    0x020054f5   Thumb Code     0  symdefs.m ABSOLUTE
    btstack_push_user_runnable               0x02005501   Thumb Code     0  symdefs.m ABSOLUTE
    char_for_nibble                          0x0200579f   Thumb Code     0  symdefs.m ABSOLUTE
    eTaskConfirmSleepModeStatus              0x02005af9   Thumb Code     0  symdefs.m ABSOLUTE
    gap_add_dev_to_periodic_list             0x0200619d   Thumb Code     0  symdefs.m ABSOLUTE
    gap_add_whitelist                        0x020061ad   Thumb Code     0  symdefs.m ABSOLUTE
    gap_aes_encrypt                          0x020061b9   Thumb Code     0  symdefs.m ABSOLUTE
    gap_clear_white_lists                    0x020061fd   Thumb Code     0  symdefs.m ABSOLUTE
    gap_clr_adv_set                          0x02006209   Thumb Code     0  symdefs.m ABSOLUTE
    gap_clr_periodic_adv_list                0x02006215   Thumb Code     0  symdefs.m ABSOLUTE
    gap_create_connection_cancel             0x02006221   Thumb Code     0  symdefs.m ABSOLUTE
    gap_default_periodic_adv_sync_transfer_param 0x0200622d   Thumb Code     0  symdefs.m ABSOLUTE
    gap_disconnect                           0x02006245   Thumb Code     0  symdefs.m ABSOLUTE
    gap_disconnect_all                       0x02006271   Thumb Code     0  symdefs.m ABSOLUTE
    gap_ext_create_connection                0x020062b1   Thumb Code     0  symdefs.m ABSOLUTE
    gap_get_connection_parameter_range       0x020063a1   Thumb Code     0  symdefs.m ABSOLUTE
    gap_le_read_channel_map                  0x020063dd   Thumb Code     0  symdefs.m ABSOLUTE
    gap_periodic_adv_create_sync             0x02006449   Thumb Code     0  symdefs.m ABSOLUTE
    gap_periodic_adv_create_sync_cancel      0x0200646d   Thumb Code     0  symdefs.m ABSOLUTE
    gap_periodic_adv_set_info_transfer       0x02006479   Thumb Code     0  symdefs.m ABSOLUTE
    gap_periodic_adv_sync_transfer           0x02006489   Thumb Code     0  symdefs.m ABSOLUTE
    gap_periodic_adv_sync_transfer_param     0x02006499   Thumb Code     0  symdefs.m ABSOLUTE
    gap_periodic_adv_term_sync               0x020064b5   Thumb Code     0  symdefs.m ABSOLUTE
    gap_read_antenna_info                    0x0200653d   Thumb Code     0  symdefs.m ABSOLUTE
    gap_read_periodic_adv_list_size          0x02006549   Thumb Code     0  symdefs.m ABSOLUTE
    gap_read_phy                             0x02006555   Thumb Code     0  symdefs.m ABSOLUTE
    gap_read_remote_used_features            0x02006561   Thumb Code     0  symdefs.m ABSOLUTE
    gap_read_remote_version                  0x0200656d   Thumb Code     0  symdefs.m ABSOLUTE
    gap_read_rssi                            0x02006579   Thumb Code     0  symdefs.m ABSOLUTE
    gap_remove_whitelist                     0x02006585   Thumb Code     0  symdefs.m ABSOLUTE
    gap_rmv_adv_set                          0x02006601   Thumb Code     0  symdefs.m ABSOLUTE
    gap_rmv_dev_from_periodic_list           0x0200660d   Thumb Code     0  symdefs.m ABSOLUTE
    gap_rx_test_v2                           0x0200661d   Thumb Code     0  symdefs.m ABSOLUTE
    gap_rx_test_v3                           0x0200662d   Thumb Code     0  symdefs.m ABSOLUTE
    gap_set_adv_set_random_addr              0x02006679   Thumb Code     0  symdefs.m ABSOLUTE
    gap_set_connection_cte_request_enable    0x020066c1   Thumb Code     0  symdefs.m ABSOLUTE
    gap_set_connection_cte_response_enable   0x020066dd   Thumb Code     0  symdefs.m ABSOLUTE
    gap_set_connection_cte_rx_param          0x020066ed   Thumb Code     0  symdefs.m ABSOLUTE
    gap_set_connection_cte_tx_param          0x02006749   Thumb Code     0  symdefs.m ABSOLUTE
    gap_set_connection_parameter_range       0x0200679d   Thumb Code     0  symdefs.m ABSOLUTE
    gap_set_connectionless_cte_tx_enable     0x020067b5   Thumb Code     0  symdefs.m ABSOLUTE
    gap_set_connectionless_cte_tx_param      0x020067c5   Thumb Code     0  symdefs.m ABSOLUTE
    gap_set_connectionless_iq_sampling_enable 0x02006825   Thumb Code     0  symdefs.m ABSOLUTE
    gap_set_data_length                      0x02006889   Thumb Code     0  symdefs.m ABSOLUTE
    gap_set_def_phy                          0x020068a1   Thumb Code     0  symdefs.m ABSOLUTE
    gap_set_ext_adv_data                     0x020068b1   Thumb Code     0  symdefs.m ABSOLUTE
    gap_set_ext_adv_enable                   0x020068c9   Thumb Code     0  symdefs.m ABSOLUTE
    gap_set_ext_adv_para                     0x02006945   Thumb Code     0  symdefs.m ABSOLUTE
    gap_set_ext_scan_enable                  0x02006a15   Thumb Code     0  symdefs.m ABSOLUTE
    gap_set_ext_scan_para                    0x02006a2d   Thumb Code     0  symdefs.m ABSOLUTE
    gap_set_ext_scan_response_data           0x02006ad5   Thumb Code     0  symdefs.m ABSOLUTE
    gap_set_host_channel_classification      0x02006aed   Thumb Code     0  symdefs.m ABSOLUTE
    gap_set_periodic_adv_data                0x02006afd   Thumb Code     0  symdefs.m ABSOLUTE
    gap_set_periodic_adv_enable              0x02006b6d   Thumb Code     0  symdefs.m ABSOLUTE
    gap_set_periodic_adv_para                0x02006b7d   Thumb Code     0  symdefs.m ABSOLUTE
    gap_set_periodic_adv_rx_enable           0x02006b95   Thumb Code     0  symdefs.m ABSOLUTE
    gap_set_phy                              0x02006ba5   Thumb Code     0  symdefs.m ABSOLUTE
    gap_set_random_device_address            0x02006bc1   Thumb Code     0  symdefs.m ABSOLUTE
    gap_start_ccm                            0x02006bf1   Thumb Code     0  symdefs.m ABSOLUTE
    gap_test_end                             0x02006c45   Thumb Code     0  symdefs.m ABSOLUTE
    gap_tx_test_v2                           0x02006c51   Thumb Code     0  symdefs.m ABSOLUTE
    gap_tx_test_v4                           0x02006c69   Thumb Code     0  symdefs.m ABSOLUTE
    gap_update_connection_parameters         0x02006c8d   Thumb Code     0  symdefs.m ABSOLUTE
    gap_vendor_tx_continuous_wave            0x02006cd1   Thumb Code     0  symdefs.m ABSOLUTE
    gatt_client_cancel_write                 0x020071f9   Thumb Code     0  symdefs.m ABSOLUTE
    gatt_client_discover_characteristic_descriptors 0x0200721f   Thumb Code     0  symdefs.m ABSOLUTE
    gatt_client_discover_characteristics_for_handle_range_by_uuid128 0x0200725f   Thumb Code     0  symdefs.m ABSOLUTE
    gatt_client_discover_characteristics_for_handle_range_by_uuid16 0x020072af   Thumb Code     0  symdefs.m ABSOLUTE
    gatt_client_discover_characteristics_for_service 0x020072ff   Thumb Code     0  symdefs.m ABSOLUTE
    gatt_client_discover_primary_services    0x02007335   Thumb Code     0  symdefs.m ABSOLUTE
    gatt_client_discover_primary_services_by_uuid128 0x02007367   Thumb Code     0  symdefs.m ABSOLUTE
    gatt_client_discover_primary_services_by_uuid16 0x020073ab   Thumb Code     0  symdefs.m ABSOLUTE
    gatt_client_execute_write                0x020073e9   Thumb Code     0  symdefs.m ABSOLUTE
    gatt_client_find_included_services_for_service 0x0200740f   Thumb Code     0  symdefs.m ABSOLUTE
    gatt_client_get_mtu                      0x0200743d   Thumb Code     0  symdefs.m ABSOLUTE
    gatt_client_is_ready                     0x02007501   Thumb Code     0  symdefs.m ABSOLUTE
    gatt_client_listen_for_characteristic_value_updates 0x02007517   Thumb Code     0  symdefs.m ABSOLUTE
    gatt_client_prepare_write                0x02007539   Thumb Code     0  symdefs.m ABSOLUTE
    gatt_client_read_characteristic_descriptor_using_descriptor_handle 0x02007575   Thumb Code     0  symdefs.m ABSOLUTE
    gatt_client_read_long_characteristic_descriptor_using_descriptor_handle 0x0200759f   Thumb Code     0  symdefs.m ABSOLUTE
    gatt_client_read_long_characteristic_descriptor_using_descriptor_handle_with_offset 0x020075a5   Thumb Code     0  symdefs.m ABSOLUTE
    gatt_client_read_long_value_of_characteristic_using_value_handle 0x020075d3   Thumb Code     0  symdefs.m ABSOLUTE
    gatt_client_read_long_value_of_characteristic_using_value_handle_with_offset 0x020075d9   Thumb Code     0  symdefs.m ABSOLUTE
    gatt_client_read_multiple_characteristic_values 0x02007607   Thumb Code     0  symdefs.m ABSOLUTE
    gatt_client_read_value_of_characteristic_using_value_handle 0x02007637   Thumb Code     0  symdefs.m ABSOLUTE
    gatt_client_read_value_of_characteristics_by_uuid128 0x02007665   Thumb Code     0  symdefs.m ABSOLUTE
    gatt_client_read_value_of_characteristics_by_uuid16 0x020076b1   Thumb Code     0  symdefs.m ABSOLUTE
    gatt_client_register_handler             0x020076fd   Thumb Code     0  symdefs.m ABSOLUTE
    gatt_client_reliable_write_long_value_of_characteristic 0x02007709   Thumb Code     0  symdefs.m ABSOLUTE
    gatt_client_signed_write_without_response 0x02007b3d   Thumb Code     0  symdefs.m ABSOLUTE
    gatt_client_write_characteristic_descriptor_using_descriptor_handle 0x02007c01   Thumb Code     0  symdefs.m ABSOLUTE
    gatt_client_write_client_characteristic_configuration 0x02007c3b   Thumb Code     0  symdefs.m ABSOLUTE
    gatt_client_write_long_characteristic_descriptor_using_descriptor_handle 0x02007c8d   Thumb Code     0  symdefs.m ABSOLUTE
    gatt_client_write_long_characteristic_descriptor_using_descriptor_handle_with_offset 0x02007c9d   Thumb Code     0  symdefs.m ABSOLUTE
    gatt_client_write_long_value_of_characteristic 0x02007cd9   Thumb Code     0  symdefs.m ABSOLUTE
    gatt_client_write_long_value_of_characteristic_with_offset 0x02007ce9   Thumb Code     0  symdefs.m ABSOLUTE
    gatt_client_write_value_of_characteristic 0x02007d25   Thumb Code     0  symdefs.m ABSOLUTE
    gatt_client_write_value_of_characteristic_without_response 0x02007d5b   Thumb Code     0  symdefs.m ABSOLUTE
    hci_add_event_handler                    0x02009351   Thumb Code     0  symdefs.m ABSOLUTE
    hci_power_control                        0x02009b51   Thumb Code     0  symdefs.m ABSOLUTE
    hci_register_acl_packet_handler          0x02009d05   Thumb Code     0  symdefs.m ABSOLUTE
    kv_commit                                0x0200a239   Thumb Code     0  symdefs.m ABSOLUTE
    kv_get                                   0x0200a291   Thumb Code     0  symdefs.m ABSOLUTE
    kv_init                                  0x0200a2a9   Thumb Code     0  symdefs.m ABSOLUTE
    kv_put                                   0x0200a311   Thumb Code     0  symdefs.m ABSOLUTE
    kv_remove                                0x0200a389   Thumb Code     0  symdefs.m ABSOLUTE
    kv_remove_all                            0x0200a3c5   Thumb Code     0  symdefs.m ABSOLUTE
    kv_value_modified                        0x0200a409   Thumb Code     0  symdefs.m ABSOLUTE
    kv_visit                                 0x0200a40d   Thumb Code     0  symdefs.m ABSOLUTE
    l2cap_add_event_handler                  0x0200a4c1   Thumb Code     0  symdefs.m ABSOLUTE
    l2cap_can_send_packet_now                0x0200a4d1   Thumb Code     0  symdefs.m ABSOLUTE
    l2cap_create_le_credit_based_connection_request 0x0200a695   Thumb Code     0  symdefs.m ABSOLUTE
    l2cap_credit_based_send                  0x0200a7dd   Thumb Code     0  symdefs.m ABSOLUTE
    l2cap_credit_based_send_continue         0x0200a809   Thumb Code     0  symdefs.m ABSOLUTE
    l2cap_disconnect                         0x0200a885   Thumb Code     0  symdefs.m ABSOLUTE
    l2cap_get_le_credit_based_connection_credits 0x0200aa71   Thumb Code     0  symdefs.m ABSOLUTE
    l2cap_get_peer_mtu_for_local_cid         0x0200aa8d   Thumb Code     0  symdefs.m ABSOLUTE
    l2cap_init                               0x0200aecd   Thumb Code     0  symdefs.m ABSOLUTE
    l2cap_le_send_flow_control_credit        0x0200afc3   Thumb Code     0  symdefs.m ABSOLUTE
    l2cap_max_le_mtu                         0x0200b2d1   Thumb Code     0  symdefs.m ABSOLUTE
    l2cap_register_packet_handler            0x0200b3f9   Thumb Code     0  symdefs.m ABSOLUTE
    l2cap_register_service                   0x0200b405   Thumb Code     0  symdefs.m ABSOLUTE
    l2cap_request_can_send_now_event         0x0200b515   Thumb Code     0  symdefs.m ABSOLUTE
    l2cap_request_connection_parameter_update 0x0200b52f   Thumb Code     0  symdefs.m ABSOLUTE
    l2cap_send_echo_request                  0x0200ba11   Thumb Code     0  symdefs.m ABSOLUTE
    l2cap_unregister_service                 0x0200baf1   Thumb Code     0  symdefs.m ABSOLUTE
    le_device_db_add                         0x0200bb49   Thumb Code     0  symdefs.m ABSOLUTE
    le_device_db_find                        0x0200bc1d   Thumb Code     0  symdefs.m ABSOLUTE
    le_device_db_from_key                    0x0200bc49   Thumb Code     0  symdefs.m ABSOLUTE
    le_device_db_iter_cur                    0x0200bc51   Thumb Code     0  symdefs.m ABSOLUTE
    le_device_db_iter_cur_key                0x0200bc55   Thumb Code     0  symdefs.m ABSOLUTE
    le_device_db_iter_init                   0x0200bc59   Thumb Code     0  symdefs.m ABSOLUTE
    le_device_db_iter_next                   0x0200bc61   Thumb Code     0  symdefs.m ABSOLUTE
    le_device_db_remove_key                  0x0200bc87   Thumb Code     0  symdefs.m ABSOLUTE
    ll_adjust_conn_peer_tx_power             0x0200bcb5   Thumb Code     0  symdefs.m ABSOLUTE
    ll_aes_encrypt                           0x0200bce1   Thumb Code     0  symdefs.m ABSOLUTE
    ll_config                                0x0200bd55   Thumb Code     0  symdefs.m ABSOLUTE
    ll_free                                  0x0200bd65   Thumb Code     0  symdefs.m ABSOLUTE
    ll_get_heap_free_size                    0x0200bd71   Thumb Code     0  symdefs.m ABSOLUTE
    ll_hint_on_ce_len                        0x0200bd81   Thumb Code     0  symdefs.m ABSOLUTE
    ll_legacy_adv_set_interval               0x0200bdb9   Thumb Code     0  symdefs.m ABSOLUTE
    ll_malloc                                0x0200bdc9   Thumb Code     0  symdefs.m ABSOLUTE
    ll_scan_set_fixed_channel                0x0200bf39   Thumb Code     0  symdefs.m ABSOLUTE
    ll_set_adv_access_address                0x0200c131   Thumb Code     0  symdefs.m ABSOLUTE
    ll_set_adv_coded_scheme                  0x0200c13d   Thumb Code     0  symdefs.m ABSOLUTE
    ll_set_conn_coded_scheme                 0x0200c175   Thumb Code     0  symdefs.m ABSOLUTE
    ll_set_conn_latency                      0x0200c1a1   Thumb Code     0  symdefs.m ABSOLUTE
    ll_set_conn_tx_power                     0x0200c1d1   Thumb Code     0  symdefs.m ABSOLUTE
    ll_set_def_antenna                       0x0200c20d   Thumb Code     0  symdefs.m ABSOLUTE
    ll_set_initiating_coded_scheme           0x0200c22d   Thumb Code     0  symdefs.m ABSOLUTE
    ll_set_max_conn_number                   0x0200c239   Thumb Code     0  symdefs.m ABSOLUTE
    ll_set_tx_power_range                    0x0200c2d5   Thumb Code     0  symdefs.m ABSOLUTE
    nibble_for_char                          0x0201ed55   Thumb Code     0  symdefs.m ABSOLUTE
    platform_32k_rc_auto_tune                0x0201ee01   Thumb Code     0  symdefs.m ABSOLUTE
    platform_32k_rc_tune                     0x0201ee4d   Thumb Code     0  symdefs.m ABSOLUTE
    platform_calibrate_32k                   0x0201ee69   Thumb Code     0  symdefs.m ABSOLUTE
    platform_config                          0x0201ee6d   Thumb Code     0  symdefs.m ABSOLUTE
    platform_enable_irq                      0x0201ef99   Thumb Code     0  symdefs.m ABSOLUTE
    platform_get_current_task                0x0201efcd   Thumb Code     0  symdefs.m ABSOLUTE
    platform_get_gen_os_driver               0x0201eff1   Thumb Code     0  symdefs.m ABSOLUTE
    platform_get_heap_status                 0x0201eff9   Thumb Code     0  symdefs.m ABSOLUTE
    platform_get_task_handle                 0x0201f011   Thumb Code     0  symdefs.m ABSOLUTE
    platform_get_us_time                     0x0201f031   Thumb Code     0  symdefs.m ABSOLUTE
    platform_get_version                     0x0201f035   Thumb Code     0  symdefs.m ABSOLUTE
    platform_hrng                            0x0201f03d   Thumb Code     0  symdefs.m ABSOLUTE
    platform_install_isr_stack               0x0201f045   Thumb Code     0  symdefs.m ABSOLUTE
    platform_install_task_stack              0x0201f051   Thumb Code     0  symdefs.m ABSOLUTE
    platform_patch_rf_init_data              0x0201f089   Thumb Code     0  symdefs.m ABSOLUTE
    platform_printf                          0x0201f095   Thumb Code     0  symdefs.m ABSOLUTE
    platform_raise_assertion                 0x0201f0a9   Thumb Code     0  symdefs.m ABSOLUTE
    platform_rand                            0x0201f0bd   Thumb Code     0  symdefs.m ABSOLUTE
    platform_read_info                       0x0201f0c1   Thumb Code     0  symdefs.m ABSOLUTE
    platform_read_persistent_reg             0x0201f0f1   Thumb Code     0  symdefs.m ABSOLUTE
    platform_reset                           0x0201f0fd   Thumb Code     0  symdefs.m ABSOLUTE
    platform_set_evt_callback                0x0201f111   Thumb Code     0  symdefs.m ABSOLUTE
    platform_set_evt_callback_table          0x0201f125   Thumb Code     0  symdefs.m ABSOLUTE
    platform_set_irq_callback                0x0201f131   Thumb Code     0  symdefs.m ABSOLUTE
    platform_set_irq_callback_table          0x0201f14d   Thumb Code     0  symdefs.m ABSOLUTE
    platform_set_rf_clk_source               0x0201f159   Thumb Code     0  symdefs.m ABSOLUTE
    platform_set_rf_init_data                0x0201f165   Thumb Code     0  symdefs.m ABSOLUTE
    platform_set_rf_power_mapping            0x0201f171   Thumb Code     0  symdefs.m ABSOLUTE
    platform_set_timer                       0x0201f17d   Thumb Code     0  symdefs.m ABSOLUTE
    platform_shutdown                        0x0201f181   Thumb Code     0  symdefs.m ABSOLUTE
    platform_switch_app                      0x0201f185   Thumb Code     0  symdefs.m ABSOLUTE
    platform_trace_raw                       0x0201f19d   Thumb Code     0  symdefs.m ABSOLUTE
    platform_write_persistent_reg            0x0201f1b5   Thumb Code     0  symdefs.m ABSOLUTE
    printf_hexdump                           0x0201f36d   Thumb Code     0  symdefs.m ABSOLUTE
    pvPortMalloc                             0x0201fe41   Thumb Code     0  symdefs.m ABSOLUTE
    pvTaskIncrementMutexHeldCount            0x0201ff29   Thumb Code     0  symdefs.m ABSOLUTE
    pvTimerGetTimerID                        0x0201ff41   Thumb Code     0  symdefs.m ABSOLUTE
    pxPortInitialiseStack                    0x0201ff6d   Thumb Code     0  symdefs.m ABSOLUTE
    reverse_128                              0x02020155   Thumb Code     0  symdefs.m ABSOLUTE
    reverse_24                               0x0202015b   Thumb Code     0  symdefs.m ABSOLUTE
    reverse_256                              0x02020161   Thumb Code     0  symdefs.m ABSOLUTE
    reverse_48                               0x02020167   Thumb Code     0  symdefs.m ABSOLUTE
    reverse_56                               0x0202016d   Thumb Code     0  symdefs.m ABSOLUTE
    reverse_64                               0x02020173   Thumb Code     0  symdefs.m ABSOLUTE
    reverse_bd_addr                          0x02020179   Thumb Code     0  symdefs.m ABSOLUTE
    reverse_bytes                            0x0202017f   Thumb Code     0  symdefs.m ABSOLUTE
    sm_add_event_handler                     0x0202049d   Thumb Code     0  symdefs.m ABSOLUTE
    sm_address_resolution_lookup             0x020205f5   Thumb Code     0  symdefs.m ABSOLUTE
    sm_authenticated                         0x02020969   Thumb Code     0  symdefs.m ABSOLUTE
    sm_authorization_decline                 0x02020977   Thumb Code     0  symdefs.m ABSOLUTE
    sm_authorization_grant                   0x02020997   Thumb Code     0  symdefs.m ABSOLUTE
    sm_authorization_state                   0x020209b7   Thumb Code     0  symdefs.m ABSOLUTE
    sm_bonding_decline                       0x020209d1   Thumb Code     0  symdefs.m ABSOLUTE
    sm_config                                0x02020e25   Thumb Code     0  symdefs.m ABSOLUTE
    sm_config_conn                           0x02020e3d   Thumb Code     0  symdefs.m ABSOLUTE
    sm_encryption_key_size                   0x02020ff3   Thumb Code     0  symdefs.m ABSOLUTE
    sm_just_works_confirm                    0x0202153d   Thumb Code     0  symdefs.m ABSOLUTE
    sm_le_device_key                         0x0202187d   Thumb Code     0  symdefs.m ABSOLUTE
    sm_passkey_input                         0x02021913   Thumb Code     0  symdefs.m ABSOLUTE
    sm_private_random_address_generation_get 0x02021cc1   Thumb Code     0  symdefs.m ABSOLUTE
    sm_private_random_address_generation_get_mode 0x02021cc9   Thumb Code     0  symdefs.m ABSOLUTE
    sm_private_random_address_generation_set_mode 0x02021cd5   Thumb Code     0  symdefs.m ABSOLUTE
    sm_private_random_address_generation_set_update_period 0x02021cfd   Thumb Code     0  symdefs.m ABSOLUTE
    sm_register_oob_data_callback            0x02021e39   Thumb Code     0  symdefs.m ABSOLUTE
    sm_request_pairing                       0x02021e45   Thumb Code     0  symdefs.m ABSOLUTE
    sm_send_security_request                 0x0202290f   Thumb Code     0  symdefs.m ABSOLUTE
    sm_set_accepted_stk_generation_methods   0x02022935   Thumb Code     0  symdefs.m ABSOLUTE
    sm_set_authentication_requirements       0x02022941   Thumb Code     0  symdefs.m ABSOLUTE
    sm_set_encryption_key_size_range         0x0202294d   Thumb Code     0  symdefs.m ABSOLUTE
    sscanf_bd_addr                           0x02022cad   Thumb Code     0  symdefs.m ABSOLUTE
    sysSetPublicDeviceAddr                   0x02023145   Thumb Code     0  symdefs.m ABSOLUTE
    uuid128_to_str                           0x02023965   Thumb Code     0  symdefs.m ABSOLUTE
    uuid_add_bluetooth_prefix                0x020239bd   Thumb Code     0  symdefs.m ABSOLUTE
    uuid_has_bluetooth_prefix                0x020239dd   Thumb Code     0  symdefs.m ABSOLUTE
    uxListRemove                             0x020239f9   Thumb Code     0  symdefs.m ABSOLUTE
    uxQueueMessagesWaiting                   0x02023a21   Thumb Code     0  symdefs.m ABSOLUTE
    uxQueueMessagesWaitingFromISR            0x02023a49   Thumb Code     0  symdefs.m ABSOLUTE
    uxQueueSpacesAvailable                   0x02023a65   Thumb Code     0  symdefs.m ABSOLUTE
    uxTaskGetStackHighWaterMark              0x02023a91   Thumb Code     0  symdefs.m ABSOLUTE
    uxTaskPriorityGet                        0x02023ab1   Thumb Code     0  symdefs.m ABSOLUTE
    uxTaskPriorityGetFromISR                 0x02023acd   Thumb Code     0  symdefs.m ABSOLUTE
    vListInitialise                          0x02023b8b   Thumb Code     0  symdefs.m ABSOLUTE
    vListInitialiseItem                      0x02023ba1   Thumb Code     0  symdefs.m ABSOLUTE
    vListInsert                              0x02023ba7   Thumb Code     0  symdefs.m ABSOLUTE
    vListInsertEnd                           0x02023bd7   Thumb Code     0  symdefs.m ABSOLUTE
    vPortEndScheduler                        0x02023bf1   Thumb Code     0  symdefs.m ABSOLUTE
    vPortEnterCritical                       0x02023c1d   Thumb Code     0  symdefs.m ABSOLUTE
    vPortExitCritical                        0x02023c61   Thumb Code     0  symdefs.m ABSOLUTE
    vPortFree                                0x02023c95   Thumb Code     0  symdefs.m ABSOLUTE
    vPortSuppressTicksAndSleep               0x02023d39   Thumb Code     0  symdefs.m ABSOLUTE
    vPortValidateInterruptPriority           0x02023e61   Thumb Code     0  symdefs.m ABSOLUTE
    vQueueDelete                             0x02023ebd   Thumb Code     0  symdefs.m ABSOLUTE
    vQueueWaitForMessageRestricted           0x02023ee9   Thumb Code     0  symdefs.m ABSOLUTE
    vTaskDelay                               0x02023f2d   Thumb Code     0  symdefs.m ABSOLUTE
    vTaskInternalSetTimeOutState             0x02023f79   Thumb Code     0  symdefs.m ABSOLUTE
    vTaskMissedYield                         0x02023f89   Thumb Code     0  symdefs.m ABSOLUTE
    vTaskPlaceOnEventList                    0x02023f95   Thumb Code     0  symdefs.m ABSOLUTE
    vTaskPlaceOnEventListRestricted          0x02023fcd   Thumb Code     0  symdefs.m ABSOLUTE
    vTaskPriorityDisinheritAfterTimeout      0x0202400d   Thumb Code     0  symdefs.m ABSOLUTE
    vTaskPrioritySet                         0x020240b9   Thumb Code     0  symdefs.m ABSOLUTE
    vTaskResume                              0x02024181   Thumb Code     0  symdefs.m ABSOLUTE
    vTaskStartScheduler                      0x02024205   Thumb Code     0  symdefs.m ABSOLUTE
    vTaskStepTick                            0x02024295   Thumb Code     0  symdefs.m ABSOLUTE
    vTaskSuspend                             0x020242c5   Thumb Code     0  symdefs.m ABSOLUTE
    vTaskSuspendAll                          0x02024381   Thumb Code     0  symdefs.m ABSOLUTE
    vTaskSwitchContext                       0x02024391   Thumb Code     0  symdefs.m ABSOLUTE
    xPortStartScheduler                      0x02024439   Thumb Code     0  symdefs.m ABSOLUTE
    xQueueAddToSet                           0x0202453d   Thumb Code     0  symdefs.m ABSOLUTE
    xQueueCreateCountingSemaphore            0x02024561   Thumb Code     0  symdefs.m ABSOLUTE
    xQueueCreateCountingSemaphoreStatic      0x0202459d   Thumb Code     0  symdefs.m ABSOLUTE
    xQueueCreateMutex                        0x020245e1   Thumb Code     0  symdefs.m ABSOLUTE
    xQueueCreateMutexStatic                  0x020245f7   Thumb Code     0  symdefs.m ABSOLUTE
    xQueueCreateSet                          0x02024611   Thumb Code     0  symdefs.m ABSOLUTE
    xQueueGenericCreate                      0x02024619   Thumb Code     0  symdefs.m ABSOLUTE
    xQueueGenericCreateStatic                0x02024665   Thumb Code     0  symdefs.m ABSOLUTE
    xQueueGenericReset                       0x020246cd   Thumb Code     0  symdefs.m ABSOLUTE
    xQueueGenericSend                        0x02024759   Thumb Code     0  symdefs.m ABSOLUTE
    xQueueGenericSendFromISR                 0x020248c5   Thumb Code     0  symdefs.m ABSOLUTE
    xQueueGiveFromISR                        0x02024985   Thumb Code     0  symdefs.m ABSOLUTE
    xQueueGiveMutexRecursive                 0x02024a29   Thumb Code     0  symdefs.m ABSOLUTE
    xQueueIsQueueEmptyFromISR                0x02024a69   Thumb Code     0  symdefs.m ABSOLUTE
    xQueueIsQueueFullFromISR                 0x02024a8d   Thumb Code     0  symdefs.m ABSOLUTE
    xQueuePeek                               0x02024ab5   Thumb Code     0  symdefs.m ABSOLUTE
    xQueuePeekFromISR                        0x02024bdd   Thumb Code     0  symdefs.m ABSOLUTE
    xQueueReceive                            0x02024c49   Thumb Code     0  symdefs.m ABSOLUTE
    xQueueReceiveFromISR                     0x02024d75   Thumb Code     0  symdefs.m ABSOLUTE
    xQueueRemoveFromSet                      0x02024e09   Thumb Code     0  symdefs.m ABSOLUTE
    xQueueSelectFromSet                      0x02024e2b   Thumb Code     0  symdefs.m ABSOLUTE
    xQueueSelectFromSetFromISR               0x02024e3d   Thumb Code     0  symdefs.m ABSOLUTE
    xQueueSemaphoreTake                      0x02024e51   Thumb Code     0  symdefs.m ABSOLUTE
    xQueueTakeMutexRecursive                 0x02024fbd   Thumb Code     0  symdefs.m ABSOLUTE
    xTaskCheckForTimeOut                     0x02025001   Thumb Code     0  symdefs.m ABSOLUTE
    xTaskCreate                              0x02025071   Thumb Code     0  symdefs.m ABSOLUTE
    xTaskCreateStatic                        0x020250cd   Thumb Code     0  symdefs.m ABSOLUTE
    xTaskGetCurrentTaskHandle                0x0202513d   Thumb Code     0  symdefs.m ABSOLUTE
    xTaskGetSchedulerState                   0x02025149   Thumb Code     0  symdefs.m ABSOLUTE
    xTaskGetTickCount                        0x02025165   Thumb Code     0  symdefs.m ABSOLUTE
    xTaskGetTickCountFromISR                 0x02025171   Thumb Code     0  symdefs.m ABSOLUTE
    xTaskIncrementTick                       0x02025181   Thumb Code     0  symdefs.m ABSOLUTE
    xTaskPriorityDisinherit                  0x0202524d   Thumb Code     0  symdefs.m ABSOLUTE
    xTaskPriorityInherit                     0x020252e1   Thumb Code     0  symdefs.m ABSOLUTE
    xTaskRemoveFromEventList                 0x02025375   Thumb Code     0  symdefs.m ABSOLUTE
    xTaskResumeAll                           0x020253f5   Thumb Code     0  symdefs.m ABSOLUTE
    xTaskResumeFromISR                       0x020254bd   Thumb Code     0  symdefs.m ABSOLUTE
    xTimerCreate                             0x02025549   Thumb Code     0  symdefs.m ABSOLUTE
    xTimerCreateStatic                       0x0202557d   Thumb Code     0  symdefs.m ABSOLUTE
    xTimerCreateTimerTask                    0x020255b5   Thumb Code     0  symdefs.m ABSOLUTE
    xTimerGenericCommand                     0x02025621   Thumb Code     0  symdefs.m ABSOLUTE
    xTimerGetExpiryTime                      0x02025691   Thumb Code     0  symdefs.m ABSOLUTE
    xTimerGetTimerDaemonTaskHandle           0x020256b1   Thumb Code     0  symdefs.m ABSOLUTE
    __Vectors                                0x02028000   Data           4  startup_ing91600.o(RESET)
    __main                                   0x02028009   Thumb Code     0  entry.o(.ARM.Collect$$$$00000000)
    _main_stk                                0x02028009   Thumb Code     0  entry2.o(.ARM.Collect$$$$00000001)
    _main_scatterload                        0x0202800d   Thumb Code     0  entry5.o(.ARM.Collect$$$$00000004)
    __main_after_scatterload                 0x02028011   Thumb Code     0  entry5.o(.ARM.Collect$$$$00000004)
    _main_clock                              0x02028011   Thumb Code     0  entry7b.o(.ARM.Collect$$$$00000008)
    _main_cpp_init                           0x02028011   Thumb Code     0  entry8b.o(.ARM.Collect$$$$0000000A)
    _main_init                               0x02028011   Thumb Code     0  entry9a.o(.ARM.Collect$$$$0000000B)
    __rt_final_cpp                           0x02028019   Thumb Code     0  entry10a.o(.ARM.Collect$$$$0000000D)
    __rt_final_exit                          0x02028019   Thumb Code     0  entry11a.o(.ARM.Collect$$$$0000000F)
    Reset_Handler                            0x0202801d   Thumb Code    14  startup_ing91600.o(.text)
    main                                     0x0202802d   Thumb Code    14  startup_ing91600.o(.text)
    __scatterload                            0x02028045   Thumb Code    28  init.o(.text)
    __scatterload_rt2                        0x02028045   Thumb Code     0  init.o(.text)
    __aeabi_memcpy                           0x02028069   Thumb Code    36  memcpya.o(.text)
    __aeabi_memcpy4                          0x02028069   Thumb Code     0  memcpya.o(.text)
    __aeabi_memcpy8                          0x02028069   Thumb Code     0  memcpya.o(.text)
    strcpy                                   0x0202808d   Thumb Code    18  strcpy.o(.text)
    __decompress                             0x0202809f   Thumb Code     0  __dczerorl.o(.text)
    __decompress0                            0x0202809f   Thumb Code    58  __dczerorl.o(.text)
    ADC_GetBusyStatus                        0x020280d9   Thumb Code    16  peripheral_adc.o(.text.ADC_GetBusyStatus)
    ADC_Start                                0x02028181   Thumb Code   110  peripheral_adc.o(.text.ADC_Start)
    DMA_AbortChannel                         0x020281f1   Thumb Code    30  peripheral_dma.o(.text.DMA_AbortChannel)
    DMA_PingPongDisable                      0x02028211   Thumb Code    54  pingpong.o(.text.DMA_PingPongDisable)
    DMA_Reset                                0x02028249   Thumb Code    54  peripheral_dma.o(.text.DMA_Reset)
    GIO_WriteValue                           0x02028281   Thumb Code   116  peripheral_gpio.o(.text.GIO_WriteValue)
    Reload_Ir                                0x020282f5   Thumb Code    72  pair_bond.o(.text.Reload_Ir)
    SEGGER_RTT_GetAvailWriteSpace            0x0202833d   Thumb Code    34  trace.o(.text.SEGGER_RTT_GetAvailWriteSpace)
    SEGGER_RTT_Init                          0x02028361   Thumb Code     8  trace.o(.text.SEGGER_RTT_Init)
    SEGGER_RTT_Write                         0x02028369   Thumb Code    72  trace.o(.text.SEGGER_RTT_Write)
    SEGGER_RTT_WriteNoLock                   0x020283b1   Thumb Code   176  trace.o(.text.SEGGER_RTT_WriteNoLock)
    SYSCTRL_ClearClkGate                     0x02028461   Thumb Code    22  peripheral_sysctrl.o(.text.SYSCTRL_ClearClkGate)
    SYSCTRL_ClearClkGateMulti                0x02028479   Thumb Code    66  peripheral_sysctrl.o(.text.SYSCTRL_ClearClkGateMulti)
    UART_SendData                            0x02028845   Thumb Code    20  peripheral_uart.o(.text.UART_SendData)
    apUART_BaudRateSet                       0x02028a95   Thumb Code   116  peripheral_uart.o(.text.apUART_BaudRateSet)
    apUART_Check_RXFIFO_EMPTY                0x02028b09   Thumb Code    16  peripheral_uart.o(.text.apUART_Check_RXFIFO_EMPTY)
    apUART_Check_TXFIFO_FULL                 0x02028b19   Thumb Code    16  peripheral_uart.o(.text.apUART_Check_TXFIFO_FULL)
    apUART_Get_all_raw_int_stat              0x02028b29   Thumb Code    12  peripheral_uart.o(.text.apUART_Get_all_raw_int_stat)
    apUART_Initialize                        0x02028b35   Thumb Code   152  peripheral_uart.o(.text.apUART_Initialize)
    app_main                                 0x02028bcd   Thumb Code   154  main.o(.text.app_main)
    att_db_util_add_attribute_uuid16         0x02028d35   Thumb Code   212  att_db_util.o(.text.att_db_util_add_attribute_uuid16)
    att_db_util_add_characteristic_uuid128   0x02028e09   Thumb Code   184  att_db_util.o(.text.att_db_util_add_characteristic_uuid128)
    att_db_util_add_characteristic_uuid16    0x02028ec1   Thumb Code   184  att_db_util.o(.text.att_db_util_add_characteristic_uuid16)
    att_db_util_add_descriptor_uuid16        0x02028f79   Thumb Code    40  att_db_util.o(.text.att_db_util_add_descriptor_uuid16)
    att_db_util_add_service_uuid128          0x02028fa1   Thumb Code    34  att_db_util.o(.text.att_db_util_add_service_uuid128)
    att_db_util_add_service_uuid16           0x02028fc5   Thumb Code    34  att_db_util.o(.text.att_db_util_add_service_uuid16)
    att_db_util_get_address                  0x02029025   Thumb Code    12  att_db_util.o(.text.att_db_util_get_address)
    att_db_util_init                         0x02029031   Thumb Code    68  att_db_util.o(.text.att_db_util_init)
    audio_adc_input_stop                     0x02029185   Thumb Code    54  audio_input.o(.text.audio_adc_input_stop)
    audio_create_queue_task                  0x020291bd   Thumb Code    84  audio_service.o(.text.audio_create_queue_task)
    audio_get_block_buff                     0x02029211   Thumb Code    30  audio_service.o(.text.audio_get_block_buff)
    audio_start                              0x02029239   Thumb Code    36  audio_service.o(.text.audio_start)
    audio_stop_sample                        0x0202925d   Thumb Code    12  audio_service.o(.text.audio_stop_sample)
    cb_hard_fault                            0x020292e9   Thumb Code    86  main.o(.text.cb_hard_fault)
    cb_putc                                  0x02029341   Thumb Code    52  main.o(.text.cb_putc)
    cb_trace_rtt                             0x02029375   Thumb Code   126  trace.o(.text.cb_trace_rtt)
    clear_pairing_data                       0x020293f5   Thumb Code    58  pair_bond.o(.text.clear_pairing_data)
    config_uart                              0x02029431   Thumb Code    86  main.o(.text.config_uart)
    db_write_to_flash                        0x02029489   Thumb Code    52  main.o(.text.db_write_to_flash)
    gap_disconnect_in_stack                  0x020294bd   Thumb Code    30  profile.o(.text.gap_disconnect_in_stack)
    mi_rcu_att_read_callback                 0x0202954d   Thumb Code   212  mi_rcu_service.o(.text.mi_rcu_att_read_callback)
    mi_rcu_att_write_callback                0x02029621   Thumb Code   320  mi_rcu_service.o(.text.mi_rcu_att_write_callback)
    mi_rcu_event_connected                   0x0202977d   Thumb Code    24  mi_rcu_service.o(.text.mi_rcu_event_connected)
    mi_rcu_kb_send_report                    0x02029795   Thumb Code   174  mi_rcu_service.o(.text.mi_rcu_kb_send_report)
    mi_rcu_request_send_voice                0x02029845   Thumb Code    96  mi_rcu_service.o(.text.mi_rcu_request_send_voice)
    mi_rcu_request_stop_voice                0x020298a5   Thumb Code    94  mi_rcu_service.o(.text.mi_rcu_request_stop_voice)
    mi_rcu_service_init                      0x02029a1d   Thumb Code  2404  mi_rcu_service.o(.text.mi_rcu_service_init)
    mi_rcu_user_msg_handler                  0x0202a381   Thumb Code    90  mi_rcu_service.o(.text.mi_rcu_user_msg_handler)
    pair_bond_connected                      0x0202a411   Thumb Code    94  pair_bond.o(.text.pair_bond_connected)
    pair_bond_event_disconnect               0x0202a471   Thumb Code    36  pair_bond.o(.text.pair_bond_event_disconnect)
    pair_bond_init                           0x0202a495   Thumb Code   156  pair_bond.o(.text.pair_bond_init)
    print_addr                               0x0202a595   Thumb Code    64  profile.o(.text.print_addr)
    program_flash                            0x0202a62d   Thumb Code    26  eflash.o(.text.program_flash)
    read_from_flash                          0x0202a649   Thumb Code    30  main.o(.text.read_from_flash)
    setup_peripherals                        0x0202a6ad   Thumb Code    30  main.o(.text.setup_peripherals)
    setup_profile                            0x0202a6cd   Thumb Code    94  profile.o(.text.setup_profile)
    trace_rtt_init                           0x0202a9b9   Thumb Code    14  trace.o(.text.trace_rtt_init)
    update_ir                                0x0202aa75   Thumb Code    90  pair_bond.o(.text.update_ir)
    __scatterload_copy                       0x0202acd7   Thumb Code    14  handlers.o(i.__scatterload_copy)
    __scatterload_null                       0x0202ace5   Thumb Code     2  handlers.o(i.__scatterload_null)
    __scatterload_zeroinit                   0x0202ace7   Thumb Code    14  handlers.o(i.__scatterload_zeroinit)
    free                                     0x0202acf5   Thumb Code    76  malloc.o(i.free)
    Region$$Table$$Base                      0x0202b268   Number         0  anon$$obj.o(Region$$Table)
    Region$$Table$$Limit                     0x0202b288   Number         0  anon$$obj.o(Region$$Table)
    __microlib_freelist                      0x20005438   Data           4  mvars.o(.data)
    g_fun_bt_send_data                       0x2000544c   Data           4  profile.o(.data.g_fun_bt_send_data)
    g_power_off_save_data_in_ram             0x20005450   Data         168  sdk_private_flash_data.o(.data.g_power_off_save_data_in_ram)
    handle_send                              0x200054f8   Data           2  profile.o(.data.handle_send)
    hid_notify_voice_request_data            0x200054fa   Data           8  mi_rcu_service.o(.data.hid_notify_voice_request_data)
    notify_voice_control_data                0x20005523   Data          20  mi_rcu_service.o(.data.notify_voice_control_data)
    sm_persistent                            0x20005540   Data          39  pair_bond.o(.data.sm_persistent)
    _SEGGER_RTT                              0x200055b8   Data          72  trace.o(.bss._SEGGER_RTT)
    trace_ctx                                0x20006cb2   Data           1  main.o(.bss.trace_ctx)
    __initial_sp                             0x20006d44   Data           0  startup_ing91600.o(STACK)



==============================================================================

Memory Map of the image

  Image Entry point : 0x02028009

  Load Region LR_IROM1 (Base: 0x02028000, Size: 0x000033b8, Max: 0x00058000, ABSOLUTE, COMPRESSED[0x00003340])

    Execution Region ER_IROM1 (Exec base: 0x02028000, Load base: 0x02028000, Size: 0x00003288, Max: 0x00058000, ABSOLUTE)

    Exec Addr    Load Addr    Size         Type   Attr      Idx    E Section Name        Object

    0x02028000   0x02028000   0x00000008   Data   RO          150    RESET               startup_ing91600.o
    0x02028008   0x02028008   0x00000000   Code   RO         2795  * .ARM.Collect$$$$00000000  mc_w.l(entry.o)
    0x02028008   0x02028008   0x00000004   Code   RO         2927    .ARM.Collect$$$$00000001  mc_w.l(entry2.o)
    0x0202800c   0x0202800c   0x00000004   Code   RO         2930    .ARM.Collect$$$$00000004  mc_w.l(entry5.o)
    0x02028010   0x02028010   0x00000000   Code   RO         2932    .ARM.Collect$$$$00000008  mc_w.l(entry7b.o)
    0x02028010   0x02028010   0x00000000   Code   RO         2934    .ARM.Collect$$$$0000000A  mc_w.l(entry8b.o)
    0x02028010   0x02028010   0x00000008   Code   RO         2935    .ARM.Collect$$$$0000000B  mc_w.l(entry9a.o)
    0x02028018   0x02028018   0x00000000   Code   RO         2937    .ARM.Collect$$$$0000000D  mc_w.l(entry10a.o)
    0x02028018   0x02028018   0x00000000   Code   RO         2939    .ARM.Collect$$$$0000000F  mc_w.l(entry11a.o)
    0x02028018   0x02028018   0x00000004   Code   RO         2928    .ARM.Collect$$$$00002712  mc_w.l(entry2.o)
    0x0202801c   0x0202801c   0x00000028   Code   RO          151    .text               startup_ing91600.o
    0x02028044   0x02028044   0x00000024   Code   RO         2796    .text               mc_w.l(init.o)
    0x02028068   0x02028068   0x00000024   Code   RO         2804    .text               mc_w.l(memcpya.o)
    0x0202808c   0x0202808c   0x00000012   Code   RO         2812    .text               mc_w.l(strcpy.o)
    0x0202809e   0x0202809e   0x0000003a   Code   RO         2995    .text               mc_w.l(__dczerorl.o)
    0x020280d8   0x020280d8   0x00000010   Code   RO          269    .text.ADC_GetBusyStatus  peripheral_adc.o
    0x020280e8   0x020280e8   0x00000034   Code   RO          237    .text.ADC_RegClr    peripheral_adc.o
    0x0202811c   0x0202811c   0x00000032   Code   RO          243    .text.ADC_RegRd     peripheral_adc.o
    0x0202814e   0x0202814e   0x00000002   PAD
    0x02028150   0x02028150   0x0000002e   Code   RO          233    .text.ADC_RegWr     peripheral_adc.o
    0x0202817e   0x0202817e   0x00000002   PAD
    0x02028180   0x02028180   0x0000006e   Code   RO          301    .text.ADC_Start     peripheral_adc.o
    0x020281ee   0x020281ee   0x00000002   PAD
    0x020281f0   0x020281f0   0x0000001e   Code   RO          940    .text.DMA_AbortChannel  peripheral_dma.o
    0x0202820e   0x0202820e   0x00000002   PAD
    0x02028210   0x02028210   0x00000036   Code   RO         1342    .text.DMA_PingPongDisable  pingpong.o
    0x02028246   0x02028246   0x00000002   PAD
    0x02028248   0x02028248   0x00000036   Code   RO          936    .text.DMA_Reset     peripheral_dma.o
    0x0202827e   0x0202827e   0x00000002   PAD
    0x02028280   0x02028280   0x00000074   Code   RO          343    .text.GIO_WriteValue  peripheral_gpio.o
    0x020282f4   0x020282f4   0x00000048   Code   RO         2587    .text.Reload_Ir     pair_bond.o
    0x0202833c   0x0202833c   0x00000022   Code   RO         1153    .text.SEGGER_RTT_GetAvailWriteSpace  trace.o
    0x0202835e   0x0202835e   0x00000002   PAD
    0x02028360   0x02028360   0x00000008   Code   RO         1145    .text.SEGGER_RTT_Init  trace.o
    0x02028368   0x02028368   0x00000048   Code   RO         1109    .text.SEGGER_RTT_Write  trace.o
    0x020283b0   0x020283b0   0x000000b0   Code   RO         1105    .text.SEGGER_RTT_WriteNoLock  trace.o
    0x02028460   0x02028460   0x00000016   Code   RO          683    .text.SYSCTRL_ClearClkGate  peripheral_sysctrl.o
    0x02028476   0x02028476   0x00000002   PAD
    0x02028478   0x02028478   0x00000042   Code   RO          687    .text.SYSCTRL_ClearClkGateMulti  peripheral_sysctrl.o
    0x020284ba   0x020284ba   0x00000002   PAD
    0x020284bc   0x020284bc   0x00000386   Code   RO          681    .text.SYSCTRL_ClkGateCtrl  peripheral_sysctrl.o
    0x02028842   0x02028842   0x00000002   PAD
    0x02028844   0x02028844   0x00000014   Code   RO          905    .text.UART_SendData  peripheral_uart.o
    0x02028858   0x02028858   0x0000009c   Code   RO         1087    .text._DoInit       trace.o
    0x020288f4   0x020288f4   0x0000003e   Code   RO         1099    .text._GetAvailWriteSpace  trace.o
    0x02028932   0x02028932   0x00000002   PAD
    0x02028934   0x02028934   0x000000e0   Code   RO         1103    .text._WriteBlocking  trace.o
    0x02028a14   0x02028a14   0x00000080   Code   RO         1101    .text._WriteNoCheck  trace.o
    0x02028a94   0x02028a94   0x00000074   Code   RO          859    .text.apUART_BaudRateSet  peripheral_uart.o
    0x02028b08   0x02028b08   0x00000010   Code   RO          865    .text.apUART_Check_RXFIFO_EMPTY  peripheral_uart.o
    0x02028b18   0x02028b18   0x00000010   Code   RO          871    .text.apUART_Check_TXFIFO_FULL  peripheral_uart.o
    0x02028b28   0x02028b28   0x0000000c   Code   RO          889    .text.apUART_Get_all_raw_int_stat  peripheral_uart.o
    0x02028b34   0x02028b34   0x00000098   Code   RO          903    .text.apUART_Initialize  peripheral_uart.o
    0x02028bcc   0x02028bcc   0x0000009a   Code   RO           16    .text.app_main      main.o
    0x02028c66   0x02028c66   0x00000002   PAD
    0x02028c68   0x02028c68   0x000000ca   Code   RO         1244    .text.att_db_util_add_attribute_uuid128  att_db_util.o
    0x02028d32   0x02028d32   0x00000002   PAD
    0x02028d34   0x02028d34   0x000000d4   Code   RO         1230    .text.att_db_util_add_attribute_uuid16  att_db_util.o
    0x02028e08   0x02028e08   0x000000b8   Code   RO         1242    .text.att_db_util_add_characteristic_uuid128  att_db_util.o
    0x02028ec0   0x02028ec0   0x000000b8   Code   RO         1240    .text.att_db_util_add_characteristic_uuid16  att_db_util.o
    0x02028f78   0x02028f78   0x00000028   Code   RO         1234    .text.att_db_util_add_descriptor_uuid16  att_db_util.o
    0x02028fa0   0x02028fa0   0x00000022   Code   RO         1238    .text.att_db_util_add_service_uuid128  att_db_util.o
    0x02028fc2   0x02028fc2   0x00000002   PAD
    0x02028fc4   0x02028fc4   0x00000022   Code   RO         1236    .text.att_db_util_add_service_uuid16  att_db_util.o
    0x02028fe6   0x02028fe6   0x00000002   PAD
    0x02028fe8   0x02028fe8   0x0000003a   Code   RO         1232    .text.att_db_util_assert_space  att_db_util.o
    0x02029022   0x02029022   0x00000002   PAD
    0x02029024   0x02029024   0x0000000c   Code   RO         1246    .text.att_db_util_get_address  att_db_util.o
    0x02029030   0x02029030   0x00000044   Code   RO         1226    .text.att_db_util_init  att_db_util.o
    0x02029074   0x02029074   0x00000026   Code   RO         1228    .text.att_db_util_set_end_tag  att_db_util.o
    0x0202909a   0x0202909a   0x00000002   PAD
    0x0202909c   0x0202909c   0x0000006e   Code   RO           43    .text.att_read_callback  profile.o
    0x0202910a   0x0202910a   0x00000002   PAD
    0x0202910c   0x0202910c   0x00000078   Code   RO           45    .text.att_write_callback  profile.o
    0x02029184   0x02029184   0x00000036   Code   RO         1274    .text.audio_adc_input_stop  audio_input.o
    0x020291ba   0x020291ba   0x00000002   PAD
    0x020291bc   0x020291bc   0x00000054   Code   RO         1301    .text.audio_create_queue_task  audio_service.o
    0x02029210   0x02029210   0x0000001e   Code   RO         1307    .text.audio_get_block_buff  audio_service.o
    0x0202922e   0x0202922e   0x00000002   PAD
    0x02029230   0x02029230   0x00000008   Code   RO         1297    .text.audio_input_stop  audio_service.o
    0x02029238   0x02029238   0x00000024   Code   RO         1293    .text.audio_start   audio_service.o
    0x0202925c   0x0202925c   0x0000000c   Code   RO         1295    .text.audio_stop_sample  audio_service.o
    0x02029268   0x02029268   0x00000072   Code   RO         1303    .text.audio_task    audio_service.o
    0x020292da   0x020292da   0x00000002   PAD
    0x020292dc   0x020292dc   0x0000000c   Code   RO           53    .text.btstack_event_state_get_state  profile.o
    0x020292e8   0x020292e8   0x00000056   Code   RO            2    .text.cb_hard_fault  main.o
    0x0202933e   0x0202933e   0x00000002   PAD
    0x02029340   0x02029340   0x00000034   Code   RO            4    .text.cb_putc       main.o
    0x02029374   0x02029374   0x0000007e   Code   RO         1165    .text.cb_trace_rtt  trace.o
    0x020293f2   0x020293f2   0x00000002   PAD
    0x020293f4   0x020293f4   0x0000003a   Code   RO         2579    .text.clear_pairing_data  pair_bond.o
    0x0202942e   0x0202942e   0x00000002   PAD
    0x02029430   0x02029430   0x00000056   Code   RO            8    .text.config_uart   main.o
    0x02029486   0x02029486   0x00000002   PAD
    0x02029488   0x02029488   0x00000034   Code   RO           12    .text.db_write_to_flash  main.o
    0x020294bc   0x020294bc   0x0000001e   Code   RO           37    .text.gap_disconnect_in_stack  profile.o
    0x020294da   0x020294da   0x00000002   PAD
    0x020294dc   0x020294dc   0x0000000c   Code   RO           55    .text.hci_event_le_meta_get_subevent_code  profile.o
    0x020294e8   0x020294e8   0x0000000c   Code   RO           51    .text.hci_event_packet_get_type  profile.o
    0x020294f4   0x020294f4   0x0000000c   Code   RO         2597    .text.hci_event_packet_get_type  pair_bond.o
    0x02029500   0x02029500   0x0000000c   Code   RO           57    .text.hci_event_packet_get_user_msg  profile.o
    0x0202950c   0x0202950c   0x0000001c   Code   RO           49    .text.init_service  profile.o
    0x02029528   0x02029528   0x00000024   Code   RO           24    .text.kb_input_char  main.o
    0x0202954c   0x0202954c   0x000000d4   Code   RO           80    .text.mi_rcu_att_read_callback  mi_rcu_service.o
    0x02029620   0x02029620   0x00000140   Code   RO           82    .text.mi_rcu_att_write_callback  mi_rcu_service.o
    0x02029760   0x02029760   0x0000001c   Code   RO           84    .text.mi_rcu_audio_trigger_send  mi_rcu_service.o
    0x0202977c   0x0202977c   0x00000018   Code   RO           88    .text.mi_rcu_event_connected  mi_rcu_service.o
    0x02029794   0x02029794   0x000000ae   Code   RO           96    .text.mi_rcu_kb_send_report  mi_rcu_service.o
    0x02029842   0x02029842   0x00000002   PAD
    0x02029844   0x02029844   0x00000060   Code   RO           98    .text.mi_rcu_request_send_voice  mi_rcu_service.o
    0x020298a4   0x020298a4   0x0000005e   Code   RO          100    .text.mi_rcu_request_stop_voice  mi_rcu_service.o
    0x02029902   0x02029902   0x00000002   PAD
    0x02029904   0x02029904   0x00000118   Code   RO           94    .text.mi_rcu_send_voice_data  mi_rcu_service.o
    0x02029a1c   0x02029a1c   0x00000964   Code   RO           78    .text.mi_rcu_service_init  mi_rcu_service.o
    0x0202a380   0x0202a380   0x0000005a   Code   RO           92    .text.mi_rcu_user_msg_handler  mi_rcu_service.o
    0x0202a3da   0x0202a3da   0x00000002   PAD
    0x0202a3dc   0x0202a3dc   0x0000000c   Code   RO         1299    .text.mic_power_down  audio_service.o
    0x0202a3e8   0x0202a3e8   0x00000026   Code   RO           86    .text.notify_battery_level  mi_rcu_service.o
    0x0202a40e   0x0202a40e   0x00000002   PAD
    0x0202a410   0x0202a410   0x0000005e   Code   RO         2583    .text.pair_bond_connected  pair_bond.o
    0x0202a46e   0x0202a46e   0x00000002   PAD
    0x0202a470   0x0202a470   0x00000024   Code   RO         2585    .text.pair_bond_event_disconnect  pair_bond.o
    0x0202a494   0x0202a494   0x0000009c   Code   RO         2589    .text.pair_bond_init  pair_bond.o
    0x0202a530   0x0202a530   0x0000000e   Code   RO         2607    .text.pair_bond_ok  pair_bond.o
    0x0202a53e   0x0202a53e   0x00000002   PAD
    0x0202a540   0x0202a540   0x00000052   Code   RO         2609    .text.peer_is_paired  pair_bond.o
    0x0202a592   0x0202a592   0x00000002   PAD
    0x0202a594   0x0202a594   0x00000040   Code   RO           39    .text.print_addr    profile.o
    0x0202a5d4   0x0202a5d4   0x00000058   Code   RO           61    .text.profile_user_msg_handler  profile.o
    0x0202a62c   0x0202a62c   0x0000001a   Code   RO          160    .text.program_flash  eflash.o
    0x0202a646   0x0202a646   0x00000002   PAD
    0x0202a648   0x0202a648   0x0000001e   Code   RO           14    .text.read_from_flash  main.o
    0x0202a666   0x0202a666   0x00000002   PAD
    0x0202a668   0x0202a668   0x00000010   Code   RO           35    .text.send_data     profile.o
    0x0202a678   0x0202a678   0x00000032   Code   RO          697    .text.set_reg_bit   peripheral_sysctrl.o
    0x0202a6aa   0x0202a6aa   0x00000002   PAD
    0x0202a6ac   0x0202a6ac   0x0000001e   Code   RO           10    .text.setup_peripherals  main.o
    0x0202a6ca   0x0202a6ca   0x00000002   PAD
    0x0202a6cc   0x0202a6cc   0x0000005e   Code   RO           41    .text.setup_profile  profile.o
    0x0202a72a   0x0202a72a   0x00000002   PAD
    0x0202a72c   0x0202a72c   0x0000000c   Code   RO         2615    .text.sm_event_identity_resolving_failed_get_handle  pair_bond.o
    0x0202a738   0x0202a738   0x0000000e   Code   RO         2613    .text.sm_event_identity_resolving_succeeded_get_le_device_db_index  pair_bond.o
    0x0202a746   0x0202a746   0x00000002   PAD
    0x0202a748   0x0202a748   0x0000000c   Code   RO         2599    .text.sm_event_just_works_request_get_handle  pair_bond.o
    0x0202a754   0x0202a754   0x0000000c   Code   RO         2603    .text.sm_event_passkey_display_number_get_handle  pair_bond.o
    0x0202a760   0x0202a760   0x0000000e   Code   RO         2605    .text.sm_event_passkey_display_number_get_passkey  pair_bond.o
    0x0202a76e   0x0202a76e   0x00000002   PAD
    0x0202a770   0x0202a770   0x0000000c   Code   RO         2601    .text.sm_event_passkey_input_number_get_handle  pair_bond.o
    0x0202a77c   0x0202a77c   0x0000023a   Code   RO         2595    .text.sm_packet_handler  pair_bond.o
    0x0202a9b6   0x0202a9b6   0x00000002   PAD
    0x0202a9b8   0x0202a9b8   0x0000000e   Code   RO         1179    .text.trace_rtt_init  trace.o
    0x0202a9c6   0x0202a9c6   0x00000002   PAD
    0x0202a9c8   0x0202a9c8   0x00000040   Code   RO         2591    .text.traversing_device_db  pair_bond.o
    0x0202aa08   0x0202aa08   0x0000006c   Code   RO           18    .text.uart_isr      main.o
    0x0202aa74   0x0202aa74   0x0000005a   Code   RO         2581    .text.update_ir     pair_bond.o
    0x0202aace   0x0202aace   0x00000002   PAD
    0x0202aad0   0x0202aad0   0x00000066   Code   RO           59    .text.user_msg_handler  profile.o
    0x0202ab36   0x0202ab36   0x00000002   PAD
    0x0202ab38   0x0202ab38   0x0000019c   Code   RO           47    .text.user_packet_handler  profile.o
    0x0202acd4   0x0202acd4   0x00000002   Code   RO         2611    .text.wait_master_clear_pair_info  pair_bond.o
    0x0202acd6   0x0202acd6   0x0000000e   Code   RO         2989    i.__scatterload_copy  mc_w.l(handlers.o)
    0x0202ace4   0x0202ace4   0x00000002   Code   RO         2990    i.__scatterload_null  mc_w.l(handlers.o)
    0x0202ace6   0x0202ace6   0x0000000e   Code   RO         2991    i.__scatterload_zeroinit  mc_w.l(handlers.o)
    0x0202acf4   0x0202acf4   0x00000050   Code   RO         2844    i.free              mc_w.l(malloc.o)
    0x0202ad44   0x0202ad44   0x00000093   Data   RO          107    .rodata.KB_REPORT_MAP  mi_rcu_service.o
    0x0202add7   0x0202add7   0x0000001a   Data   RO           69    .rodata.adv_data    profile.o
    0x0202adf1   0x0202adf1   0x00000010   Data   RO          123    .rodata.mi_rcu_char_dfu_control_point_uuid128  mi_rcu_service.o
    0x0202ae01   0x0202ae01   0x00000010   Data   RO          124    .rodata.mi_rcu_char_dfu_packet_uuid128  mi_rcu_service.o
    0x0202ae11   0x0202ae11   0x00000010   Data   RO          121    .rodata.mi_rcu_char_notify_uuid128  mi_rcu_service.o
    0x0202ae21   0x0202ae21   0x00000010   Data   RO          120    .rodata.mi_rcu_char_write_no_resp_uuid128  mi_rcu_service.o
    0x0202ae31   0x0202ae31   0x00000010   Data   RO          122    .rodata.mi_rcu_char_write_uuid128  mi_rcu_service.o
    0x0202ae41   0x0202ae41   0x00000002   Data   RO          111    .rodata.mi_rcu_kb_desc_output_report  mi_rcu_service.o
    0x0202ae43   0x0202ae43   0x00000010   Data   RO          119    .rodata.mi_rcu_service_uuid128  mi_rcu_service.o
    0x0202ae53   0x0202ae53   0x0000001d   Data   RO           70    .rodata.scan_data   profile.o
    0x0202ae70   0x0202ae70   0x0000008a   Data   RO           26    .rodata.str1.1      main.o
    0x0202aefa   0x0202aefa   0x000000b9   Data   RO           65    .rodata.str1.1      profile.o
    0x0202afb3   0x0202afb3   0x000000d0   Data   RO          102    .rodata.str1.1      mi_rcu_service.o
    0x0202b083   0x0202b083   0x00000014   Data   RO         1214    .rodata.str1.1      trace.o
    0x0202b097   0x0202b097   0x0000002e   Data   RO         1278    .rodata.str1.1      audio_input.o
    0x0202b0c5   0x0202b0c5   0x0000000f   Data   RO         1318    .rodata.str1.1      audio_service.o
    0x0202b0d4   0x0202b0d4   0x0000018d   Data   RO         2619    .rodata.str1.1      pair_bond.o
    0x0202b261   0x0202b261   0x00000001   PAD
    0x0202b262   0x0202b262   0x00000006   Data   RO           68    .rodata.user_packet_handler.adv_sets_en  profile.o
    0x0202b268   0x0202b268   0x00000020   Data   RO         2988    Region$$Table       anon$$obj.o


    Execution Region RW_IRAM1 (Exec base: 0x20005438, Load base: 0x0202b288, Size: 0x0000190c, Max: 0x00002bc8, ABSOLUTE, COMPRESSED[0x000000b8])

    Exec Addr    Load Addr    Size         Type   Attr      Idx    E Section Name        Object

    0x20005438   COMPRESSED   0x00000004   Data   RW         2959    .data               mc_w.l(mvars.o)
    0x2000543c   COMPRESSED   0x00000008   Data   RW          103    .data.att_read_con_para  mi_rcu_service.o
    0x20005444   COMPRESSED   0x00000007   Data   RW          104    .data.att_read_pnp_id_data  mi_rcu_service.o
    0x2000544b   COMPRESSED   0x00000001   PAD
    0x2000544c   COMPRESSED   0x00000004   Data   RW           64    .data.g_fun_bt_send_data  profile.o
    0x20005450   COMPRESSED   0x000000a8   Data   RW         2536    .data.g_power_off_save_data_in_ram  sdk_private_flash_data.o
    0x200054f8   COMPRESSED   0x00000002   Data   RW           63    .data.handle_send   profile.o
    0x200054fa   COMPRESSED   0x00000008   Data   RW          132    .data.hid_notify_voice_request_data  mi_rcu_service.o
    0x20005502   COMPRESSED   0x00000002   Data   RW          105    .data.mi_rcu_att_notify_battery_handle  mi_rcu_service.o
    0x20005504   COMPRESSED   0x00000002   Data   RW          129    .data.mi_rcu_con_handle  mi_rcu_service.o
    0x20005506   COMPRESSED   0x00000004   Data   RW          106    .data.mi_rcu_hid_info  mi_rcu_service.o
    0x2000550a   COMPRESSED   0x00000002   Data   RW          113    .data.mi_rcu_kb_desc_feature_report  mi_rcu_service.o
    0x2000550c   COMPRESSED   0x00000002   Data   RW          110    .data.mi_rcu_kb_desc_input_report  mi_rcu_service.o
    0x2000550e   COMPRESSED   0x00000001   Data   RW          130    .data.mi_rcu_protocol_mode  mi_rcu_service.o
    0x2000550f   COMPRESSED   0x00000013   Data   RW          118    .data.mi_rcu_ver_report  mi_rcu_service.o
    0x20005522   COMPRESSED   0x00000001   Data   RW          127    .data.notify_battery_data  mi_rcu_service.o
    0x20005523   COMPRESSED   0x00000014   Data   RW          131    .data.notify_voice_control_data  mi_rcu_service.o
    0x20005537   COMPRESSED   0x00000001   PAD
    0x20005538   COMPRESSED   0x00000008   Data   RW         2621    .data.sm_event_callback_registration  pair_bond.o
    0x20005540   COMPRESSED   0x00000027   Data   RW         2617    .data.sm_persistent  pair_bond.o
    0x20005567   COMPRESSED   0x00000001   PAD
    0x20005568        -       0x00000006   Zero   RW         2622    .bss.PeerAddr       pair_bond.o
    0x2000556e   COMPRESSED   0x00000002   PAD
    0x20005570        -       0x00000048   Zero   RW         1279    .bss.PingPong       audio_input.o
    0x200055b8        -       0x00000048   Zero   RW         1211    .bss._SEGGER_RTT    trace.o
    0x20005600        -       0x00000010   Zero   RW         1218    .bss._acDownBuffer  trace.o
    0x20005610        -       0x000001f4   Zero   RW         1217    .bss._acUpBuffer    trace.o
    0x20005804        -       0x00000004   Zero   RW         1254    .bss.att_db         att_db_util.o
    0x20005808        -       0x00000002   Zero   RW         1255    .bss.att_db_max_size  att_db_util.o
    0x2000580a        -       0x00000002   Zero   RW         1257    .bss.att_db_next_handle  att_db_util.o
    0x2000580c        -       0x00000002   Zero   RW         1256    .bss.att_db_size    att_db_util.o
    0x2000580e        -       0x000007d0   Zero   RW           67    .bss.att_db_storage  profile.o
    0x20005fde   COMPRESSED   0x00000002   PAD
    0x20005fe0        -       0x00000004   Zero   RW         1314    .bss.audio_data_porcess_callback  audio_service.o
    0x20005fe4        -       0x00000bb8   Zero   RW         1320    .bss.data_buffer    audio_service.o
    0x20006b9c        -       0x00000008   Zero   RW           66    .bss.hci_event_callback_registration  profile.o
    0x20006ba4        -       0x00000002   Zero   RW          109    .bss.mi_rcu_att_notify_hid_report_handle  mi_rcu_service.o
    0x20006ba6        -       0x00000002   Zero   RW          114    .bss.mi_rcu_att_notify_voice_control_handle  mi_rcu_service.o
    0x20006ba8        -       0x00000002   Zero   RW          115    .bss.mi_rcu_att_notify_voice_handle_ch1  mi_rcu_service.o
    0x20006baa        -       0x00000002   Zero   RW          116    .bss.mi_rcu_att_notify_voice_handle_ch2  mi_rcu_service.o
    0x20006bac        -       0x00000002   Zero   RW          117    .bss.mi_rcu_att_notify_voice_handle_ch3  mi_rcu_service.o
    0x20006bae        -       0x00000002   Zero   RW          112    .bss.mi_rcu_att_write_voice_control_handle  mi_rcu_service.o
    0x20006bb0        -       0x00000001   Zero   RW          126    .bss.mi_rcu_notify_enable  mi_rcu_service.o
    0x20006bb1        -       0x00000008   Zero   RW          108    .bss.mi_rcu_report  mi_rcu_service.o
    0x20006bb9   COMPRESSED   0x00000001   PAD
    0x20006bba        -       0x00000002   Zero   RW          134    .bss.next_block     mi_rcu_service.o
    0x20006bbc        -       0x00000003   Zero   RW          125    .bss.notify_voice_handle  mi_rcu_service.o
    0x20006bbf        -       0x00000001   Zero   RW          128    .bss.notify_voice_handle_index  mi_rcu_service.o
    0x20006bc0        -       0x00000001   Zero   RW         2620    .bss.resolve_fail   pair_bond.o
    0x20006bc1   COMPRESSED   0x00000001   PAD
    0x20006bc2        -       0x000000f0   Zero   RW         1321    .bss.sample_buf     audio_service.o
    0x20006cb2        -       0x00000001   Zero   RW           27    .bss.trace_ctx      main.o
    0x20006cb3        -       0x0000003c   Zero   RW         1315    .bss.ucQueueStorageArea  audio_service.o
    0x20006cef   COMPRESSED   0x00000001   PAD
    0x20006cf0        -       0x00000004   Zero   RW         1317    .bss.xSampleQueue   audio_service.o
    0x20006cf4        -       0x0000004c   Zero   RW         1316    .bss.xStaticSampleQueue  audio_service.o
    0x20006d40        -       0x00000004   Zero   RW          148    STACK               startup_ing91600.o


==============================================================================

Image component sizes


      Code (inc. data)   RO Data    RW Data    ZI Data      Debug   Object Name

      1066          0          0          0         10       3785   att_db_util.o
        54          0         46          0         72       5191   audio_input.o
       296          0         15          0       3384       4894   audio_service.o
        26          0          0          0          0       4158   eflash.o
       634          0        138          0          1       8703   main.o
      3760          0        453         76         27       8177   mi_rcu_service.o
      1326         32        397         47          7       8424   pair_bond.o
       274          0          0          0          0      12769   peripheral_adc.o
        84          0          0          0          0      10025   peripheral_dma.o
       116          0          0          0          0       7206   peripheral_gpio.o
      1040         50          0          0          0      22516   peripheral_sysctrl.o
       332          0          0          0          0       5784   peripheral_uart.o
        54          0          0          0          0       3458   pingpong.o
      1112          0        246          6       2008       7010   profile.o
         0          0          0        168          0       2404   sdk_private_flash_data.o
        40         12          8          0          4        432   startup_ing91600.o
      1000          0         20          0        588      22203   trace.o

    ----------------------------------------------------------------------
     11302         94       1356        300       6108     137139   Object Totals
         0          0         32          0          0          0   (incl. Generated)
        88          0          1          3          7          0   (incl. Padding)

    ----------------------------------------------------------------------

      Code (inc. data)   RO Data    RW Data    ZI Data      Debug   Library Member Name

        58          0          0          0          0          0   __dczerorl.o
         0          0          0          0          0          0   entry.o
         0          0          0          0          0          0   entry10a.o
         0          0          0          0          0          0   entry11a.o
         8          4          0          0          0          0   entry2.o
         4          0          0          0          0          0   entry5.o
         0          0          0          0          0          0   entry7b.o
         0          0          0          0          0          0   entry8b.o
         8          4          0          0          0          0   entry9a.o
        30          0          0          0          0          0   handlers.o
        36          8          0          0          0         68   init.o
        80          4          0          0          0         76   malloc.o
        36          0          0          0          0         68   memcpya.o
         0          0          0          4          0          0   mvars.o
        18          0          0          0          0         68   strcpy.o

    ----------------------------------------------------------------------
       278         20          0          4          0        280   Library Totals
         0          0          0          0          0          0   (incl. Padding)

    ----------------------------------------------------------------------

      Code (inc. data)   RO Data    RW Data    ZI Data      Debug   Library Name

       278         20          0          4          0        280   mc_w.l

    ----------------------------------------------------------------------
       278         20          0          4          0        280   Library Totals

    ----------------------------------------------------------------------

==============================================================================


      Code (inc. data)   RO Data    RW Data    ZI Data      Debug   

     11580        114       1356        304       6108     137319   Grand Totals
     11580        114       1356        184       6108     137319   ELF Image Totals (compressed)
     11580        114       1356        184          0          0   ROM Totals

==============================================================================

    Total RO  Size (Code + RO Data)                12936 (  12.63kB)
    Total RW  Size (RW Data + ZI Data)              6412 (   6.26kB)
    Total ROM Size (Code + RO Data + RW Data)      13120 (  12.81kB)

==============================================================================

