Component: ARM Compiler 6.16 Tool: armlink [5dfeaa00]

==============================================================================

Section Cross References

    main.o(.text.test_shutdown_wakeup) refers to peripheral_sysctrl.o(.text.SYSCTRL_ClearClkGateMulti) for SYSCTRL_ClearClkGateMulti
    main.o(.text.test_shutdown_wakeup) refers to peripheral_pinctrl.o(.text.PINCTRL_SetPadMux) for PINCTRL_SetPadMux
    main.o(.text.test_shutdown_wakeup) refers to peripheral_pinctrl.o(.text.PINCTRL_Pull) for PINCTRL_Pull
    main.o(.text.test_shutdown_wakeup) refers to peripheral_gpio.o(.text.GIO_SetDirection) for GIO_SetDirection
    main.o(.text.test_shutdown_wakeup) refers to peripheral_gpio.o(.text.GIO_ConfigIntSource) for GIO_ConfigIntSource
    main.o(.text.test_shutdown_wakeup) refers to peripheral_gpio.o(.text.GIO_EnableDeepSleepWakeupSource) for GIO_EnableDeepSleepWakeupSource
    main.o(.text.test_shutdown_wakeup) refers to peripheral_gpio.o(.text.GIO_EnableDeeperSleepWakeupSourceGroupA) for GIO_EnableDeeperSleepWakeupSourceGroupA
    main.o(.text.test_shutdown_wakeup) refers to peripheral_gpio.o(.text.GIO_EnableRetentionGroupA) for GIO_EnableRetentionGroupA
    main.o(.text.test_shutdown_wakeup) refers to main.o(.rodata.str1.1) for .L.str
    main.o(.ARM.exidx.text.test_shutdown_wakeup) refers to main.o(.text.test_shutdown_wakeup) for [Anonymous Symbol]
    main.o(.ARM.exidx.text.test_wfi) refers to main.o(.text.test_wfi) for [Anonymous Symbol]
    main.o(.text.app_main) refers to main.o(.text.init_por) for init_por
    main.o(.text.app_main) refers to sdk_private_flash_data.o(.text.sdk_load_private_flash_data) for sdk_load_private_flash_data
    main.o(.text.app_main) refers to main.o(.text.db_write_to_flash) for db_write_to_flash
    main.o(.text.app_main) refers to main.o(.text.read_from_flash) for read_from_flash
    main.o(.text.app_main) refers to low_power.o(.ramfunc) for m_setup_peripherals
    main.o(.text.app_main) refers to peripheral_sysctrl.o(.text.SYSCTRL_Init) for SYSCTRL_Init
    main.o(.text.app_main) refers to main.o(.data.evt_cb_table) for evt_cb_table
    main.o(.text.app_main) refers to main.o(.text.system_tune_32k) for system_tune_32k
    main.o(.text.app_main) refers to main.o(.text.trim_rf_freq) for trim_rf_freq
    main.o(.text.app_main) refers to main.o(.rodata.str1.1) for .L.str.1
    main.o(.text.app_main) refers to main.o(.data.pub_addr_r) for pub_addr_r
    main.o(.text.app_main) refers to main.o(.bss.pub_addr) for pub_addr
    main.o(.text.app_main) refers to sdk_private_flash_data.o(.data.g_power_off_save_data_in_ram) for g_power_off_save_data_in_ram
    main.o(.text.app_main) refers to peripheral_sysctrl.o(.text.SYSCTRL_SelectMemoryBlocks) for SYSCTRL_SelectMemoryBlocks
    main.o(.ARM.exidx.text.app_main) refers to main.o(.text.app_main) for [Anonymous Symbol]
    main.o(.text.init_por) refers to main.o(.text.set_reg_bit) for set_reg_bit
    main.o(.text.init_por) refers to main.o(.text.set_reg_bits) for set_reg_bits
    main.o(.ARM.exidx.text.init_por) refers to main.o(.text.init_por) for [Anonymous Symbol]
    main.o(.text.db_write_to_flash) refers to main.o(.rodata.str1.1) for .L.str.2
    main.o(.text.db_write_to_flash) refers to eflash.o(.text.program_flash) for program_flash
    main.o(.ARM.exidx.text.db_write_to_flash) refers to main.o(.text.db_write_to_flash) for [Anonymous Symbol]
    main.o(.text.read_from_flash) refers to main.o(.rodata.str1.1) for .L.str.3
    main.o(.text.read_from_flash) refers to memcpya.o(.text) for __aeabi_memcpy
    main.o(.ARM.exidx.text.read_from_flash) refers to main.o(.text.read_from_flash) for [Anonymous Symbol]
    main.o(.text.system_tune_32k) refers to main.o(.text.setup_pll_clk_and_sleep_para) for setup_pll_clk_and_sleep_para
    main.o(.text.system_tune_32k) refers to main.o(.rodata.str1.1) for .L.str.7
    main.o(.ARM.exidx.text.system_tune_32k) refers to main.o(.text.system_tune_32k) for [Anonymous Symbol]
    main.o(.ARM.exidx.text.trim_rf_freq) refers to main.o(.text.trim_rf_freq) for [Anonymous Symbol]
    main.o(.ARM.exidx.text.set_reg_bit) refers to main.o(.text.set_reg_bit) for [Anonymous Symbol]
    main.o(.ARM.exidx.text.set_reg_bits) refers to main.o(.text.set_reg_bits) for [Anonymous Symbol]
    main.o(.text.cb_hard_fault) refers to main.o(.rodata.str1.1) for .L.str.4
    main.o(.ARM.exidx.text.cb_hard_fault) refers to main.o(.text.cb_hard_fault) for [Anonymous Symbol]
    main.o(.text.cb_assertion) refers to main.o(.rodata.str1.1) for .L.str.5
    main.o(.ARM.exidx.text.cb_assertion) refers to main.o(.text.cb_assertion) for [Anonymous Symbol]
    main.o(.text.cb_heap_out_of_mem) refers to main.o(.rodata.str1.1) for .L.str.6
    main.o(.ARM.exidx.text.cb_heap_out_of_mem) refers to main.o(.text.cb_heap_out_of_mem) for [Anonymous Symbol]
    main.o(.text.setup_pll_clk_and_sleep_para) refers to peripheral_sysctrl.o(.text.SYSCTRL_EnableConfigClocksAfterWakeup) for SYSCTRL_EnableConfigClocksAfterWakeup
[...]
    _double_epilogue                         0x02028add   Thumb Code   156  depilogue.o(.text)
    __aeabi_d2ulz                            0x02028b79   Thumb Code    48  dfixul.o(.text)
    __aeabi_cdrcmple                         0x02028ba9   Thumb Code    48  cdrcmple.o(.text)
    __decompress                             0x02028bd9   Thumb Code     0  __dczerorl2.o(.text)
    __decompress1                            0x02028bd9   Thumb Code    86  __dczerorl2.o(.text)
    ADC_Calibration                          0x02028ca5   Thumb Code   160  peripheral_adc.o(.text.ADC_Calibration)
    ADC_ClrFifo                              0x02028d79   Thumb Code    14  peripheral_adc.o(.text.ADC_ClrFifo)
    ADC_ConvCfg                              0x02028d89   Thumb Code   160  peripheral_adc.o(.text.ADC_ConvCfg)
    ADC_DmaEnable                            0x02028e29   Thumb Code    42  peripheral_adc.o(.text.ADC_DmaEnable)
    ADC_EnableChannel                        0x02028e55   Thumb Code   296  peripheral_adc.o(.text.ADC_EnableChannel)
    ADC_EnableCtrlSignal                     0x02028f7d   Thumb Code    32  peripheral_adc.o(.text.ADC_EnableCtrlSignal)
    ADC_GetBusyStatus                        0x02029129   Thumb Code    16  peripheral_adc.o(.text.ADC_GetBusyStatus)
    ADC_GetDataChannel                       0x02029139   Thumb Code    78  peripheral_adc.o(.text.ADC_GetDataChannel)
    ADC_GetInputMode                         0x02029189   Thumb Code    16  peripheral_adc.o(.text.ADC_GetInputMode)
    ADC_GetIntStatus                         0x02029199   Thumb Code    16  peripheral_adc.o(.text.ADC_GetIntStatus)
    ADC_GetPgaStatus                         0x020291a9   Thumb Code    16  peripheral_adc.o(.text.ADC_GetPgaStatus)
    ADC_IntEnable                            0x020291b9   Thumb Code    42  peripheral_adc.o(.text.ADC_IntEnable)
    ADC_PgaEnable                            0x020291e5   Thumb Code    42  peripheral_adc.o(.text.ADC_PgaEnable)
    ADC_PgaParaSet                           0x02029249   Thumb Code    40  peripheral_adc.o(.text.ADC_PgaParaSet)
    ADC_Reset                                0x02029349   Thumb Code    78  peripheral_adc.o(.text.ADC_Reset)
    ADC_SetAdcCtrlMode                       0x02029399   Thumb Code    44  peripheral_adc.o(.text.ADC_SetAdcCtrlMode)
    ADC_SetAdcMode                           0x020293c5   Thumb Code    44  peripheral_adc.o(.text.ADC_SetAdcMode)
    ADC_SetDmaTrig                           0x02029419   Thumb Code    46  peripheral_adc.o(.text.ADC_SetDmaTrig)
    ADC_SetInputMode                         0x02029449   Thumb Code    64  peripheral_adc.o(.text.ADC_SetInputMode)
    ADC_SetIntTrig                           0x02029489   Thumb Code    46  peripheral_adc.o(.text.ADC_SetIntTrig)
    ADC_SetLoopDelay                         0x020294b9   Thumb Code    68  peripheral_adc.o(.text.ADC_SetLoopDelay)
    ADC_Start                                0x020294fd   Thumb Code   110  peripheral_adc.o(.text.ADC_Start)
    ADC_ftInit                               0x020295a9   Thumb Code  1232  peripheral_adc.o(.text.ADC_ftInit)
    DMA_AbortChannel                         0x02029a89   Thumb Code    30  peripheral_dma.o(.text.DMA_AbortChannel)
    DMA_ClearChannelIntState                 0x02029aa9   Thumb Code   132  peripheral_dma.o(.text.DMA_ClearChannelIntState)
    DMA_EnableChannel                        0x02029b2d   Thumb Code   100  peripheral_dma.o(.text.DMA_EnableChannel)
    DMA_GetChannelIntState                   0x02029b91   Thumb Code    70  peripheral_dma.o(.text.DMA_GetChannelIntState)
    DMA_PingPongDisable                      0x02029e45   Thumb Code    54  pingpong.o(.text.DMA_PingPongDisable)
    DMA_PingPongEnable                       0x02029e7d   Thumb Code   106  pingpong.o(.text.DMA_PingPongEnable)
    DMA_PingPongGetTransSize                 0x02029ee9   Thumb Code    12  pingpong.o(.text.DMA_PingPongGetTransSize)
    DMA_PingPongIntProc                      0x02029ef5   Thumb Code    76  pingpong.o(.text.DMA_PingPongIntProc)
    DMA_PingPongSetup                        0x02029f41   Thumb Code   200  pingpong.o(.text.DMA_PingPongSetup)
    DMA_PreparePeripheral2Mem                0x0202a009   Thumb Code   222  peripheral_dma.o(.text.DMA_PreparePeripheral2Mem)
    DMA_Reset                                0x0202a0e9   Thumb Code    54  peripheral_dma.o(.text.DMA_Reset)
    GIO_ClearAllIntStatus                    0x0202a2ad   Thumb Code    26  peripheral_gpio.o(.text.GIO_ClearAllIntStatus)
    GIO_ConfigIntSource                      0x0202a2c9   Thumb Code   202  peripheral_gpio.o(.text.GIO_ConfigIntSource)
    GIO_EnableDeepSleepWakeupSource          0x0202a395   Thumb Code   466  peripheral_gpio.o(.text.GIO_EnableDeepSleepWakeupSource)
    GIO_EnableRetentionGroupA                0x0202a569   Thumb Code    58  peripheral_gpio.o(.text.GIO_EnableRetentionGroupA)
    GIO_EnableRetentionGroupB                0x0202a5a5   Thumb Code   184  peripheral_gpio.o(.text.GIO_EnableRetentionGroupB)
    GIO_ReadAll                              0x0202a691   Thumb Code    28  peripheral_gpio.o(.text.GIO_ReadAll)
    GIO_SetDirection                         0x0202a6ad   Thumb Code   162  peripheral_gpio.o(.text.GIO_SetDirection)
    GIO_WriteValue                           0x0202a751   Thumb Code   116  peripheral_gpio.o(.text.GIO_WriteValue)
    Get_KeyScan_Set                          0x0202a7c5   Thumb Code    12  key_board.o(.text.Get_KeyScan_Set)
    KEYSCAN_DbClkSel                         0x0202ad2d   Thumb Code    58  peripheral_keyscan.o(.text.KEYSCAN_DbClkSel)
    KEYSCAN_GetIntStateFifoEmptyRaw          0x0202ad69   Thumb Code    48  peripheral_keyscan.o(.text.KEYSCAN_GetIntStateFifoEmptyRaw)
    KEYSCAN_GetKeyData                       0x0202ad99   Thumb Code    48  peripheral_keyscan.o(.text.KEYSCAN_GetKeyData)
    KEYSCAN_InitKeyScanToIdx                 0x0202aeb9   Thumb Code    96  peripheral_keyscan.o(.text.KEYSCAN_InitKeyScanToIdx)
    KEYSCAN_Initialize                       0x0202af19   Thumb Code   322  peripheral_keyscan.o(.text.KEYSCAN_Initialize)
    KEYSCAN_KeyDataToRowColIdx               0x0202b05d   Thumb Code    74  peripheral_keyscan.o(.text.KEYSCAN_KeyDataToRowColIdx)
    KEYSCAN_SetDebounceCounter               0x0202b185   Thumb Code    44  peripheral_keyscan.o(.text.KEYSCAN_SetDebounceCounter)
    KEYSCAN_SetDebounceEn                    0x0202b1b1   Thumb Code    44  peripheral_keyscan.o(.text.KEYSCAN_SetDebounceEn)
    KEYSCAN_SetDmaEn                         0x0202b1dd   Thumb Code    58  peripheral_keyscan.o(.text.KEYSCAN_SetDmaEn)
    KEYSCAN_SetDmaNumTrigInt                 0x0202b219   Thumb Code    42  peripheral_keyscan.o(.text.KEYSCAN_SetDmaNumTrigInt)
    KEYSCAN_SetFifoNumTrigInt                0x0202b245   Thumb Code    44  peripheral_keyscan.o(.text.KEYSCAN_SetFifoNumTrigInt)
    KEYSCAN_SetInColMask                     0x0202b271   Thumb Code    44  peripheral_keyscan.o(.text.KEYSCAN_SetInColMask)
    KEYSCAN_SetIntTrigEn                     0x0202b29d   Thumb Code    58  peripheral_keyscan.o(.text.KEYSCAN_SetIntTrigEn)
    KEYSCAN_SetOutRowMask                    0x0202b2d9   Thumb Code    44  peripheral_keyscan.o(.text.KEYSCAN_SetOutRowMask)
    KEYSCAN_SetReleaseTime                   0x0202b305   Thumb Code    44  peripheral_keyscan.o(.text.KEYSCAN_SetReleaseTime)
    KEYSCAN_SetScanInterval                  0x0202b331   Thumb Code    44  peripheral_keyscan.o(.text.KEYSCAN_SetScanInterval)
    KEYSCAN_SetScannerEn                     0x0202b35d   Thumb Code    58  peripheral_keyscan.o(.text.KEYSCAN_SetScannerEn)
    KEYSCAN_Setup                            0x0202b399   Thumb Code    78  vr_key.o(.text.KEYSCAN_Setup)
    PINCTRL_Pull                             0x0202b5b9   Thumb Code   144  peripheral_pinctrl.o(.text.PINCTRL_Pull)
    PINCTRL_SelKeyScanColIn                  0x0202b6d9   Thumb Code   220  peripheral_pinctrl.o(.text.PINCTRL_SelKeyScanColIn)
    PINCTRL_SetDriveStrength                 0x0202b7b5   Thumb Code   110  peripheral_pinctrl.o(.text.PINCTRL_SetDriveStrength)
    PINCTRL_SetPadMux                        0x0202b825   Thumb Code   422  peripheral_pinctrl.o(.text.PINCTRL_SetPadMux)
    Reload_Ir                                0x0202b9cd   Thumb Code    72  pair_bond.o(.text.Reload_Ir)
    SYSCTRL_ClearClkGate                     0x0202ba15   Thumb Code    22  peripheral_sysctrl.o(.text.SYSCTRL_ClearClkGate)
    SYSCTRL_ClearClkGateMulti                0x0202ba2d   Thumb Code    66  peripheral_sysctrl.o(.text.SYSCTRL_ClearClkGateMulti)
    SYSCTRL_EnableConfigClocksAfterWakeup    0x0202bdf9   Thumb Code   118  peripheral_sysctrl.o(.text.SYSCTRL_EnableConfigClocksAfterWakeup)
    SYSCTRL_EnableSlowRC                     0x0202be71   Thumb Code    96  peripheral_sysctrl.o(.text.SYSCTRL_EnableSlowRC)
    SYSCTRL_EnableWakeupSourceDetection      0x0202bed1   Thumb Code    20  peripheral_sysctrl.o(.text.SYSCTRL_EnableWakeupSourceDetection)
    SYSCTRL_GetDmaId                         0x0202bee5   Thumb Code   134  peripheral_sysctrl.o(.text.SYSCTRL_GetDmaId)
    SYSCTRL_Init                             0x0202bf6d   Thumb Code   202  peripheral_sysctrl.o(.text.SYSCTRL_Init)
    SYSCTRL_ReleaseBlock                     0x0202c039   Thumb Code    22  peripheral_sysctrl.o(.text.SYSCTRL_ReleaseBlock)
    SYSCTRL_SelectKeyScanClk                 0x0202c341   Thumb Code    74  peripheral_sysctrl.o(.text.SYSCTRL_SelectKeyScanClk)
    SYSCTRL_SelectMemoryBlocks               0x0202c38d   Thumb Code    54  peripheral_sysctrl.o(.text.SYSCTRL_SelectMemoryBlocks)
    SYSCTRL_SelectUsedDmaItems               0x0202c3c5   Thumb Code   200  peripheral_sysctrl.o(.text.SYSCTRL_SelectUsedDmaItems)
    SYSCTRL_SetAdcClkDiv                     0x0202c48d   Thumb Code    44  peripheral_sysctrl.o(.text.SYSCTRL_SetAdcClkDiv)
    SYSCTRL_SetLDOOutput                     0x0202c4b9   Thumb Code    36  peripheral_sysctrl.o(.text.SYSCTRL_SetLDOOutput)
    TMR_WatchDogRestart                      0x0202c4dd   Thumb Code    30  peripheral_timer.o(.text.TMR_WatchDogRestart)
    UART_SendData                            0x0202c4fd   Thumb Code    20  peripheral_uart.o(.text.UART_SendData)
    VR_key_Init                              0x0202c511   Thumb Code   136  vr_key.o(.text.VR_key_Init)
    adv_start                                0x0202c599   Thumb Code   100  profile.o(.text.adv_start)
    adv_user_msg_handler                     0x0202c629   Thumb Code    60  mi_rcu_adv.o(.text.adv_user_msg_handler)
    apUART_Check_TXFIFO_FULL                 0x0202c665   Thumb Code    16  peripheral_uart.o(.text.apUART_Check_TXFIFO_FULL)
    app_main                                 0x0202c675   Thumb Code   152  main.o(.text.app_main)
    app_setup_peripherals                    0x0202c70d   Thumb Code    26  mi_rcu_key.o(.text.app_setup_peripherals)
    att_db_util_add_attribute_uuid16         0x0202c7f5   Thumb Code   212  att_db_util.o(.text.att_db_util_add_attribute_uuid16)
    att_db_util_add_characteristic_uuid128   0x0202c8c9   Thumb Code   184  att_db_util.o(.text.att_db_util_add_characteristic_uuid128)
    att_db_util_add_characteristic_uuid16    0x0202c981   Thumb Code   184  att_db_util.o(.text.att_db_util_add_characteristic_uuid16)
    att_db_util_add_descriptor_uuid16        0x0202ca39   Thumb Code    40  att_db_util.o(.text.att_db_util_add_descriptor_uuid16)
    att_db_util_add_service_uuid128          0x0202ca61   Thumb Code    34  att_db_util.o(.text.att_db_util_add_service_uuid128)
    att_db_util_add_service_uuid16           0x0202ca85   Thumb Code    34  att_db_util.o(.text.att_db_util_add_service_uuid16)
    att_db_util_get_address                  0x0202cae5   Thumb Code    12  att_db_util.o(.text.att_db_util_get_address)
    att_db_util_init                         0x0202caf1   Thumb Code    68  att_db_util.o(.text.att_db_util_init)
    audio_adc_input_setup                    0x0202cc25   Thumb Code   160  audio_input_sim.o(.text.audio_adc_input_setup)
    audio_adc_input_start                    0x0202ccc5   Thumb Code    68  audio_input_sim.o(.text.audio_adc_input_start)
    audio_adc_input_stop                     0x0202cd09   Thumb Code    42  audio_input_sim.o(.text.audio_adc_input_stop)
    audio_create_queue_task                  0x0202cd35   Thumb Code   136  audio_service.o(.text.audio_create_queue_task)
    audio_denoise_init                       0x0202cdbd   Thumb Code   264  audio_denoise.o(.text.audio_denoise_init)
    audio_encode_init                        0x0202cec5   Thumb Code    98  audio_msbc.o(.text.audio_encode_init)
    audio_get_block_buff                     0x0202cf29   Thumb Code    50  audio_service.o(.text.audio_get_block_buff)
    audio_get_curr_block                     0x0202cf5d   Thumb Code    12  audio_service.o(.text.audio_get_curr_block)
    audio_rx_sample                          0x0202cff1   Thumb Code   252  audio_service.o(.text.audio_rx_sample)
    audio_start                              0x0202d0ed   Thumb Code    90  audio_service.o(.text.audio_start)
    audio_stop_sample                        0x0202d149   Thumb Code    12  audio_service.o(.text.audio_stop_sample)
    clear_pairing_data                       0x0202d245   Thumb Code    58  pair_bond.o(.text.clear_pairing_data)
    erase_flash_sector                       0x0202d41d   Thumb Code    26  eflash.o(.text.erase_flash_sector)
    flash_get_adc_calib_data                 0x0202d48d   Thumb Code    36  eflash.o(.text.flash_get_adc_calib_data)
    flash_get_factory_calib_data             0x0202d4b1   Thumb Code    36  eflash.o(.text.flash_get_factory_calib_data)
    flash_prepare_factory_data               0x0202d4d5   Thumb Code   156  eflash.o(.text.flash_prepare_factory_data)
    gap_disconnect_in_stack                  0x0202d571   Thumb Code    30  profile.o(.text.gap_disconnect_in_stack)
    is_already_paired                        0x0202d6a9   Thumb Code   102  pair_bond.o(.text.is_already_paired)
    key_board_start_int_trig                 0x0202d985   Thumb Code    32  key_board.o(.text.key_board_start_int_trig)
    key_board_start_scan                     0x0202d9a5   Thumb Code    34  key_board.o(.text.key_board_start_scan)
    key_board_task_init                      0x0202d9c9   Thumb Code    40  key_board.o(.text.key_board_task_init)
    key_board_wake_up_enable                 0x0202d9f1   Thumb Code    36  key_board.o(.text.key_board_wake_up_enable)
    key_current_state                        0x0202da51   Thumb Code    56  key_board.o(.text.key_current_state)
    key_row_col_to_id                        0x0202da89   Thumb Code    64  key_board.o(.text.key_row_col_to_id)
    key_state_is_changed                     0x0202dac9   Thumb Code    86  key_board.o(.text.key_state_is_changed)
    keyscan_bsp_enable_press_interrupt       0x0202db5d   Thumb Code   510  keyscan_bsp.o(.text.keyscan_bsp_enable_press_interrupt)
    keyscan_bsp_enable_wakeup_before_sleep   0x0202dd5d   Thumb Code   348  keyscan_bsp.o(.text.keyscan_bsp_enable_wakeup_before_sleep)
    low_power_clear_exit_reason              0x0202deb9   Thumb Code    44  low_power.o(.text.low_power_clear_exit_reason)
    low_power_create_timer                   0x0202dee5   Thumb Code   120  low_power.o(.text.low_power_create_timer)
    low_power_enter_saving                   0x0202df5d   Thumb Code    40  low_power.o(.text.low_power_enter_saving)
    low_power_exit_saving                    0x0202df85   Thumb Code   166  low_power.o(.text.low_power_exit_saving)
    mi_rcu_att_read_callback                 0x0202e20d   Thumb Code   212  mi_rcu_service.o(.text.mi_rcu_att_read_callback)
    mi_rcu_att_write_callback                0x0202e2e1   Thumb Code   444  mi_rcu_service.o(.text.mi_rcu_att_write_callback)
    mi_rcu_event_connected                   0x0202e4ad   Thumb Code    24  mi_rcu_service.o(.text.mi_rcu_event_connected)
    mi_rcu_event_disconnect                  0x0202e4c5   Thumb Code    34  mi_rcu_service.o(.text.mi_rcu_event_disconnect)
    mi_rcu_service_init                      0x0202e749   Thumb Code  1724  mi_rcu_service.o(.text.mi_rcu_service_init)
    mi_rcu_set_power_on_adv_data             0x0202ee05   Thumb Code   140  mi_rcu_service.o(.text.mi_rcu_set_power_on_adv_data)
    mi_rcu_user_msg_handler                  0x0202ef1d   Thumb Code   196  mi_rcu_service.o(.text.mi_rcu_user_msg_handler)
    pair_bond_connected                      0x0202f461   Thumb Code    94  pair_bond.o(.text.pair_bond_connected)
    pair_bond_event_disconnect               0x0202f4c1   Thumb Code    36  pair_bond.o(.text.pair_bond_event_disconnect)
    pair_bond_init                           0x0202f4e5   Thumb Code   134  pair_bond.o(.text.pair_bond_init)
    print_addr                               0x0202f671   Thumb Code    64  profile.o(.text.print_addr)
    program_flash                            0x0202f78d   Thumb Code    26  eflash.o(.text.program_flash)
    read_flash_security                      0x0202f7a9   Thumb Code    52  eflash.o(.text.read_flash_security)
    sbc_encode                               0x02035d19   Thumb Code   610  sbc.o(.text.sbc_encode)
    sbc_get_codesize                         0x02035fcd   Thumb Code   136  sbc.o(.text.sbc_get_codesize)
    sbc_get_frame_length                     0x02036055   Thumb Code   266  sbc.o(.text.sbc_get_frame_length)
    sbc_init_msbc                            0x02036161   Thumb Code   152  sbc.o(.text.sbc_init_msbc)
    sbc_init_primitives                      0x020361f9   Thumb Code   162  sbc_primitives.o(.text.sbc_init_primitives)
    sdk_load_private_flash_data              0x02037711   Thumb Code   260  sdk_private_flash_data.o(.text.sdk_load_private_flash_data)
    sdk_private_data_write_to_flash          0x02037815   Thumb Code    28  sdk_private_flash_data.o(.text.sdk_private_data_write_to_flash)
    setup_profile                            0x02037c29   Thumb Code    98  profile.o(.text.setup_profile)
    update_connection_parameter              0x020380ed   Thumb Code    20  profile.o(.text.update_connection_parameter)
    update_ir                                0x02038101   Thumb Code    90  pair_bond.o(.text.update_ir)
    vr_get_sys_status                        0x020383a1   Thumb Code    12  key_board.o(.text.vr_get_sys_status)
    vr_set_sys_status                        0x020383ad   Thumb Code    60  key_board.o(.text.vr_set_sys_status)
    vr_start_adv                             0x020383e9   Thumb Code    74  mi_rcu_adv.o(.text.vr_start_adv)
    vr_stop_adv                              0x02038435   Thumb Code    26  mi_rcu_adv.o(.text.vr_stop_adv)
    vr_system_before_sleep                   0x02038451   Thumb Code    14  mi_rcu_key.o(.text.vr_system_before_sleep)
    vr_system_start                          0x02038461   Thumb Code    40  mi_rcu_key.o(.text.vr_system_start)
    write_flash                              0x0203848d   Thumb Code   158  eflash.o(.text.write_flash)
    __0sprintf                               0x0203852d   Thumb Code    34  printfa.o(i.__0sprintf)
    __1sprintf                               0x0203852d   Thumb Code     0  printfa.o(i.__0sprintf)
    __2sprintf                               0x0203852d   Thumb Code     0  printfa.o(i.__0sprintf)
    __c89sprintf                             0x0203852d   Thumb Code     0  printfa.o(i.__0sprintf)
    sprintf                                  0x0203852d   Thumb Code     0  printfa.o(i.__0sprintf)
    __scatterload_copy                       0x02038555   Thumb Code    14  handlers.o(i.__scatterload_copy)
    __scatterload_null                       0x02038563   Thumb Code     2  handlers.o(i.__scatterload_null)
    __scatterload_zeroinit                   0x02038565   Thumb Code    14  handlers.o(i.__scatterload_zeroinit)
    free                                     0x02038e31   Thumb Code    76  malloc.o(i.free)
    malloc                                   0x02038e81   Thumb Code    92  malloc.o(i.malloc)
    audio_denoise_a4                         0x020392f0   Data        1024  audio_denoise.o(.rodata.audio_denoise_a4)
    audio_denoise_hanning                    0x020396f0   Data        1024  audio_denoise.o(.rodata.audio_denoise_hanning)
    io_output_source_map                     0x02039bf0   Data         798  peripheral_pinctrl.o(.rodata.io_output_source_map)
    Region$$Table$$Base                      0x0203a8e8   Number         0  anon$$obj.o(Region$$Table)
    Region$$Table$$Limit                     0x0203a908   Number         0  anon$$obj.o(Region$$Table)
    __microlib_freelist                      0x20005438   Data           4  mvars.o(.data)
    __microlib_freelist_initialised          0x2000543c   Data           4  mvars.o(.data)
    adv_data_power                           0x20005442   Data          31  mi_rcu_adv.o(.data.adv_data_power)
    g_fun_bt_send_data                       0x200055d8   Data           4  profile.o(.data.g_fun_bt_send_data)
    g_power_off_save_data_in_ram             0x200055dc   Data         172  sdk_private_flash_data.o(.data.g_power_off_save_data_in_ram)
    g_sample_rate                            0x20005688   Data           2  audio_input_sim.o(.data.g_sample_rate)
    handle_send                              0x200056b4   Data           2  profile.o(.data.handle_send)
    key_in_col                               0x20005748   Data           6  mi_rcu_key.o(.data.key_in_col)
    key_out_row                              0x2000574e   Data           8  mi_rcu_key.o(.data.key_out_row)
    notify_voice_control_data                0x20005797   Data          20  mi_rcu_service.o(.data.notify_voice_control_data)
    sm_persistent                            0x200057c0   Data          39  pair_bond.o(.data.sm_persistent)
    KeyTask_handler                          0x20005808   Data           4  vr_key.o(.bss.KeyTask_handler)
    Key_BinarySemaphore                      0x2000580c   Data           4  vr_key.o(.bss.Key_BinarySemaphore)
    adv_timer_call_back_fun                  0x2000586c   Data           4  mi_rcu_adv.o(.bss.adv_timer_call_back_fun)
    con_para_latency                         0x20006060   Data           2  profile.o(.bss.con_para_latency)
    denoise_handle                           0x20006064   Data           4  audio_denoise.o(.bss.denoise_handle)
    direct_param                             0x20006068   Data          23  pair_bond.o(.bss.direct_param)
    seq_cnt                                  0x2000648a   Data           2  audio_service.o(.bss.seq_cnt)
    voice_key_pressed                        0x20006492   Data           1  mi_rcu_key.o(.bss.voice_key_pressed)
    __heap_base                              0x20006508   Data           0  startup_ing91600.o(HEAP)
    __heap_limit                             0x20007d08   Data           0  startup_ing91600.o(HEAP)
    __initial_sp                             0x20007d0c   Data           0  startup_ing91600.o(STACK)



==============================================================================

Memory Map of the image

  Image Entry point : 0x02028009

  Load Region LR_IROM1 (Base: 0x02028000, Size: 0x00012cc0, Max: 0x00058000, ABSOLUTE, COMPRESSED[0x00012b00])

    Execution Region ER_IROM1 (Exec base: 0x02028000, Load base: 0x02028000, Size: 0x00012908, Max: 0x00058000, ABSOLUTE)

    Exec Addr    Load Addr    Size         Type   Attr      Idx    E Section Name        Object

    0x02028000   0x02028000   0x00000008   Data   RO          243    RESET               startup_ing91600.o
    0x02028008   0x02028008   0x00000000   Code   RO         2906  * .ARM.Collect$$$$00000000  mc_w.l(entry.o)
    0x02028008   0x02028008   0x00000004   Code   RO         3044    .ARM.Collect$$$$00000001  mc_w.l(entry2.o)
    0x0202800c   0x0202800c   0x00000004   Code   RO         3047    .ARM.Collect$$$$00000004  mc_w.l(entry5.o)
    0x02028010   0x02028010   0x00000000   Code   RO         3049    .ARM.Collect$$$$00000008  mc_w.l(entry7b.o)
    0x02028010   0x02028010   0x00000000   Code   RO         3051    .ARM.Collect$$$$0000000A  mc_w.l(entry8b.o)
    0x02028010   0x02028010   0x00000008   Code   RO         3052    .ARM.Collect$$$$0000000B  mc_w.l(entry9a.o)
    0x02028018   0x02028018   0x00000000   Code   RO         3054    .ARM.Collect$$$$0000000D  mc_w.l(entry10a.o)
    0x02028018   0x02028018   0x00000000   Code   RO         3056    .ARM.Collect$$$$0000000F  mc_w.l(entry11a.o)
    0x02028018   0x02028018   0x00000004   Code   RO         3045    .ARM.Collect$$$$00002712  mc_w.l(entry2.o)
    0x0202801c   0x0202801c   0x000005b6   Code   RO         2665    .ramfunc            low_power.o
    0x020285d2   0x020285d2   0x00000002   PAD
    0x020285d4   0x020285d4   0x00000028   Code   RO          244    .text               startup_ing91600.o
    0x020285fc   0x020285fc   0x00000024   Code   RO         2907    .text               mc_w.l(init.o)
    0x02028620   0x02028620   0x00000062   Code   RO         2911    .text               mc_w.l(uldiv.o)
    0x02028682   0x02028682   0x00000024   Code   RO         2915    .text               mc_w.l(memcpya.o)
    0x020286a6   0x020286a6   0x00000024   Code   RO         2917    .text               mc_w.l(memseta.o)
    0x020286ca   0x020286ca   0x00000018   Code   RO         2919    .text               mc_w.l(strncpy.o)
    0x020286e2   0x020286e2   0x0000001c   Code   RO         2983    .text               mc_w.l(calloc.o)
    0x020286fe   0x020286fe   0x0000014e   Code   RO         2985    .text               mf_w.l(dadd.o)
    0x0202884c   0x0202884c   0x000000e4   Code   RO         2987    .text               mf_w.l(dmul.o)
    0x02028930   0x02028930   0x000000de   Code   RO         2989    .text               mf_w.l(ddiv.o)
    0x02028a0e   0x02028a0e   0x00000022   Code   RO         2999    .text               mf_w.l(dflti.o)
    0x02028a30   0x02028a30   0x0000002c   Code   RO         3068    .text               mc_w.l(uidiv.o)
    0x02028a5c   0x02028a5c   0x0000001e   Code   RO         3070    .text               mc_w.l(llshl.o)
    0x02028a7a   0x02028a7a   0x00000020   Code   RO         3072    .text               mc_w.l(llushr.o)
    0x02028a9a   0x02028a9a   0x00000024   Code   RO         3074    .text               mc_w.l(llsshr.o)
    0x02028abe   0x02028abe   0x00000000   Code   RO         3085    .text               mc_w.l(iusefp.o)
    0x02028abe   0x02028abe   0x000000ba   Code   RO         3088    .text               mf_w.l(depilogue.o)
    0x02028b78   0x02028b78   0x00000030   Code   RO         3094    .text               mf_w.l(dfixul.o)
    0x02028ba8   0x02028ba8   0x00000030   Code   RO         3098    .text               mf_w.l(cdrcmple.o)
    0x02028bd8   0x02028bd8   0x00000056   Code   RO         3108    .text               mc_w.l(__dczerorl2.o)
    0x02028c2e   0x02028c2e   0x00000002   PAD
    0x02028c30   0x02028c30   0x00000040   Code   RO          406    .text.ADC_CalWithPgaDiff  peripheral_adc.o
    0x02028c70   0x02028c70   0x00000034   Code   RO          408    .text.ADC_CalWithPgaSingle  peripheral_adc.o
    0x02028ca4   0x02028ca4   0x000000a0   Code   RO          402    .text.ADC_Calibration  peripheral_adc.o
    0x02028d44   0x02028d44   0x00000034   Code   RO          358    .text.ADC_CbRegister  peripheral_adc.o
    0x02028d78   0x02028d78   0x0000000e   Code   RO          350    .text.ADC_ClrFifo   peripheral_adc.o
    0x02028d86   0x02028d86   0x00000002   PAD
    0x02028d88   0x02028d88   0x000000a0   Code   RO          384    .text.ADC_ConvCfg   peripheral_adc.o
    0x02028e28   0x02028e28   0x0000002a   Code   RO          346    .text.ADC_DmaEnable  peripheral_adc.o
    0x02028e52   0x02028e52   0x00000002   PAD
    0x02028e54   0x02028e54   0x00000128   Code   RO          332    .text.ADC_EnableChannel  peripheral_adc.o
    0x02028f7c   0x02028f7c   0x00000020   Code   RO          316    .text.ADC_EnableCtrlSignal  peripheral_adc.o
    0x02028f9c   0x02028f9c   0x00000094   Code   RO          396    .text.ADC_FtCal     peripheral_adc.o
    0x02029030   0x02029030   0x000000a0   Code   RO          392    .text.ADC_FtCoutSet  peripheral_adc.o
    0x020290d0   0x020290d0   0x00000058   Code   RO          394    .text.ADC_FtParaCal  peripheral_adc.o
    0x02029128   0x02029128   0x00000010   Code   RO          354    .text.ADC_GetBusyStatus  peripheral_adc.o
    0x02029138   0x02029138   0x0000004e   Code   RO          374    .text.ADC_GetDataChannel  peripheral_adc.o
    0x02029186   0x02029186   0x00000002   PAD
    0x02029188   0x02029188   0x00000010   Code   RO          334    .text.ADC_GetInputMode  peripheral_adc.o
    0x02029198   0x02029198   0x00000010   Code   RO          370    .text.ADC_GetIntStatus  peripheral_adc.o
    0x020291a8   0x020291a8   0x00000010   Code   RO          366    .text.ADC_GetPgaStatus  peripheral_adc.o
    0x020291b8   0x020291b8   0x0000002a   Code   RO          342    .text.ADC_IntEnable  peripheral_adc.o
    0x020291e2   0x020291e2   0x00000002   PAD
    0x020291e4   0x020291e4   0x0000002a   Code   RO          364    .text.ADC_PgaEnable  peripheral_adc.o
    0x0202920e   0x0202920e   0x00000002   PAD
    0x02029210   0x02029210   0x00000036   Code   RO          410    .text.ADC_PgaGainGet  peripheral_adc.o
    0x02029246   0x02029246   0x00000002   PAD
    0x02029248   0x02029248   0x00000028   Code   RO          360    .text.ADC_PgaParaSet  peripheral_adc.o
    0x02029270   0x02029270   0x00000034   Code   RO          322    .text.ADC_RegClr    peripheral_adc.o
    0x020292a4   0x020292a4   0x00000032   Code   RO          328    .text.ADC_RegRd     peripheral_adc.o
    0x020292d6   0x020292d6   0x00000002   PAD
    0x020292d8   0x020292d8   0x0000002e   Code   RO          318    .text.ADC_RegWr     peripheral_adc.o
    0x02029306   0x02029306   0x00000002   PAD
    0x02029308   0x02029308   0x00000040   Code   RO          336    .text.ADC_RegWrBits  peripheral_adc.o
    0x02029348   0x02029348   0x0000004e   Code   RO          398    .text.ADC_Reset     peripheral_adc.o
    0x02029396   0x02029396   0x00000002   PAD
    0x02029398   0x02029398   0x0000002c   Code   RO          330    .text.ADC_SetAdcCtrlMode  peripheral_adc.o
    0x020293c4   0x020293c4   0x0000002c   Code   RO          324    .text.ADC_SetAdcMode  peripheral_adc.o
    0x020293f0   0x020293f0   0x00000026   Code   RO          404    .text.ADC_SetCalrpt  peripheral_adc.o
    0x02029416   0x02029416   0x00000002   PAD
    0x02029418   0x02029418   0x0000002e   Code   RO          348    .text.ADC_SetDmaTrig  peripheral_adc.o
    0x02029446   0x02029446   0x00000002   PAD
    0x02029448   0x02029448   0x00000040   Code   RO          356    .text.ADC_SetInputMode  peripheral_adc.o
    0x02029488   0x02029488   0x0000002e   Code   RO          344    .text.ADC_SetIntTrig  peripheral_adc.o
    0x020294b6   0x020294b6   0x00000002   PAD
    0x020294b8   0x020294b8   0x00000044   Code   RO          368    .text.ADC_SetLoopDelay  peripheral_adc.o
    0x020294fc   0x020294fc   0x0000006e   Code   RO          386    .text.ADC_Start     peripheral_adc.o
    0x0202956a   0x0202956a   0x00000002   PAD
    0x0202956c   0x0202956c   0x0000003c   Code   RO          388    .text.ADC_VrefRegister  peripheral_adc.o
    0x020295a8   0x020295a8   0x000004d0   Code   RO          390    .text.ADC_ftInit    peripheral_adc.o
    0x02029a78   0x02029a78   0x00000010   Code   RO          183    .text.DKHandler_NoWork  mi_rcu_key.o
    0x02029a88   0x02029a88   0x0000001e   Code   RO         1026    .text.DMA_AbortChannel  peripheral_dma.o
    0x02029aa6   0x02029aa6   0x00000002   PAD
    0x02029aa8   0x02029aa8   0x00000084   Code   RO         1030    .text.DMA_ClearChannelIntState  peripheral_dma.o
    0x02029b2c   0x02029b2c   0x00000064   Code   RO         1024    .text.DMA_EnableChannel  peripheral_dma.o
    0x02029b90   0x02029b90   0x00000046   Code   RO         1028    .text.DMA_GetChannelIntState  peripheral_dma.o
    0x02029bd6   0x02029bd6   0x00000002   PAD
    0x02029bd8   0x02029bd8   0x000000ce   Code   RO         1012    .text.DMA_GetCtrlConfigSrc  peripheral_dma.o
    0x02029ca6   0x02029ca6   0x00000002   PAD
    0x02029ca8   0x02029ca8   0x00000124   Code   RO         1010    .text.DMA_GetPeripheralDataAddr  peripheral_dma.o
    0x02029dcc   0x02029dcc   0x00000078   Code   RO         1008    .text.DMA_GetPeripheralWidth  peripheral_dma.o
    0x02029e44   0x02029e44   0x00000036   Code   RO         1412    .text.DMA_PingPongDisable  pingpong.o
    0x02029e7a   0x02029e7a   0x00000002   PAD
    0x02029e7c   0x02029e7c   0x0000006a   Code   RO         1410    .text.DMA_PingPongEnable  pingpong.o
    0x02029ee6   0x02029ee6   0x00000002   PAD
    0x02029ee8   0x02029ee8   0x0000000c   Code   RO         1408    .text.DMA_PingPongGetTransSize  pingpong.o
    0x02029ef4   0x02029ef4   0x0000004c   Code   RO         1406    .text.DMA_PingPongIntProc  pingpong.o
    0x02029f40   0x02029f40   0x000000c8   Code   RO         1402    .text.DMA_PingPongSetup  pingpong.o
    0x0202a008   0x0202a008   0x000000de   Code   RO         1006    .text.DMA_PreparePeripheral2Mem  peripheral_dma.o
    0x0202a0e6   0x0202a0e6   0x00000002   PAD
    0x0202a0e8   0x0202a0e8   0x00000036   Code   RO         1022    .text.DMA_Reset     peripheral_dma.o
    0x0202a11e   0x0202a11e   0x00000002   PAD
    0x0202a120   0x0202a120   0x000000f8   Code   RO         1423    .text.DMA_cb_isr    audio_input_sim.o
    0x0202a218   0x0202a218   0x0000003e   Code   RO         1034    .text.DMG_GetSPIDMAWidth  peripheral_dma.o
    0x0202a256   0x0202a256   0x00000002   PAD
    0x0202a258   0x0202a258   0x00000054   Code   RO         1404    .text.FindBurstNum  pingpong.o
    0x0202a2ac   0x0202a2ac   0x0000001a   Code   RO          451    .text.GIO_ClearAllIntStatus  peripheral_gpio.o
    0x0202a2c6   0x0202a2c6   0x00000002   PAD
    0x0202a2c8   0x0202a2c8   0x000000ca   Code   RO          433    .text.GIO_ConfigIntSource  peripheral_gpio.o
    0x0202a392   0x0202a392   0x00000002   PAD
    0x0202a394   0x0202a394   0x000001d2   Code   RO          459    .text.GIO_EnableDeepSleepWakeupSource  peripheral_gpio.o
    0x0202a566   0x0202a566   0x00000002   PAD
    0x0202a568   0x0202a568   0x0000003a   Code   RO          453    .text.GIO_EnableRetentionGroupA  peripheral_gpio.o
    0x0202a5a2   0x0202a5a2   0x00000002   PAD
    0x0202a5a4   0x0202a5a4   0x000000b8   Code   RO          455    .text.GIO_EnableRetentionGroupB  peripheral_gpio.o
    0x0202a65c   0x0202a65c   0x00000032   Code   RO          423    .text.GIO_MaskedWrite  peripheral_gpio.o
    0x0202a68e   0x0202a68e   0x00000002   PAD
    0x0202a690   0x0202a690   0x0000001c   Code   RO          447    .text.GIO_ReadAll   peripheral_gpio.o
    0x0202a6ac   0x0202a6ac   0x000000a2   Code   RO          421    .text.GIO_SetDirection  peripheral_gpio.o
    0x0202a74e   0x0202a74e   0x00000002   PAD
    0x0202a750   0x0202a750   0x00000074   Code   RO          427    .text.GIO_WriteValue  peripheral_gpio.o
    0x0202a7c4   0x0202a7c4   0x0000000c   Code   RO         2790    .text.Get_KeyScan_Set  key_board.o
    0x0202a7d0   0x0202a7d0   0x000001d0   Code   RO         2841    .text.KB_KeepPressed  vr_key.o
    0x0202a9a0   0x0202a9a0   0x00000350   Code   RO         2839    .text.KB_StateChanged  vr_key.o
    0x0202acf0   0x0202acf0   0x0000003a   Code   RO         1162    .text.KEYSCAN_CheckStatePara  peripheral_keyscan.o
    0x0202ad2a   0x0202ad2a   0x00000002   PAD
    0x0202ad2c   0x0202ad2c   0x0000003a   Code   RO         1130    .text.KEYSCAN_DbClkSel  peripheral_keyscan.o
    0x0202ad66   0x0202ad66   0x00000002   PAD
    0x0202ad68   0x0202ad68   0x00000030   Code   RO         1144    .text.KEYSCAN_GetIntStateFifoEmptyRaw  peripheral_keyscan.o
    0x0202ad98   0x0202ad98   0x00000030   Code   RO         1150    .text.KEYSCAN_GetKeyData  peripheral_keyscan.o
    0x0202adc8   0x0202adc8   0x000000f0   Code   RO         2835    .text.KEYSCAN_GetKeyNumAndId  vr_key.o
    0x0202aeb8   0x0202aeb8   0x00000060   Code   RO         1156    .text.KEYSCAN_InitKeyScanToIdx  peripheral_keyscan.o
    0x0202af18   0x0202af18   0x00000142   Code   RO         1160    .text.KEYSCAN_Initialize  peripheral_keyscan.o
    0x0202b05a   0x0202b05a   0x00000002   PAD
    0x0202b05c   0x0202b05c   0x0000004a   Code   RO         1158    .text.KEYSCAN_KeyDataToRowColIdx  peripheral_keyscan.o
    0x0202b0a6   0x0202b0a6   0x00000002   PAD
    0x0202b0a8   0x0202b0a8   0x000000da   Code   RO         2837    .text.KEYSCAN_KeyStateUpdate  vr_key.o
    0x0202b182   0x0202b182   0x00000002   PAD
    0x0202b184   0x0202b184   0x0000002c   Code   RO         1126    .text.KEYSCAN_SetDebounceCounter  peripheral_keyscan.o
    0x0202b1b0   0x0202b1b0   0x0000002c   Code   RO         1124    .text.KEYSCAN_SetDebounceEn  peripheral_keyscan.o
    0x0202b1dc   0x0202b1dc   0x0000003a   Code   RO         1128    .text.KEYSCAN_SetDmaEn  peripheral_keyscan.o
    0x0202b216   0x0202b216   0x00000002   PAD
    0x0202b218   0x0202b218   0x0000002a   Code   RO         1154    .text.KEYSCAN_SetDmaNumTrigInt  peripheral_keyscan.o
    0x0202b242   0x0202b242   0x00000002   PAD
    0x0202b244   0x0202b244   0x0000002c   Code   RO         1152    .text.KEYSCAN_SetFifoNumTrigInt  peripheral_keyscan.o
    0x0202b270   0x0202b270   0x0000002c   Code   RO         1138    .text.KEYSCAN_SetInColMask  peripheral_keyscan.o
    0x0202b29c   0x0202b29c   0x0000003a   Code   RO         1140    .text.KEYSCAN_SetIntTrigEn  peripheral_keyscan.o
    0x0202b2d6   0x0202b2d6   0x00000002   PAD
    0x0202b2d8   0x0202b2d8   0x0000002c   Code   RO         1136    .text.KEYSCAN_SetOutRowMask  peripheral_keyscan.o
    0x0202b304   0x0202b304   0x0000002c   Code   RO         1132    .text.KEYSCAN_SetReleaseTime  peripheral_keyscan.o
    0x0202b330   0x0202b330   0x0000002c   Code   RO         1134    .text.KEYSCAN_SetScanInterval  peripheral_keyscan.o
    0x0202b35c   0x0202b35c   0x0000003a   Code   RO         1120    .text.KEYSCAN_SetScannerEn  peripheral_keyscan.o
    0x0202b396   0x0202b396   0x00000002   PAD
    0x0202b398   0x0202b398   0x0000004e   Code   RO         2827    .text.KEYSCAN_Setup  vr_key.o
    0x0202b3e6   0x0202b3e6   0x00000002   PAD
    0x0202b3e8   0x0202b3e8   0x00000112   Code   RO         2829    .text.KEYSCAN_cb_isr  vr_key.o
    0x0202b4fa   0x0202b4fa   0x00000002   PAD
    0x0202b4fc   0x0202b4fc   0x00000036   Code   RO         1146    .text.KEYSCAN_reg_read_bits  peripheral_keyscan.o
    0x0202b532   0x0202b532   0x00000002   PAD
    0x0202b534   0x0202b534   0x00000042   Code   RO         1122    .text.KEYSCAN_reg_write_bits  peripheral_keyscan.o
    0x0202b576   0x0202b576   0x00000002   PAD
    0x0202b578   0x0202b578   0x0000003e   Code   RO         2833    .text.Key_Task      vr_key.o
    0x0202b5b6   0x0202b5b6   0x00000002   PAD
    0x0202b5b8   0x0202b5b8   0x00000090   Code   RO          543    .text.PINCTRL_Pull  peripheral_pinctrl.o
    0x0202b648   0x0202b648   0x00000090   Code   RO          525    .text.PINCTRL_SelInput  peripheral_pinctrl.o
    0x0202b6d8   0x0202b6d8   0x000000dc   Code   RO          549    .text.PINCTRL_SelKeyScanColIn  peripheral_pinctrl.o
    0x0202b7b4   0x0202b7b4   0x0000006e   Code   RO          561    .text.PINCTRL_SetDriveStrength  peripheral_pinctrl.o
    0x0202b822   0x0202b822   0x00000002   PAD
    0x0202b824   0x0202b824   0x000001a6   Code   RO          527    .text.PINCTRL_SetPadMux  peripheral_pinctrl.o
    0x0202b9ca   0x0202b9ca   0x00000002   PAD
    0x0202b9cc   0x0202b9cc   0x00000048   Code   RO         2715    .text.Reload_Ir     pair_bond.o
    0x0202ba14   0x0202ba14   0x00000016   Code   RO          767    .text.SYSCTRL_ClearClkGate  peripheral_sysctrl.o
    0x0202ba2a   0x0202ba2a   0x00000002   PAD
    0x0202ba2c   0x0202ba2c   0x00000042   Code   RO          771    .text.SYSCTRL_ClearClkGateMulti  peripheral_sysctrl.o
    0x0202ba6e   0x0202ba6e   0x00000002   PAD
    0x0202ba70   0x0202ba70   0x00000386   Code   RO          765    .text.SYSCTRL_ClkGateCtrl  peripheral_sysctrl.o
    0x0202bdf6   0x0202bdf6   0x00000002   PAD
    0x0202bdf8   0x0202bdf8   0x00000076   Code   RO          833    .text.SYSCTRL_EnableConfigClocksAfterWakeup  peripheral_sysctrl.o
    0x0202be6e   0x0202be6e   0x00000002   PAD
    0x0202be70   0x0202be70   0x00000060   Code   RO          809    .text.SYSCTRL_EnableSlowRC  peripheral_sysctrl.o
    0x0202bed0   0x0202bed0   0x00000014   Code   RO          889    .text.SYSCTRL_EnableWakeupSourceDetection  peripheral_sysctrl.o
    0x0202bee4   0x0202bee4   0x00000086   Code   RO          859    .text.SYSCTRL_GetDmaId  peripheral_sysctrl.o
    0x0202bf6a   0x0202bf6a   0x00000002   PAD
    0x0202bf6c   0x0202bf6c   0x000000ca   Code   RO          901    .text.SYSCTRL_Init  peripheral_sysctrl.o
    0x0202c036   0x0202c036   0x00000002   PAD
    0x0202c038   0x0202c038   0x00000016   Code   RO          777    .text.SYSCTRL_ReleaseBlock  peripheral_sysctrl.o
    0x0202c04e   0x0202c04e   0x00000002   PAD
    0x0202c050   0x0202c050   0x000002ee   Code   RO          775    .text.SYSCTRL_ResetBlockCtrl  peripheral_sysctrl.o
    0x0202c33e   0x0202c33e   0x00000002   PAD
    0x0202c340   0x0202c340   0x0000004a   Code   RO          787    .text.SYSCTRL_SelectKeyScanClk  peripheral_sysctrl.o
    0x0202c38a   0x0202c38a   0x00000002   PAD
    0x0202c38c   0x0202c38c   0x00000036   Code   RO          895    .text.SYSCTRL_SelectMemoryBlocks  peripheral_sysctrl.o
    0x0202c3c2   0x0202c3c2   0x00000002   PAD
    0x0202c3c4   0x0202c3c4   0x000000c8   Code   RO          857    .text.SYSCTRL_SelectUsedDmaItems  peripheral_sysctrl.o
    0x0202c48c   0x0202c48c   0x0000002c   Code   RO          853    .text.SYSCTRL_SetAdcClkDiv  peripheral_sysctrl.o
    0x0202c4b8   0x0202c4b8   0x00000024   Code   RO          873    .text.SYSCTRL_SetLDOOutput  peripheral_sysctrl.o
    0x0202c4dc   0x0202c4dc   0x0000001e   Code   RO          934    .text.TMR_WatchDogRestart  peripheral_timer.o
    0x0202c4fa   0x0202c4fa   0x00000002   PAD
    0x0202c4fc   0x0202c4fc   0x00000014   Code   RO          991    .text.UART_SendData  peripheral_uart.o
    0x0202c510   0x0202c510   0x00000088   Code   RO         2831    .text.VR_key_Init   vr_key.o
    0x0202c598   0x0202c598   0x00000064   Code   RO           43    .text.adv_start     profile.o
    0x0202c5fc   0x0202c5fc   0x0000002a   Code   RO          219    .text.adv_time_out_callback  mi_rcu_adv.o
    0x0202c626   0x0202c626   0x00000002   PAD
    0x0202c628   0x0202c628   0x0000003c   Code   RO          213    .text.adv_user_msg_handler  mi_rcu_adv.o
    0x0202c664   0x0202c664   0x00000010   Code   RO          957    .text.apUART_Check_TXFIFO_FULL  peripheral_uart.o
    0x0202c674   0x0202c674   0x00000098   Code   RO            6    .text.app_main      main.o
    0x0202c70c   0x0202c70c   0x0000001a   Code   RO          159    .text.app_setup_peripherals  mi_rcu_key.o
    0x0202c726   0x0202c726   0x00000002   PAD
    0x0202c728   0x0202c728   0x000000ca   Code   RO         1330    .text.att_db_util_add_attribute_uuid128  att_db_util.o
    0x0202c7f2   0x0202c7f2   0x00000002   PAD
    0x0202c7f4   0x0202c7f4   0x000000d4   Code   RO         1316    .text.att_db_util_add_attribute_uuid16  att_db_util.o
    0x0202c8c8   0x0202c8c8   0x000000b8   Code   RO         1328    .text.att_db_util_add_characteristic_uuid128  att_db_util.o
    0x0202c980   0x0202c980   0x000000b8   Code   RO         1326    .text.att_db_util_add_characteristic_uuid16  att_db_util.o
    0x0202ca38   0x0202ca38   0x00000028   Code   RO         1320    .text.att_db_util_add_descriptor_uuid16  att_db_util.o
    0x0202ca60   0x0202ca60   0x00000022   Code   RO         1324    .text.att_db_util_add_service_uuid128  att_db_util.o
    0x0202ca82   0x0202ca82   0x00000002   PAD
    0x0202ca84   0x0202ca84   0x00000022   Code   RO         1322    .text.att_db_util_add_service_uuid16  att_db_util.o
    0x0202caa6   0x0202caa6   0x00000002   PAD
    0x0202caa8   0x0202caa8   0x0000003a   Code   RO         1318    .text.att_db_util_assert_space  att_db_util.o
    0x0202cae2   0x0202cae2   0x00000002   PAD
    0x0202cae4   0x0202cae4   0x0000000c   Code   RO         1332    .text.att_db_util_get_address  att_db_util.o
    0x0202caf0   0x0202caf0   0x00000044   Code   RO         1312    .text.att_db_util_init  att_db_util.o
    0x0202cb34   0x0202cb34   0x00000026   Code   RO         1314    .text.att_db_util_set_end_tag  att_db_util.o
    0x0202cb5a   0x0202cb5a   0x00000002   PAD
    0x0202cb5c   0x0202cb5c   0x0000005e   Code   RO           59    .text.att_read_callback  profile.o
    0x0202cbba   0x0202cbba   0x00000002   PAD
    0x0202cbbc   0x0202cbbc   0x00000068   Code   RO           61    .text.att_write_callback  profile.o
    0x0202cc24   0x0202cc24   0x000000a0   Code   RO         1421    .text.audio_adc_input_setup  audio_input_sim.o
    0x0202ccc4   0x0202ccc4   0x00000044   Code   RO         1425    .text.audio_adc_input_start  audio_input_sim.o
    0x0202cd08   0x0202cd08   0x0000002a   Code   RO         1427    .text.audio_adc_input_stop  audio_input_sim.o
    0x0202cd32   0x0202cd32   0x00000002   PAD
    0x0202cd34   0x0202cd34   0x00000088   Code   RO         1368    .text.audio_create_queue_task  audio_service.o
    0x0202cdbc   0x0202cdbc   0x00000108   Code   RO         1471    .text.audio_denoise_init  audio_denoise.o
    0x0202cec4   0x0202cec4   0x00000062   Code   RO         1450    .text.audio_encode_init  audio_msbc.o
    0x0202cf26   0x0202cf26   0x00000002   PAD
    0x0202cf28   0x0202cf28   0x00000032   Code   RO         1376    .text.audio_get_block_buff  audio_service.o
    0x0202cf5a   0x0202cf5a   0x00000002   PAD
    0x0202cf5c   0x0202cf5c   0x0000000c   Code   RO         1374    .text.audio_get_curr_block  audio_service.o
    0x0202cf68   0x0202cf68   0x00000008   Code   RO         1358    .text.audio_input_setup  audio_service.o
    0x0202cf70   0x0202cf70   0x00000008   Code   RO         1360    .text.audio_input_start  audio_service.o
    0x0202cf78   0x0202cf78   0x00000008   Code   RO         1364    .text.audio_input_stop  audio_service.o
    0x0202cf80   0x0202cf80   0x00000070   Code   RO         1452    .text.audio_msbc_encoded  audio_msbc.o
    0x0202cff0   0x0202cff0   0x000000fc   Code   RO         1378    .text.audio_rx_sample  audio_service.o
    0x0202d0ec   0x0202d0ec   0x0000005a   Code   RO         1352    .text.audio_start   audio_service.o
    0x0202d146   0x0202d146   0x00000002   PAD
    0x0202d148   0x0202d148   0x0000000c   Code   RO         1362    .text.audio_stop_sample  audio_service.o
    0x0202d154   0x0202d154   0x0000004e   Code   RO         1370    .text.audio_task    audio_service.o
    0x0202d1a2   0x0202d1a2   0x00000002   PAD
    0x0202d1a4   0x0202d1a4   0x0000000c   Code   RO           69    .text.btstack_event_state_get_state  profile.o
    0x0202d1b0   0x0202d1b0   0x0000001e   Code   RO           24    .text.cb_assertion  main.o
    0x0202d1ce   0x0202d1ce   0x00000002   PAD
    0x0202d1d0   0x0202d1d0   0x00000056   Code   RO           22    .text.cb_hard_fault  main.o
    0x0202d226   0x0202d226   0x00000002   PAD
    0x0202d228   0x0202d228   0x0000001a   Code   RO           26    .text.cb_heap_out_of_mem  main.o
    0x0202d242   0x0202d242   0x00000002   PAD
    0x0202d244   0x0202d244   0x0000003a   Code   RO         2707    .text.clear_pairing_data  pair_bond.o
    0x0202d27e   0x0202d27e   0x00000002   PAD
    0x0202d280   0x0202d280   0x0000007a   Code   RO          267    .text.copy_security_data  eflash.o
    0x0202d2fa   0x0202d2fa   0x00000002   PAD
    0x0202d2fc   0x0202d2fc   0x00000034   Code   RO           10    .text.db_write_to_flash  main.o
    0x0202d330   0x0202d330   0x000000d8   Code   RO         1372    .text.enc_output_cb_fun  audio_service.o
    0x0202d408   0x0202d408   0x00000012   Code   RO         2677    .text.enter_low_power_timer_callback  low_power.o
    0x0202d41a   0x0202d41a   0x00000002   PAD
    0x0202d41c   0x0202d41c   0x0000001a   Code   RO          251    .text.erase_flash_sector  eflash.o
    0x0202d436   0x0202d436   0x00000002   PAD
    0x0202d438   0x0202d438   0x00000052   Code   RO          167    .text.factory_test_single_wave  mi_rcu_key.o
    0x0202d48a   0x0202d48a   0x00000002   PAD
    0x0202d48c   0x0202d48c   0x00000024   Code   RO          273    .text.flash_get_adc_calib_data  eflash.o
    0x0202d4b0   0x0202d4b0   0x00000024   Code   RO          271    .text.flash_get_factory_calib_data  eflash.o
    0x0202d4d4   0x0202d4d4   0x0000009c   Code   RO          263    .text.flash_prepare_factory_data  eflash.o
    0x0202d570   0x0202d570   0x0000001e   Code   RO           51    .text.gap_disconnect_in_stack  profile.o
    0x0202d58e   0x0202d58e   0x00000002   PAD
    0x0202d590   0x0202d590   0x00000074   Code   RO         2814    .text.gpio_cb_isr   keyscan_bsp.o
    0x0202d604   0x0202d604   0x0000000c   Code   RO           71    .text.hci_event_le_meta_get_subevent_code  profile.o
    0x0202d610   0x0202d610   0x0000000c   Code   RO           67    .text.hci_event_packet_get_type  profile.o
    0x0202d61c   0x0202d61c   0x0000000c   Code   RO         2725    .text.hci_event_packet_get_type  pair_bond.o
    0x0202d628   0x0202d628   0x0000000c   Code   RO           73    .text.hci_event_packet_get_user_msg  profile.o
    0x0202d634   0x0202d634   0x00000056   Code   RO            8    .text.init_por      main.o
    0x0202d68a   0x0202d68a   0x00000002   PAD
    0x0202d68c   0x0202d68c   0x0000001c   Code   RO           65    .text.init_service  profile.o
    0x0202d6a8   0x0202d6a8   0x00000066   Code   RO         2705    .text.is_already_paired  pair_bond.o
    0x0202d70e   0x0202d70e   0x00000002   PAD
    0x0202d710   0x0202d710   0x00000042   Code   RO          265    .text.is_data_ready  eflash.o
    0x0202d752   0x0202d752   0x00000002   PAD
    0x0202d754   0x0202d754   0x00000022   Code   RO         2766    .text.key_board_all_release_callback  key_board.o
    0x0202d776   0x0202d776   0x00000002   PAD
    0x0202d778   0x0202d778   0x00000016   Code   RO         2786    .text.key_board_have_pressed_interrupt  key_board.o
    0x0202d78e   0x0202d78e   0x00000002   PAD
    0x0202d790   0x0202d790   0x0000003a   Code   RO         2762    .text.key_board_pressed  key_board.o
    0x0202d7ca   0x0202d7ca   0x00000002   PAD
    0x0202d7cc   0x0202d7cc   0x000000a4   Code   RO          169    .text.key_board_proc_adv  mi_rcu_key.o
    0x0202d870   0x0202d870   0x00000014   Code   RO          173    .text.key_board_proc_battery_low  mi_rcu_key.o
    0x0202d884   0x0202d884   0x00000098   Code   RO          177    .text.key_board_proc_default  mi_rcu_key.o
    0x0202d91c   0x0202d91c   0x00000014   Code   RO          175    .text.key_board_proc_factory_test_single_wave  mi_rcu_key.o
    0x0202d930   0x0202d930   0x00000014   Code   RO          171    .text.key_board_proc_paired  mi_rcu_key.o
    0x0202d944   0x0202d944   0x0000003e   Code   RO         2764    .text.key_board_scan_one_cycle_end  key_board.o
    0x0202d982   0x0202d982   0x00000002   PAD
    0x0202d984   0x0202d984   0x00000020   Code   RO         2784    .text.key_board_start_int_trig  key_board.o
    0x0202d9a4   0x0202d9a4   0x00000022   Code   RO         2782    .text.key_board_start_scan  key_board.o
    0x0202d9c6   0x0202d9c6   0x00000002   PAD
    0x0202d9c8   0x0202d9c8   0x00000028   Code   RO         2760    .text.key_board_task_init  key_board.o
    0x0202d9f0   0x0202d9f0   0x00000024   Code   RO         2788    .text.key_board_wake_up_enable  key_board.o
    0x0202da14   0x0202da14   0x0000003c   Code   RO          185    .text.key_clear_db_data_and_repair  mi_rcu_key.o
    0x0202da50   0x0202da50   0x00000038   Code   RO         2778    .text.key_current_state  key_board.o
    0x0202da88   0x0202da88   0x00000040   Code   RO         2780    .text.key_row_col_to_id  key_board.o
    0x0202dac8   0x0202dac8   0x00000056   Code   RO         2776    .text.key_state_is_changed  key_board.o
    0x0202db1e   0x0202db1e   0x00000002   PAD
    0x0202db20   0x0202db20   0x0000003a   Code   RO         2808    .text.keyscan_bsp_check_state_para  keyscan_bsp.o
    0x0202db5a   0x0202db5a   0x00000002   PAD
    0x0202db5c   0x0202db5c   0x000001fe   Code   RO         2812    .text.keyscan_bsp_enable_press_interrupt  keyscan_bsp.o
    0x0202dd5a   0x0202dd5a   0x00000002   PAD
    0x0202dd5c   0x0202dd5c   0x0000015c   Code   RO         2806    .text.keyscan_bsp_enable_wakeup_before_sleep  keyscan_bsp.o
    0x0202deb8   0x0202deb8   0x0000002c   Code   RO         2673    .text.low_power_clear_exit_reason  low_power.o
    0x0202dee4   0x0202dee4   0x00000078   Code   RO         2675    .text.low_power_create_timer  low_power.o
    0x0202df5c   0x0202df5c   0x00000028   Code   RO         2669    .text.low_power_enter_saving  low_power.o
    0x0202df84   0x0202df84   0x000000a6   Code   RO         2667    .text.low_power_exit_saving  low_power.o
    0x0202e02a   0x0202e02a   0x00000002   PAD
    0x0202e02c   0x0202e02c   0x0000004e   Code   RO         2681    .text.low_power_start_timer  low_power.o
    0x0202e07a   0x0202e07a   0x00000002   PAD
    0x0202e07c   0x0202e07c   0x00000046   Code   RO         2671    .text.low_power_stop_timer  low_power.o
    0x0202e0c2   0x0202e0c2   0x00000002   PAD
    0x0202e0c4   0x0202e0c4   0x00000040   Code   RO         2679    .text.low_power_task  low_power.o
    0x0202e104   0x0202e104   0x00000076   Code   RO         2683    .text.low_power_try_enter_saving  low_power.o
    0x0202e17a   0x0202e17a   0x00000002   PAD
    0x0202e17c   0x0202e17c   0x0000008e   Code   RO          435    .text.map_int_mode  peripheral_gpio.o
    0x0202e20a   0x0202e20a   0x00000002   PAD
    0x0202e20c   0x0202e20c   0x000000d4   Code   RO           96    .text.mi_rcu_att_read_callback  mi_rcu_service.o
    0x0202e2e0   0x0202e2e0   0x000001bc   Code   RO          100    .text.mi_rcu_att_write_callback  mi_rcu_service.o
    0x0202e49c   0x0202e49c   0x00000010   Code   RO          102    .text.mi_rcu_audio_trigger_send_data  mi_rcu_service.o
    0x0202e4ac   0x0202e4ac   0x00000018   Code   RO          106    .text.mi_rcu_event_connected  mi_rcu_service.o
    0x0202e4c4   0x0202e4c4   0x00000022   Code   RO          108    .text.mi_rcu_event_disconnect  mi_rcu_service.o
    0x0202e4e6   0x0202e4e6   0x00000002   PAD
    0x0202e4e8   0x0202e4e8   0x00000082   Code   RO          112    .text.mi_rcu_kb_send_report  mi_rcu_service.o
    0x0202e56a   0x0202e56a   0x00000002   PAD
    0x0202e56c   0x0202e56c   0x00000016   Code   RO          187    .text.mi_rcu_pair_adv_time_out_callback  mi_rcu_key.o
    0x0202e582   0x0202e582   0x00000002   PAD
    0x0202e584   0x0202e584   0x00000028   Code   RO          179    .text.mi_rcu_power_adv_time_out_callback  mi_rcu_key.o
    0x0202e5ac   0x0202e5ac   0x00000022   Code   RO          181    .text.mi_rcu_reconnect_adv_time_out_callback  mi_rcu_key.o
    0x0202e5ce   0x0202e5ce   0x00000002   PAD
    0x0202e5d0   0x0202e5d0   0x0000003a   Code   RO          114    .text.mi_rcu_request_start_voice  mi_rcu_service.o
    0x0202e60a   0x0202e60a   0x00000002   PAD
    0x0202e60c   0x0202e60c   0x0000003a   Code   RO          116    .text.mi_rcu_request_stop_voice  mi_rcu_service.o
    0x0202e646   0x0202e646   0x00000002   PAD
    0x0202e648   0x0202e648   0x00000100   Code   RO          118    .text.mi_rcu_send_voice_data  mi_rcu_service.o
    0x0202e748   0x0202e748   0x000006bc   Code   RO           94    .text.mi_rcu_service_init  mi_rcu_service.o
    0x0202ee04   0x0202ee04   0x0000008c   Code   RO           98    .text.mi_rcu_set_power_on_adv_data  mi_rcu_service.o
    0x0202ee90   0x0202ee90   0x0000008c   Code   RO          165    .text.mi_rcu_single_key_handle  mi_rcu_key.o
    0x0202ef1c   0x0202ef1c   0x000000c4   Code   RO          110    .text.mi_rcu_user_msg_handler  mi_rcu_service.o
    0x0202efe0   0x0202efe0   0x0000000c   Code   RO         1366    .text.mic_power_down  audio_service.o
    0x0202efec   0x0202efec   0x0000000c   Code   RO         1356    .text.mic_power_open  audio_service.o
    0x0202eff8   0x0202eff8   0x00000036   Code   RO         1354    .text.mic_power_port_init  audio_service.o
    0x0202f02e   0x0202f02e   0x00000002   PAD
    0x0202f030   0x0202f030   0x00000378   Code   RO         2615    .text.msbc_pack_frame  sbc.o
    0x0202f3a8   0x0202f3a8   0x0000008e   Code   RO         2617    .text.msbc_unpack_frame  sbc.o
    0x0202f436   0x0202f436   0x00000002   PAD
    0x0202f438   0x0202f438   0x00000026   Code   RO          104    .text.notify_battery_level  mi_rcu_service.o
    0x0202f45e   0x0202f45e   0x00000002   PAD
    0x0202f460   0x0202f460   0x0000005e   Code   RO         2711    .text.pair_bond_connected  pair_bond.o
    0x0202f4be   0x0202f4be   0x00000002   PAD
    0x0202f4c0   0x0202f4c0   0x00000024   Code   RO         2713    .text.pair_bond_event_disconnect  pair_bond.o
    0x0202f4e4   0x0202f4e4   0x00000086   Code   RO         2717    .text.pair_bond_init  pair_bond.o
    0x0202f56a   0x0202f56a   0x00000002   PAD
    0x0202f56c   0x0202f56c   0x0000000e   Code   RO         2735    .text.pair_bond_ok  pair_bond.o
    0x0202f57a   0x0202f57a   0x00000002   PAD
    0x0202f57c   0x0202f57c   0x00000052   Code   RO         2737    .text.peer_is_paired  pair_bond.o
    0x0202f5ce   0x0202f5ce   0x00000002   PAD
    0x0202f5d0   0x0202f5d0   0x0000009e   Code   RO          569    .text.pin_id_for_input_source  peripheral_pinctrl.o
    0x0202f66e   0x0202f66e   0x00000002   PAD
    0x0202f670   0x0202f670   0x00000040   Code   RO           53    .text.print_addr    profile.o
    0x0202f6b0   0x0202f6b0   0x0000000e   Code   RO           47    .text.profile_adv_time_out_callback  profile.o
    0x0202f6be   0x0202f6be   0x00000002   PAD
    0x0202f6c0   0x0202f6c0   0x0000003e   Code   RO           45    .text.profile_reconnect_adv_time_out_callback  profile.o
    0x0202f6fe   0x0202f6fe   0x00000002   PAD
    0x0202f700   0x0202f700   0x0000008c   Code   RO           77    .text.profile_user_msg_handler  profile.o
    0x0202f78c   0x0202f78c   0x0000001a   Code   RO          253    .text.program_flash  eflash.o
    0x0202f7a6   0x0202f7a6   0x00000002   PAD
    0x0202f7a8   0x0202f7a8   0x00000034   Code   RO          259    .text.read_flash_security  eflash.o
    0x0202f7dc   0x0202f7dc   0x0000002c   Code   RO           12    .text.read_from_flash  main.o
    0x0202f808   0x0202f808   0x0000002e   Code   RO         2557    .text.sbc_analyze_1b_8s_simd_even  sbc_primitives.o
    0x0202f836   0x0202f836   0x00000002   PAD
    0x0202f838   0x0202f838   0x0000002e   Code   RO         2537    .text.sbc_analyze_1b_8s_simd_odd  sbc_primitives.o
    0x0202f866   0x0202f866   0x00000002   PAD
    0x0202f868   0x0202f868   0x0000006c   Code   RO         2535    .text.sbc_analyze_4b_4s_simd  sbc_primitives.o
    0x0202f8d4   0x0202f8d4   0x0000006c   Code   RO         2539    .text.sbc_analyze_4b_8s_simd  sbc_primitives.o
    0x0202f940   0x0202f940   0x00000150   Code   RO         2609    .text.sbc_analyze_audio  sbc.o
    0x0202fa90   0x0202fa90   0x00000400   Code   RO         2555    .text.sbc_analyze_eight_simd  sbc_primitives.o
    0x0202fe90   0x0202fe90   0x00000238   Code   RO         2553    .text.sbc_analyze_four_simd  sbc_primitives.o
    0x020300c8   0x020300c8   0x000000e4   Code   RO         2549    .text.sbc_calc_scalefactors  sbc_primitives.o
    0x020301ac   0x020301ac   0x00000354   Code   RO         2551    .text.sbc_calc_scalefactors_j  sbc_primitives.o
    0x02030500   0x02030500   0x000010cc   Code   RO         2625    .text.sbc_calculate_bits  sbc.o
    0x020315cc   0x020315cc   0x0000000e   Code   RO         2563    .text.sbc_clz       sbc_primitives.o
    0x020315da   0x020315da   0x00000002   PAD
    0x020315dc   0x020315dc   0x000000a6   Code   RO         2623    .text.sbc_crc8      sbc.o
    0x02031682   0x02031682   0x00000002   PAD
    0x02031684   0x02031684   0x000007aa   Code   RO         2543    .text.sbc_enc_process_input_4s_be  sbc_primitives.o
    0x02031e2e   0x02031e2e   0x00000002   PAD
    0x02031e30   0x02031e30   0x000007ac   Code   RO         2541    .text.sbc_enc_process_input_4s_le  sbc_primitives.o
    0x020325dc   0x020325dc   0x00001b9c   Code   RO         2547    .text.sbc_enc_process_input_8s_be  sbc_primitives.o
    0x02034178   0x02034178   0x00001b9e   Code   RO         2545    .text.sbc_enc_process_input_8s_le  sbc_primitives.o
    0x02035d16   0x02035d16   0x00000002   PAD
    0x02035d18   0x02035d18   0x00000262   Code   RO         2603    .text.sbc_encode    sbc.o
    0x02035f7a   0x02035f7a   0x00000002   PAD
    0x02035f7c   0x02035f7c   0x00000050   Code   RO         2607    .text.sbc_encoder_init  sbc.o
    0x02035fcc   0x02035fcc   0x00000088   Code   RO         2599    .text.sbc_get_codesize  sbc.o
    0x02036054   0x02036054   0x0000010a   Code   RO         2605    .text.sbc_get_frame_length  sbc.o
    0x0203615e   0x0203615e   0x00000002   PAD
    0x02036160   0x02036160   0x00000098   Code   RO         2581    .text.sbc_init_msbc  sbc.o
    0x020361f8   0x020361f8   0x000000a2   Code   RO         2533    .text.sbc_init_primitives  sbc_primitives.o
    0x0203629a   0x0203629a   0x00000002   PAD
    0x0203629c   0x0203629c   0x00000e5a   Code   RO         2619    .text.sbc_pack_frame  sbc.o
    0x020370f6   0x020370f6   0x00000002   PAD
    0x020370f8   0x020370f8   0x00000086   Code   RO         2579    .text.sbc_set_defaults  sbc.o
    0x0203717e   0x0203717e   0x00000002   PAD
    0x02037180   0x02037180   0x0000013e   Code   RO         2621    .text.sbc_unpack_frame  sbc.o
    0x020372be   0x020372be   0x00000002   PAD
    0x020372c0   0x020372c0   0x00000450   Code   RO         2627    .text.sbc_unpack_frame_internal  sbc.o
    0x02037710   0x02037710   0x00000104   Code   RO         2653    .text.sdk_load_private_flash_data  sdk_private_flash_data.o
    0x02037814   0x02037814   0x0000001c   Code   RO         2649    .text.sdk_private_data_write_to_flash  sdk_private_flash_data.o
    0x02037830   0x02037830   0x00000006   Code   RO          261    .text.security_page_read  eflash.o
    0x02037836   0x02037836   0x00000002   PAD
    0x02037838   0x02037838   0x00000010   Code   RO           49    .text.send_data     profile.o
    0x02037848   0x02037848   0x0000027c   Code   RO          215    .text.set_adv_in_stack  mi_rcu_adv.o
    0x02037ac4   0x02037ac4   0x00000032   Code   RO           18    .text.set_reg_bit   main.o
    0x02037af6   0x02037af6   0x00000002   PAD
    0x02037af8   0x02037af8   0x00000032   Code   RO          781    .text.set_reg_bit   peripheral_sysctrl.o
    0x02037b2a   0x02037b2a   0x00000002   PAD
    0x02037b2c   0x02037b2c   0x0000003a   Code   RO           20    .text.set_reg_bits  main.o
    0x02037b66   0x02037b66   0x00000002   PAD
    0x02037b68   0x02037b68   0x00000044   Code   RO          557    .text.set_reg_bits  peripheral_pinctrl.o
    0x02037bac   0x02037bac   0x0000003a   Code   RO          783    .text.set_reg_bits  peripheral_sysctrl.o
    0x02037be6   0x02037be6   0x00000002   PAD
    0x02037be8   0x02037be8   0x00000040   Code   RO           28    .text.setup_pll_clk_and_sleep_para  main.o
    0x02037c28   0x02037c28   0x00000062   Code   RO           57    .text.setup_profile  profile.o
    0x02037c8a   0x02037c8a   0x00000002   PAD
    0x02037c8c   0x02037c8c   0x0000000c   Code   RO         2743    .text.sm_event_identity_resolving_failed_get_handle  pair_bond.o
    0x02037c98   0x02037c98   0x0000000e   Code   RO         2741    .text.sm_event_identity_resolving_succeeded_get_le_device_db_index  pair_bond.o
    0x02037ca6   0x02037ca6   0x00000002   PAD
    0x02037ca8   0x02037ca8   0x0000000c   Code   RO         2727    .text.sm_event_just_works_request_get_handle  pair_bond.o
    0x02037cb4   0x02037cb4   0x0000000c   Code   RO         2731    .text.sm_event_passkey_display_number_get_handle  pair_bond.o
    0x02037cc0   0x02037cc0   0x0000000e   Code   RO         2733    .text.sm_event_passkey_display_number_get_passkey  pair_bond.o
    0x02037cce   0x02037cce   0x00000002   PAD
    0x02037cd0   0x02037cd0   0x0000000c   Code   RO         2729    .text.sm_event_passkey_input_number_get_handle  pair_bond.o
    0x02037cdc   0x02037cdc   0x0000022e   Code   RO         2723    .text.sm_packet_handler  pair_bond.o
    0x02037f0a   0x02037f0a   0x00000002   PAD
    0x02037f0c   0x02037f0c   0x000000a0   Code   RO          555    .text.source_id_on_pin  peripheral_pinctrl.o
    0x02037fac   0x02037fac   0x00000022   Code   RO          209    .text.start_adv     mi_rcu_adv.o
    0x02037fce   0x02037fce   0x00000002   PAD
    0x02037fd0   0x02037fd0   0x0000001a   Code   RO          217    .text.stop_adv_in_stack  mi_rcu_adv.o
    0x02037fea   0x02037fea   0x00000002   PAD
    0x02037fec   0x02037fec   0x00000066   Code   RO           14    .text.system_tune_32k  main.o
    0x02038052   0x02038052   0x00000002   PAD
    0x02038054   0x02038054   0x00000040   Code   RO         2719    .text.traversing_device_db  pair_bond.o
    0x02038094   0x02038094   0x00000012   Code   RO           16    .text.trim_rf_freq  main.o
    0x020380a6   0x020380a6   0x00000002   PAD
    0x020380a8   0x020380a8   0x0000001c   Code   RO         1433    .text.uint16_revert_byte  audio_input_sim.o
    0x020380c4   0x020380c4   0x00000014   Code   RO         2559    .text.unaligned16_be  sbc_primitives.o
    0x020380d8   0x020380d8   0x00000014   Code   RO         2561    .text.unaligned16_le  sbc_primitives.o
    0x020380ec   0x020380ec   0x00000014   Code   RO           41    .text.update_connection_parameter  profile.o
    0x02038100   0x02038100   0x0000005a   Code   RO         2709    .text.update_ir     pair_bond.o
    0x0203815a   0x0203815a   0x00000002   PAD
    0x0203815c   0x0203815c   0x00000074   Code   RO           75    .text.user_msg_handler  profile.o
    0x020381d0   0x020381d0   0x000001d0   Code   RO           63    .text.user_packet_handler  profile.o
    0x020383a0   0x020383a0   0x0000000c   Code   RO         2774    .text.vr_get_sys_status  key_board.o
    0x020383ac   0x020383ac   0x0000003c   Code   RO         2770    .text.vr_set_sys_status  key_board.o
    0x020383e8   0x020383e8   0x0000004a   Code   RO          207    .text.vr_start_adv  mi_rcu_adv.o
    0x02038432   0x02038432   0x00000002   PAD
    0x02038434   0x02038434   0x0000001a   Code   RO          211    .text.vr_stop_adv   mi_rcu_adv.o
    0x0203844e   0x0203844e   0x00000002   PAD
    0x02038450   0x02038450   0x0000000e   Code   RO          163    .text.vr_system_before_sleep  mi_rcu_key.o
    0x0203845e   0x0203845e   0x00000002   PAD
    0x02038460   0x02038460   0x00000028   Code   RO          161    .text.vr_system_start  mi_rcu_key.o
    0x02038488   0x02038488   0x00000002   Code   RO         2739    .text.wait_master_clear_pair_info  pair_bond.o
    0x0203848a   0x0203848a   0x00000002   PAD
    0x0203848c   0x0203848c   0x0000009e   Code   RO          255    .text.write_flash   eflash.o
    0x0203852a   0x0203852a   0x00000002   PAD
    0x0203852c   0x0203852c   0x00000028   Code   RO         2930    i.__0sprintf        mc_w.l(printfa.o)
    0x02038554   0x02038554   0x0000000e   Code   RO         3102    i.__scatterload_copy  mc_w.l(handlers.o)
    0x02038562   0x02038562   0x00000002   Code   RO         3103    i.__scatterload_null  mc_w.l(handlers.o)
    0x02038564   0x02038564   0x0000000e   Code   RO         3104    i.__scatterload_zeroinit  mc_w.l(handlers.o)
    0x02038572   0x02038572   0x00000002   PAD
    0x02038574   0x02038574   0x00000184   Code   RO         2935    i._fp_digits        mc_w.l(printfa.o)
    0x020386f8   0x020386f8   0x000006dc   Code   RO         2936    i._printf_core      mc_w.l(printfa.o)
    0x02038dd4   0x02038dd4   0x00000024   Code   RO         2937    i._printf_post_padding  mc_w.l(printfa.o)
    0x02038df8   0x02038df8   0x0000002e   Code   RO         2938    i._printf_pre_padding  mc_w.l(printfa.o)
    0x02038e26   0x02038e26   0x0000000a   Code   RO         2940    i._sputc            mc_w.l(printfa.o)
    0x02038e30   0x02038e30   0x00000050   Code   RO         2955    i.free              mc_w.l(malloc.o)
    0x02038e80   0x02038e80   0x0000006c   Code   RO         2956    i.malloc            mc_w.l(malloc.o)
    0x02038eec   0x02038eec   0x00000093   Data   RO          124    .rodata.KB_REPORT_MAP  mi_rcu_service.o
    0x02038f7f   0x02038f7f   0x0000001a   Data   RO          233    .rodata.adv_data_pairing  mi_rcu_adv.o
    0x02038f99   0x02038f99   0x0000001a   Data   RO          234    .rodata.adv_data_prompt  mi_rcu_adv.o
    0x02038fb3   0x02038fb3   0x0000001a   Data   RO          231    .rodata.adv_data_reconnect  mi_rcu_adv.o
    0x02038fcd   0x02038fcd   0x00000003   PAD
    0x02038fd0   0x02038fd0   0x00000070   Data   RO         2567    .rodata.analysis_consts_fixed4_simd_even  sbc_primitives.o
    0x02039040   0x02039040   0x00000070   Data   RO         2566    .rodata.analysis_consts_fixed4_simd_odd  sbc_primitives.o
    0x020390b0   0x020390b0   0x00000120   Data   RO         2569    .rodata.analysis_consts_fixed8_simd_even  sbc_primitives.o
    0x020391d0   0x020391d0   0x00000120   Data   RO         2568    .rodata.analysis_consts_fixed8_simd_odd  sbc_primitives.o
    0x020392f0   0x020392f0   0x00000400   Data   RO         1476    .rodata.audio_denoise_a4  audio_denoise.o
    0x020396f0   0x020396f0   0x00000400   Data   RO         1475    .rodata.audio_denoise_hanning  audio_denoise.o
    0x02039af0   0x02039af0   0x00000100   Data   RO         2633    .rodata.crc_table   sbc.o
    0x02039bf0   0x02039bf0   0x0000031e   Data   RO          571    .rodata.io_output_source_map  peripheral_pinctrl.o
    0x02039f0e   0x02039f0e   0x00000010   Data   RO          140    .rodata.mi_rcu_char_dfu_control_point_uuid128  mi_rcu_service.o
    0x02039f1e   0x02039f1e   0x00000010   Data   RO          141    .rodata.mi_rcu_char_dfu_packet_uuid128  mi_rcu_service.o
    0x02039f2e   0x02039f2e   0x00000010   Data   RO          138    .rodata.mi_rcu_char_notify_uuid128  mi_rcu_service.o
    0x02039f3e   0x02039f3e   0x00000010   Data   RO          137    .rodata.mi_rcu_char_write_no_resp_uuid128  mi_rcu_service.o
    0x02039f4e   0x02039f4e   0x00000010   Data   RO          139    .rodata.mi_rcu_char_write_uuid128  mi_rcu_service.o
    0x02039f5e   0x02039f5e   0x00000002   Data   RO          128    .rodata.mi_rcu_kb_desc_output_report  mi_rcu_service.o
    0x02039f60   0x02039f60   0x0000001c   Data   RO          192    .rodata.mi_rcu_key_set  mi_rcu_key.o
    0x02039f7c   0x02039f7c   0x00000010   Data   RO          136    .rodata.mi_rcu_service_uuid128  mi_rcu_service.o
    0x02039f8c   0x02039f8c   0x00000048   Data   RO          275    .rodata.prog_security_page_read  eflash.o
    0x02039fd4   0x02039fd4   0x00000040   Data   RO         2634    .rodata.sbc_offset4  sbc.o
    0x0203a014   0x0203a014   0x00000080   Data   RO         2635    .rodata.sbc_offset8  sbc.o
    0x0203a094   0x0203a094   0x0000001d   Data   RO          232    .rodata.scan_data   mi_rcu_adv.o
    0x0203a0b1   0x0203a0b1   0x00000119   Data   RO           30    .rodata.str1.1      main.o
    0x0203a1ca   0x0203a1ca   0x0000010a   Data   RO           82    .rodata.str1.1      profile.o
    0x0203a2d4   0x0203a2d4   0x00000098   Data   RO          142    .rodata.str1.1      mi_rcu_service.o
    0x0203a36c   0x0203a36c   0x000001be   Data   RO          194    .rodata.str1.1      mi_rcu_key.o
    0x0203a52a   0x0203a52a   0x00000057   Data   RO          225    .rodata.str1.1      mi_rcu_adv.o
    0x0203a581   0x0203a581   0x00000084   Data   RO         1389    .rodata.str1.1      audio_service.o
    0x0203a605   0x0203a605   0x00000047   Data   RO         1436    .rodata.str1.1      audio_input_sim.o
    0x0203a64c   0x0203a64c   0x0000000a   Data   RO         2565    .rodata.str1.1      sbc_primitives.o
    0x0203a656   0x0203a656   0x0000000d   Data   RO         2657    .rodata.str1.1      sdk_private_flash_data.o
    0x0203a663   0x0203a663   0x00000092   Data   RO         2686    .rodata.str1.1      low_power.o
    0x0203a6f5   0x0203a6f5   0x00000173   Data   RO         2747    .rodata.str1.1      pair_bond.o
    0x0203a868   0x0203a868   0x00000032   Data   RO         2794    .rodata.str1.1      key_board.o
    0x0203a89a   0x0203a89a   0x0000004e   Data   RO         2849    .rodata.str1.1      vr_key.o
    0x0203a8e8   0x0203a8e8   0x00000020   Data   RO         3101    Region$$Table       anon$$obj.o


    Execution Region RW_IRAM1 (Exec base: 0x20005438, Load base: 0x0203a908, Size: 0x000028d4, Max: 0x00002bc8, ABSOLUTE, COMPRESSED[0x000001f8])

    Exec Addr    Load Addr    Size         Type   Attr      Idx    E Section Name        Object

    0x20005438   COMPRESSED   0x00000004   Data   RW         3076    .data               mc_w.l(mvars.o)
    0x2000543c   COMPRESSED   0x00000004   Data   RW         3077    .data               mc_w.l(mvars.o)
    0x20005440   COMPRESSED   0x00000002   Data   RW         2858    .data.KEYSCAN_KeyStateUpdate.pressKeyId  vr_key.o
    0x20005442   COMPRESSED   0x0000001f   Data   RW          221    .data.adv_data_power  mi_rcu_adv.o
    0x20005461   COMPRESSED   0x00000003   PAD
    0x20005464   COMPRESSED   0x000000b4   Data   RW          227    .data.adv_para      mi_rcu_adv.o
    0x20005518   COMPRESSED   0x00000004   Data   RW          224    .data.adv_timer_ms  mi_rcu_adv.o
    0x2000551c   COMPRESSED   0x00000008   Data   RW          120    .data.att_read_con_para  mi_rcu_service.o
    0x20005524   COMPRESSED   0x00000007   Data   RW          121    .data.att_read_pnp_id_data  mi_rcu_service.o
    0x2000552b   COMPRESSED   0x00000001   PAD
    0x2000552c   COMPRESSED   0x00000010   Data   RW           80    .data.con_parameters  profile.o
    0x2000553c   COMPRESSED   0x00000004   PAD
    0x20005540   COMPRESSED   0x00000010   Data   RW         2859    .data.doubleKey     vr_key.o
    0x20005550   COMPRESSED   0x00000030   Data   RW          196    .data.doubleKeyMap  mi_rcu_key.o
    0x20005580   COMPRESSED   0x00000058   Data   RW           31    .data.evt_cb_table  main.o
    0x200055d8   COMPRESSED   0x00000004   Data   RW           83    .data.g_fun_bt_send_data  profile.o
    0x200055dc   COMPRESSED   0x000000ac   Data   RW         2655    .data.g_power_off_save_data_in_ram  sdk_private_flash_data.o
    0x20005688   COMPRESSED   0x00000002   Data   RW         1435    .data.g_sample_rate  audio_input_sim.o
    0x2000568a   COMPRESSED   0x0000002a   Data   RW         2816    .data.gpio_retention_group  keyscan_bsp.o
    0x200056b4   COMPRESSED   0x00000002   Data   RW           79    .data.handle_send   profile.o
    0x200056b6   COMPRESSED   0x00000002   PAD
    0x200056b8   COMPRESSED   0x00000030   Data   RW          197    .data.keepPressedKeyMap  mi_rcu_key.o
    0x200056e8   COMPRESSED   0x00000060   Data   RW          195    .data.keyFuncMap    mi_rcu_key.o
    0x20005748   COMPRESSED   0x00000006   Data   RW          190    .data.key_in_col    mi_rcu_key.o
    0x2000574e   COMPRESSED   0x00000008   Data   RW          189    .data.key_out_row   mi_rcu_key.o
    0x20005756   COMPRESSED   0x00000001   Data   RW         2796    .data.key_state_now_index  key_board.o
    0x20005757   COMPRESSED   0x00000001   Data   RW         2688    .data.low_power_exit_saving.last_reason  low_power.o
    0x20005758   COMPRESSED   0x00000002   Data   RW          122    .data.mi_rcu_att_notify_battery_handle  mi_rcu_service.o
    0x2000575a   COMPRESSED   0x00000002   Data   RW          148    .data.mi_rcu_con_handle  mi_rcu_service.o
    0x2000575c   COMPRESSED   0x00000004   Data   RW          123    .data.mi_rcu_hid_info  mi_rcu_service.o
    0x20005760   COMPRESSED   0x00000002   Data   RW          130    .data.mi_rcu_kb_desc_feature_report  mi_rcu_service.o
    0x20005762   COMPRESSED   0x00000002   Data   RW          127    .data.mi_rcu_kb_desc_input_report  mi_rcu_service.o
    0x20005764   COMPRESSED   0x0000001c   Data   RW          193    .data.mi_rcu_key_fun_map  mi_rcu_key.o
    0x20005780   COMPRESSED   0x00000001   Data   RW          151    .data.mi_rcu_protocol_mode  mi_rcu_service.o
    0x20005781   COMPRESSED   0x00000001   Data   RW          198    .data.mi_rcu_single_key_handle.is_first_key  mi_rcu_key.o
    0x20005782   COMPRESSED   0x00000013   Data   RW          135    .data.mi_rcu_ver_report  mi_rcu_service.o
    0x20005795   COMPRESSED   0x00000001   Data   RW          226    .data.msg_adv_type  mi_rcu_adv.o
    0x20005796   COMPRESSED   0x00000001   Data   RW          145    .data.notify_battery_data  mi_rcu_service.o
    0x20005797   COMPRESSED   0x00000014   Data   RW          149    .data.notify_voice_control_data  mi_rcu_service.o
    0x200057ab   COMPRESSED   0x00000001   PAD
    0x200057ac   COMPRESSED   0x00000004   Data   RW         2656    .data.p_power_off_save_data_in_flash  sdk_private_flash_data.o
    0x200057b0   COMPRESSED   0x00000006   Data   RW           32    .data.pub_addr_r    main.o
    0x200057b6   COMPRESSED   0x00000002   Data   RW         2855    .data.scan_cycle_keyId  vr_key.o
    0x200057b8   COMPRESSED   0x00000008   Data   RW         2749    .data.sm_event_callback_registration  pair_bond.o
    0x200057c0   COMPRESSED   0x00000027   Data   RW         2745    .data.sm_persistent  pair_bond.o
    0x200057e7   COMPRESSED   0x00000004   Data   RW         1394    .data.voice_data_header_seq  audio_service.o
    0x200057eb   COMPRESSED   0x00000001   Data   RW         2793    .data.vr_sys_status  key_board.o
    0x200057ec   COMPRESSED   0x00000004   PAD
    0x200057f0        -       0x0000000c   Zero   RW          412    .bss.ADC_adcCal     peripheral_adc.o
    0x200057fc        -       0x00000001   Zero   RW         1442    .bss.DMA_cb_isr.multi_sample_cnt  audio_input_sim.o
    0x200057fd   COMPRESSED   0x00000001   PAD
    0x200057fe        -       0x00000002   Zero   RW         1441    .bss.DMA_cb_isr.multi_sample_sum  audio_input_sim.o
    0x20005800        -       0x00000004   Zero   RW         2856    .bss.KEYSCAN_KeyStateUpdate.pressCnt  vr_key.o
    0x20005804        -       0x00000001   Zero   RW         2857    .bss.KEYSCAN_KeyStateUpdate.pressKeyNum  vr_key.o
    0x20005805        -       0x00000001   Zero   RW         2851    .bss.KEYSCAN_cb_isr.have_key_pressed  vr_key.o
    0x20005806        -       0x00000001   Zero   RW         2852    .bss.KEYSCAN_cb_isr.no_key_pressed_cnt  vr_key.o
    0x20005807   COMPRESSED   0x00000001   PAD
    0x20005808        -       0x00000004   Zero   RW         2850    .bss.KeyTask_handler  vr_key.o
    0x2000580c        -       0x00000004   Zero   RW         2848    .bss.Key_BinarySemaphore  vr_key.o
    0x20005810        -       0x00000006   Zero   RW         2750    .bss.PeerAddr       pair_bond.o
    0x20005816   COMPRESSED   0x00000002   PAD
    0x20005818        -       0x00000048   Zero   RW         1437    .bss.PingPong       audio_input_sim.o
    0x20005860        -       0x00000006   Zero   RW          228    .bss.adv_sets_en    mi_rcu_adv.o
    0x20005866   COMPRESSED   0x00000002   PAD
    0x20005868        -       0x00000004   Zero   RW          229    .bss.adv_time_out_timer  mi_rcu_adv.o
    0x2000586c        -       0x00000004   Zero   RW          222    .bss.adv_timer_call_back_fun  mi_rcu_adv.o
    0x20005870        -       0x00000004   Zero   RW         1340    .bss.att_db         att_db_util.o
    0x20005874        -       0x00000002   Zero   RW         1341    .bss.att_db_max_size  att_db_util.o
    0x20005876        -       0x00000002   Zero   RW         1343    .bss.att_db_next_handle  att_db_util.o
    0x20005878        -       0x00000002   Zero   RW         1342    .bss.att_db_size    att_db_util.o
    0x2000587a        -       0x000007d0   Zero   RW           85    .bss.att_db_storage  profile.o
    0x2000604a   COMPRESSED   0x00000002   PAD
    0x2000604c        -       0x00000004   Zero   RW         1381    .bss.audio_data_porcess_callback  audio_service.o
    0x20006050        -       0x00000001   Zero   RW         1478    .bss.audio_denoise_init.init_done  audio_denoise.o
    0x20006051   COMPRESSED   0x00000003   PAD
    0x20006054        -       0x00000004   Zero   RW         1438    .bss.audio_input_sim_data_index  audio_input_sim.o
    0x20006058        -       0x00000004   Zero   RW         1392    .bss.audio_rx_sample.sample_cnt  audio_service.o
    0x2000605c        -       0x00000004   Zero   RW         1457    .bss.codesize       audio_msbc.o
    0x20006060        -       0x00000002   Zero   RW           81    .bss.con_para_latency  profile.o
    0x20006062   COMPRESSED   0x00000002   PAD
    0x20006064        -       0x00000004   Zero   RW         1477    .bss.denoise_handle  audio_denoise.o
    0x20006068        -       0x00000017   Zero   RW         2746    .bss.direct_param   pair_bond.o
    0x2000607f   COMPRESSED   0x00000001   PAD
    0x20006080        -       0x00000004   Zero   RW         1390    .bss.enc_input_fun  audio_service.o
    0x20006084        -       0x00000004   Zero   RW         2692    .bss.enter_low_power_timer  low_power.o
    0x20006088        -       0x00000001   Zero   RW         2687    .bss.exit_saving    low_power.o
    0x20006089   COMPRESSED   0x00000003   PAD
    0x2000608c        -       0x00000004   Zero   RW          413    .bss.ftCali         peripheral_adc.o
    0x20006090        -       0x00000004   Zero   RW         2689    .bss.g_sys_work_status_bits  low_power.o
    0x20006094        -       0x00000004   Zero   RW         2818    .bss.group0_input_map  keyscan_bsp.o
    0x20006098        -       0x00000004   Zero   RW         2819    .bss.group1_input_map  keyscan_bsp.o
    0x2000609c        -       0x00000001   Zero   RW         2792    .bss.have_key_pressing  key_board.o
    0x2000609d   COMPRESSED   0x00000003   PAD
    0x200060a0        -       0x00000008   Zero   RW           84    .bss.hci_event_callback_registration  profile.o
    0x200060a8        -       0x00000004   Zero   RW         2798    .bss.key_board_set  key_board.o
    0x200060ac        -       0x00000028   Zero   RW         2843    .bss.key_ctx        vr_key.o
    0x200060d4        -       0x00000004   Zero   RW         2817    .bss.key_pressed_callback  keyscan_bsp.o
    0x200060d8        -       0x00000018   Zero   RW         2795    .bss.key_state_buf  key_board.o
    0x200060f0        -       0x00000001   Zero   RW         2797    .bss.key_state_last_index  key_board.o
    0x200060f1   COMPRESSED   0x00000003   PAD
    0x200060f4        -       0x00000004   Zero   RW         2691    .bss.low_power_task_BinarySemaphore  low_power.o
    0x200060f8        -       0x00000004   Zero   RW         2693    .bss.low_power_task_handler  low_power.o
    0x200060fc        -       0x00000001   Zero   RW         2694    .bss.low_power_timer_is_run  low_power.o
    0x200060fd        -       0x00000001   Zero   RW         2690    .bss.low_power_try_enter_cnt  low_power.o
    0x200060fe        -       0x00000002   Zero   RW          126    .bss.mi_rcu_att_notify_hid_report_handle  mi_rcu_service.o
    0x20006100        -       0x00000002   Zero   RW          131    .bss.mi_rcu_att_notify_voice_control_handle  mi_rcu_service.o
    0x20006102        -       0x00000002   Zero   RW          132    .bss.mi_rcu_att_notify_voice_handle_ch1  mi_rcu_service.o
    0x20006104        -       0x00000002   Zero   RW          133    .bss.mi_rcu_att_notify_voice_handle_ch2  mi_rcu_service.o
    0x20006106        -       0x00000002   Zero   RW          134    .bss.mi_rcu_att_notify_voice_handle_ch3  mi_rcu_service.o
    0x20006108        -       0x00000002   Zero   RW          129    .bss.mi_rcu_att_write_voice_control_handle  mi_rcu_service.o
    0x2000610a        -       0x00000001   Zero   RW          144    .bss.mi_rcu_notify_enable  mi_rcu_service.o
    0x2000610b        -       0x00000008   Zero   RW          125    .bss.mi_rcu_report  mi_rcu_service.o
    0x20006113        -       0x00000039   Zero   RW         1459    .bss.msbc_output_data  audio_msbc.o
    0x2000614c        -       0x00000004   Zero   RW         1458    .bss.msbc_output_fun  audio_msbc.o
    0x20006150        -       0x00000003   Zero   RW          143    .bss.notify_voice_handle  mi_rcu_service.o
    0x20006153        -       0x00000001   Zero   RW          146    .bss.notify_voice_handle_index  mi_rcu_service.o
    0x20006154        -       0x00000001   Zero   RW          199    .bss.power_adv_start  mi_rcu_key.o
    0x20006155        -       0x00000006   Zero   RW           33    .bss.pub_addr       main.o
    0x2000615b        -       0x00000001   Zero   RW         2748    .bss.resolve_fail   pair_bond.o
    0x2000615c        -       0x000001e0   Zero   RW         1393    .bss.sample_buf     audio_service.o
    0x2000633c        -       0x00000004   Zero   RW         1382    .bss.sample_buf_index  audio_service.o
    0x20006340        -       0x00000004   Zero   RW         1383    .bss.sample_index   audio_service.o
    0x20006344        -       0x00000014   Zero   RW         1456    .bss.sbc            audio_msbc.o
    0x20006358        -       0x00000001   Zero   RW         2853    .bss.scan_cycle_keyNum  vr_key.o
    0x20006359        -       0x00000001   Zero   RW         2854    .bss.scan_cycle_key_state_changed  vr_key.o
    0x2000635a        -       0x0000012c   Zero   RW         1391    .bss.send_data_buffer  audio_service.o
    0x20006486        -       0x00000002   Zero   RW         1384    .bss.send_data_frame_index  audio_service.o
    0x20006488        -       0x00000002   Zero   RW          147    .bss.send_next_block_index  mi_rcu_service.o
    0x2000648a        -       0x00000002   Zero   RW         1385    .bss.seq_cnt        audio_service.o
    0x2000648c        -       0x00000006   Zero   RW         1386    .bss.ucQueueStorageArea  audio_service.o
    0x20006492        -       0x00000001   Zero   RW          191    .bss.voice_key_pressed  mi_rcu_key.o
    0x20006493        -       0x00000006   Zero   RW          223    .bss.vr_adv_addr    mi_rcu_adv.o
    0x20006499   COMPRESSED   0x00000003   PAD
    0x2000649c        -       0x00000004   Zero   RW         2846    .bss.vr_key_all_release_callback  vr_key.o
    0x200064a0        -       0x00000004   Zero   RW         2847    .bss.vr_key_map     vr_key.o
    0x200064a4        -       0x00000004   Zero   RW         2844    .bss.vr_key_pressed_callback  vr_key.o
    0x200064a8        -       0x00000004   Zero   RW         2845    .bss.vr_key_scan_one_cycle_callback  vr_key.o
    0x200064ac        -       0x00000004   Zero   RW          230    .bss.xHigherPriorityTaskWoken  mi_rcu_adv.o
    0x200064b0        -       0x00000004   Zero   RW         2695    .bss.xHigherPriorityTaskWoken  low_power.o
    0x200064b4        -       0x00000004   Zero   RW         1388    .bss.xSampleQueue   audio_service.o
    0x200064b8        -       0x0000004c   Zero   RW         1387    .bss.xStaticSampleQueue  audio_service.o
    0x20006504   COMPRESSED   0x00000004   PAD
    0x20006508        -       0x00001800   Zero   RW          242    HEAP                startup_ing91600.o
    0x20007d08        -       0x00000004   Zero   RW          241    STACK               startup_ing91600.o


==============================================================================

Image component sizes


      Code (inc. data)   RO Data    RW Data    ZI Data      Debug   Object Name

      1066          0          0          0         10       3776   att_db_util.o
       264          0       2048          0          5       4870   audio_denoise.o
       546          0         71          2         79       6292   audio_input_sim.o
       210          0          0          0         85       1709   audio_msbc.o
       948          0        132          4        890      10237   audio_service.o
       684          0         72          0          0       4436   eflash.o
       608          0         50          2         30       7330   key_board.o
      1032          0          0         42         12      11859   keyscan_bsp.o
      2180          4        146          1         23       9379   low_power.o
       768          0        281         94          6      11598   main.o
       898          0        194        216         24       5634   mi_rcu_adv.o
       850          8        474        235          2       9125   mi_rcu_key.o
      3330          4        397         68         27       8709   mi_rcu_service.o
      1394         32        371         47         30       8531   pair_bond.o
      3630         16          0          0         16      12283   peripheral_adc.o
      1288         56          0          0          0      10016   peripheral_dma.o
      1434          0          0          0          0       7197   peripheral_gpio.o
      1348          0          0          0          0      12226   peripheral_keyscan.o
      1426          0        798          0          0      13513   peripheral_pinctrl.o
      2848         96          0          0          0      22609   peripheral_sysctrl.o
        30          0          0          0          0       4912   peripheral_timer.o
        36          0          0          0          0       5775   peripheral_uart.o
       532          0          0          0          0       3449   pingpong.o
      1398          8        266         22       2010       8377   profile.o
     12306          4        448          0          0      25593   sbc.o
     21260          0        810          0          0      14635   sbc_primitives.o
       288          0         13        176          0       2538   sdk_private_flash_data.o
        40         12          8          0       6148        424   startup_ing91600.o
      2320          0         78         20         73      10761   vr_key.o

    ----------------------------------------------------------------------
     65244        240       6692        940       9504     257793   Object Totals
         0          0         32          0          0          0   (incl. Generated)
       282          0          3         11         34          0   (incl. Padding)

    ----------------------------------------------------------------------

      Code (inc. data)   RO Data    RW Data    ZI Data      Debug   Library Member Name

        86          0          0          0          0          0   __dczerorl2.o
        28          0          0          0          0         76   calloc.o
         0          0          0          0          0          0   entry.o
         0          0          0          0          0          0   entry10a.o
         0          0          0          0          0          0   entry11a.o
         8          4          0          0          0          0   entry2.o
         4          0          0          0          0          0   entry5.o
         0          0          0          0          0          0   entry7b.o
         0          0          0          0          0          0   entry8b.o
         8          4          0          0          0          0   entry9a.o
        30          0          0          0          0          0   handlers.o
        36          8          0          0          0         68   init.o
         0          0          0          0          0          0   iusefp.o
        30          0          0          0          0         68   llshl.o
        36          0          0          0          0         68   llsshr.o
        32          0          0          0          0         68   llushr.o
       188         20          0          0          0        160   malloc.o
        36          0          0          0          0         68   memcpya.o
        36          0          0          0          0        108   memseta.o
         0          0          0          8          0          0   mvars.o
      2276         86          0          0          0        520   printfa.o
        24          0          0          0          0         76   strncpy.o
        44          0          0          0          0         80   uidiv.o
        98          0          0          0          0         92   uldiv.o
        48          0          0          0          0         68   cdrcmple.o
       334          0          0          0          0        148   dadd.o
       222          0          0          0          0        100   ddiv.o
       186          0          0          0          0        176   depilogue.o
        48          0          0          0          0         68   dfixul.o
        34          0          0          0          0         76   dflti.o
       228          0          0          0          0         96   dmul.o

    ----------------------------------------------------------------------
      4104        122          0          8          0       2184   Library Totals
         4          0          0          0          0          0   (incl. Padding)

    ----------------------------------------------------------------------

      Code (inc. data)   RO Data    RW Data    ZI Data      Debug   Library Name

      3000        122          0          8          0       1452   mc_w.l
      1100          0          0          0          0        732   mf_w.l

    ----------------------------------------------------------------------
      4104        122          0          8          0       2184   Library Totals

    ----------------------------------------------------------------------

==============================================================================


      Code (inc. data)   RO Data    RW Data    ZI Data      Debug   

     69348        362       6692        948       9504     258525   Grand Totals
     69348        362       6692        504       9504     258525   ELF Image Totals (compressed)
     69348        362       6692        504          0          0   ROM Totals

==============================================================================

    Total RO  Size (Code + RO Data)                76040 (  74.26kB)
    Total RW  Size (RW Data + ZI Data)             10452 (  10.21kB)
    Total ROM Size (Code + RO Data + RW Data)      76544 (  74.75kB)

==============================================================================

