Component: ARM Compiler 6.16 Tool: armlink [5dfeaa00]

==============================================================================

Section Cross References

    main.o(.text.test_shutdown_wakeup) refers to peripheral_sysctrl.o(.text.SYSCTRL_ClearClkGateMulti) for SYSCTRL_ClearClkGateMulti
    main.o(.text.test_shutdown_wakeup) refers to peripheral_pinctrl.o(.text.PINCTRL_SetPadMux) for PINCTRL_SetPadMux
    main.o(.text.test_shutdown_wakeup) refers to peripheral_pinctrl.o(.text.PINCTRL_Pull) for PINCTRL_Pull
    main.o(.text.test_shutdown_wakeup) refers to peripheral_gpio.o(.text.GIO_SetDirection) for GIO_SetDirection
    main.o(.text.test_shutdown_wakeup) refers to peripheral_gpio.o(.text.GIO_ConfigIntSource) for GIO_ConfigIntSource
    main.o(.text.test_shutdown_wakeup) refers to peripheral_gpio.o(.text.GIO_EnableDeepSleepWakeupSource) for GIO_EnableDeepSleepWakeupSource
    main.o(.text.test_shutdown_wakeup) refers to peripheral_gpio.o(.text.GIO_EnableDeeperSleepWakeupSourceGroupA) for GIO_EnableDeeperSleepWakeupSourceGroupA
    main.o(.text.test_shutdown_wakeup) refers to peripheral_gpio.o(.text.GIO_EnableRetentionGroupA) for GIO_EnableRetentionGroupA
    main.o(.text.test_shutdown_wakeup) refers to main.o(.rodata.str1.1) for .L.str
    main.o(.ARM.exidx.text.test_shutdown_wakeup) refers to main.o(.text.test_shutdown_wakeup) for [Anonymous Symbol]
    main.o(.ARM.exidx.text.test_wfi) refers to main.o(.text.test_wfi) for [Anonymous Symbol]
    main.o(.text.app_main) refers to sdk_private_flash_data.o(.text.sdk_load_private_flash_data) for sdk_load_private_flash_data
    main.o(.text.app_main) refers to main.o(.text.db_write_to_flash) for db_write_to_flash
    main.o(.text.app_main) refers to main.o(.text.read_from_flash) for read_from_flash
    main.o(.text.app_main) refers to low_power.o(.ramfunc) for m_setup_peripherals
    main.o(.text.app_main) refers to peripheral_sysctrl.o(.text.SYSCTRL_Init) for SYSCTRL_Init
    main.o(.text.app_main) refers to main.o(.data.evt_cb_table) for evt_cb_table
    main.o(.text.app_main) refers to main.o(.text.system_tune_32k) for system_tune_32k
    main.o(.text.app_main) refers to main.o(.text.trim_rf_freq) for trim_rf_freq
    main.o(.text.app_main) refers to main.o(.rodata.str1.1) for .L.str.1
    main.o(.text.app_main) refers to main.o(.data.pub_addr_r) for pub_addr_r
    main.o(.text.app_main) refers to main.o(.bss.pub_addr) for pub_addr
    main.o(.text.app_main) refers to sdk_private_flash_data.o(.data.g_power_off_save_data_in_ram) for g_power_off_save_data_in_ram
    main.o(.text.app_main) refers to peripheral_sysctrl.o(.text.SYSCTRL_SelectMemoryBlocks) for SYSCTRL_SelectMemoryBlocks
    main.o(.ARM.exidx.text.app_main) refers to main.o(.text.app_main) for [Anonymous Symbol]
    main.o(.text.db_write_to_flash) refers to main.o(.rodata.str1.1) for .L.str.2
    main.o(.text.db_write_to_flash) refers to eflash.o(.text.program_flash) for program_flash
    main.o(.ARM.exidx.text.db_write_to_flash) refers to main.o(.text.db_write_to_flash) for [Anonymous Symbol]
    main.o(.text.read_from_flash) refers to main.o(.rodata.str1.1) for .L.str.3
    main.o(.text.read_from_flash) refers to memcpya.o(.text) for __aeabi_memcpy
    main.o(.ARM.exidx.text.read_from_flash) refers to main.o(.text.read_from_flash) for [Anonymous Symbol]
    main.o(.text.system_tune_32k) refers to main.o(.text.setup_pll_clk_and_sleep_para) for setup_pll_clk_and_sleep_para
    main.o(.text.system_tune_32k) refers to main.o(.rodata.str1.1) for .L.str.7
    main.o(.ARM.exidx.text.system_tune_32k) refers to main.o(.text.system_tune_32k) for [Anonymous Symbol]
    main.o(.ARM.exidx.text.trim_rf_freq) refers to main.o(.text.trim_rf_freq) for [Anonymous Symbol]
    main.o(.text.cb_hard_fault) refers to main.o(.rodata.str1.1) for .L.str.4
    main.o(.ARM.exidx.text.cb_hard_fault) refers to main.o(.text.cb_hard_fault) for [Anonymous Symbol]
    main.o(.text.cb_assertion) refers to main.o(.rodata.str1.1) for .L.str.5
    main.o(.ARM.exidx.text.cb_assertion) refers to main.o(.text.cb_assertion) for [Anonymous Symbol]
    main.o(.text.cb_heap_out_of_mem) refers to main.o(.rodata.str1.1) for .L.str.6
    main.o(.ARM.exidx.text.cb_heap_out_of_mem) refers to main.o(.text.cb_heap_out_of_mem) for [Anonymous Symbol]
    main.o(.text.setup_pll_clk_and_sleep_para) refers to peripheral_sysctrl.o(.text.SYSCTRL_EnableConfigClocksAfterWakeup) for SYSCTRL_EnableConfigClocksAfterWakeup
    main.o(.text.setup_pll_clk_and_sleep_para) refers to peripheral_sysctrl.o(.text.SYSCTRL_EnableSlowRC) for SYSCTRL_EnableSlowRC
    main.o(.ARM.exidx.text.setup_pll_clk_and_sleep_para) refers to main.o(.text.setup_pll_clk_and_sleep_para) for [Anonymous Symbol]
    main.o(.data.evt_cb_table) refers to low_power.o(.ramfunc) for cb_putc
    main.o(.data.evt_cb_table) refers to profile.o(.text.setup_profile) for setup_profile
    main.o(.data.evt_cb_table) refers to main.o(.text.cb_hard_fault) for cb_hard_fault
[...]
    main                                     0x020285f9   Thumb Code    14  startup_ing91600.o(.text)
    __scatterload                            0x02028611   Thumb Code    28  init.o(.text)
    __scatterload_rt2                        0x02028611   Thumb Code     0  init.o(.text)
    __aeabi_uldivmod                         0x02028635   Thumb Code    98  uldiv.o(.text)
    __aeabi_memcpy                           0x02028697   Thumb Code    36  memcpya.o(.text)
    __aeabi_memcpy4                          0x02028697   Thumb Code     0  memcpya.o(.text)
    __aeabi_memcpy8                          0x02028697   Thumb Code     0  memcpya.o(.text)
    __aeabi_memset                           0x020286bb   Thumb Code    14  memseta.o(.text)
    __aeabi_memset4                          0x020286bb   Thumb Code     0  memseta.o(.text)
    __aeabi_memset8                          0x020286bb   Thumb Code     0  memseta.o(.text)
    __aeabi_memclr                           0x020286c9   Thumb Code     4  memseta.o(.text)
    __aeabi_memclr4                          0x020286c9   Thumb Code     0  memseta.o(.text)
    __aeabi_memclr8                          0x020286c9   Thumb Code     0  memseta.o(.text)
    _memset$wrapper                          0x020286cd   Thumb Code    18  memseta.o(.text)
    strncpy                                  0x020286df   Thumb Code    24  strncpy.o(.text)
    calloc                                   0x020286f7   Thumb Code    28  calloc.o(.text)
    __aeabi_dadd                             0x02028713   Thumb Code   322  dadd.o(.text)
    __aeabi_dsub                             0x02028855   Thumb Code     6  dadd.o(.text)
    __aeabi_drsub                            0x0202885b   Thumb Code     6  dadd.o(.text)
    __aeabi_dmul                             0x02028861   Thumb Code   228  dmul.o(.text)
    __aeabi_ddiv                             0x02028945   Thumb Code   222  ddiv.o(.text)
    __aeabi_i2d                              0x02028a23   Thumb Code    34  dflti.o(.text)
    __aeabi_uidiv                            0x02028a45   Thumb Code     0  uidiv.o(.text)
    __aeabi_uidivmod                         0x02028a45   Thumb Code    44  uidiv.o(.text)
    __aeabi_llsl                             0x02028a71   Thumb Code    30  llshl.o(.text)
    _ll_shift_l                              0x02028a71   Thumb Code     0  llshl.o(.text)
    __aeabi_llsr                             0x02028a8f   Thumb Code    32  llushr.o(.text)
    _ll_ushift_r                             0x02028a8f   Thumb Code     0  llushr.o(.text)
    __aeabi_lasr                             0x02028aaf   Thumb Code    36  llsshr.o(.text)
    _ll_sshift_r                             0x02028aaf   Thumb Code     0  llsshr.o(.text)
    __I$use$fp                               0x02028ad3   Thumb Code     0  iusefp.o(.text)
    _double_round                            0x02028ad3   Thumb Code    30  depilogue.o(.text)
    _double_epilogue                         0x02028af1   Thumb Code   156  depilogue.o(.text)
    __aeabi_d2ulz                            0x02028b8d   Thumb Code    48  dfixul.o(.text)
    __aeabi_cdrcmple                         0x02028bbd   Thumb Code    48  cdrcmple.o(.text)
    __decompress                             0x02028bed   Thumb Code     0  __dczerorl2.o(.text)
    __decompress1                            0x02028bed   Thumb Code    86  __dczerorl2.o(.text)
    ADC_Calibration                          0x02028cb9   Thumb Code   160  peripheral_adc.o(.text.ADC_Calibration)
    ADC_ClrFifo                              0x02028d8d   Thumb Code    14  peripheral_adc.o(.text.ADC_ClrFifo)
    ADC_ConvCfg                              0x02028d9d   Thumb Code   160  peripheral_adc.o(.text.ADC_ConvCfg)
    ADC_DmaEnable                            0x02028e3d   Thumb Code    42  peripheral_adc.o(.text.ADC_DmaEnable)
    ADC_EnableChannel                        0x02028e69   Thumb Code   296  peripheral_adc.o(.text.ADC_EnableChannel)
    ADC_EnableCtrlSignal                     0x02028f91   Thumb Code    32  peripheral_adc.o(.text.ADC_EnableCtrlSignal)
    ADC_GetBusyStatus                        0x0202913d   Thumb Code    16  peripheral_adc.o(.text.ADC_GetBusyStatus)
    ADC_GetDataChannel                       0x0202914d   Thumb Code    78  peripheral_adc.o(.text.ADC_GetDataChannel)
    ADC_GetInputMode                         0x0202919d   Thumb Code    16  peripheral_adc.o(.text.ADC_GetInputMode)
    ADC_GetIntStatus                         0x020291ad   Thumb Code    16  peripheral_adc.o(.text.ADC_GetIntStatus)
    ADC_GetPgaStatus                         0x020291bd   Thumb Code    16  peripheral_adc.o(.text.ADC_GetPgaStatus)
    ADC_IntEnable                            0x020291cd   Thumb Code    42  peripheral_adc.o(.text.ADC_IntEnable)
    ADC_PgaEnable                            0x020291f9   Thumb Code    42  peripheral_adc.o(.text.ADC_PgaEnable)
    ADC_PgaParaSet                           0x0202925d   Thumb Code    40  peripheral_adc.o(.text.ADC_PgaParaSet)
    ADC_Reset                                0x0202935d   Thumb Code    78  peripheral_adc.o(.text.ADC_Reset)
    ADC_SetAdcCtrlMode                       0x020293ad   Thumb Code    44  peripheral_adc.o(.text.ADC_SetAdcCtrlMode)
    ADC_SetAdcMode                           0x020293d9   Thumb Code    44  peripheral_adc.o(.text.ADC_SetAdcMode)
    ADC_SetDmaTrig                           0x0202942d   Thumb Code    46  peripheral_adc.o(.text.ADC_SetDmaTrig)
    ADC_SetInputMode                         0x0202945d   Thumb Code    64  peripheral_adc.o(.text.ADC_SetInputMode)
    ADC_SetIntTrig                           0x0202949d   Thumb Code    46  peripheral_adc.o(.text.ADC_SetIntTrig)
    ADC_SetLoopDelay                         0x020294cd   Thumb Code    68  peripheral_adc.o(.text.ADC_SetLoopDelay)
    ADC_Start                                0x02029511   Thumb Code   110  peripheral_adc.o(.text.ADC_Start)
    ADC_ftInit                               0x020295bd   Thumb Code  1232  peripheral_adc.o(.text.ADC_ftInit)
    DMA_AbortChannel                         0x02029a9d   Thumb Code    30  peripheral_dma.o(.text.DMA_AbortChannel)
    DMA_ClearChannelIntState                 0x02029abd   Thumb Code   132  peripheral_dma.o(.text.DMA_ClearChannelIntState)
    DMA_EnableChannel                        0x02029b41   Thumb Code   100  peripheral_dma.o(.text.DMA_EnableChannel)
    DMA_GetChannelIntState                   0x02029ba5   Thumb Code    70  peripheral_dma.o(.text.DMA_GetChannelIntState)
    DMA_PingPongDisable                      0x02029e59   Thumb Code    54  pingpong.o(.text.DMA_PingPongDisable)
    DMA_PingPongEnable                       0x02029e91   Thumb Code   106  pingpong.o(.text.DMA_PingPongEnable)
    DMA_PingPongGetTransSize                 0x02029efd   Thumb Code    12  pingpong.o(.text.DMA_PingPongGetTransSize)
    DMA_PingPongIntProc                      0x02029f09   Thumb Code    76  pingpong.o(.text.DMA_PingPongIntProc)
    DMA_PingPongSetup                        0x02029f55   Thumb Code   200  pingpong.o(.text.DMA_PingPongSetup)
    DMA_PreparePeripheral2Mem                0x0202a01d   Thumb Code   222  peripheral_dma.o(.text.DMA_PreparePeripheral2Mem)
    DMA_Reset                                0x0202a0fd   Thumb Code    54  peripheral_dma.o(.text.DMA_Reset)
    GIO_ConfigIntSource                      0x0202a2c1   Thumb Code   202  peripheral_gpio.o(.text.GIO_ConfigIntSource)
    GIO_EnableDeepSleepWakeupSource          0x0202a38d   Thumb Code   466  peripheral_gpio.o(.text.GIO_EnableDeepSleepWakeupSource)
    GIO_EnableRetentionGroupA                0x0202a561   Thumb Code    58  peripheral_gpio.o(.text.GIO_EnableRetentionGroupA)
    GIO_EnableRetentionGroupB                0x0202a59d   Thumb Code   184  peripheral_gpio.o(.text.GIO_EnableRetentionGroupB)
    GIO_SetDirection                         0x0202a689   Thumb Code   162  peripheral_gpio.o(.text.GIO_SetDirection)
    GIO_WriteValue                           0x0202a72d   Thumb Code   116  peripheral_gpio.o(.text.GIO_WriteValue)
    Get_KeyScan_Set                          0x0202a7a1   Thumb Code    12  key_board.o(.text.Get_KeyScan_Set)
    KEYSCAN_DbClkSel                         0x0202ad09   Thumb Code    58  peripheral_keyscan.o(.text.KEYSCAN_DbClkSel)
    KEYSCAN_GetIntStateFifoEmptyRaw          0x0202ad45   Thumb Code    48  peripheral_keyscan.o(.text.KEYSCAN_GetIntStateFifoEmptyRaw)
    KEYSCAN_GetKeyData                       0x0202ad75   Thumb Code    48  peripheral_keyscan.o(.text.KEYSCAN_GetKeyData)
    KEYSCAN_InitKeyScanToIdx                 0x0202ae95   Thumb Code    96  peripheral_keyscan.o(.text.KEYSCAN_InitKeyScanToIdx)
    KEYSCAN_Initialize                       0x0202aef5   Thumb Code   322  peripheral_keyscan.o(.text.KEYSCAN_Initialize)
    KEYSCAN_KeyDataToRowColIdx               0x0202b039   Thumb Code    74  peripheral_keyscan.o(.text.KEYSCAN_KeyDataToRowColIdx)
    KEYSCAN_SetDebounceCounter               0x0202b161   Thumb Code    44  peripheral_keyscan.o(.text.KEYSCAN_SetDebounceCounter)
    KEYSCAN_SetDebounceEn                    0x0202b18d   Thumb Code    44  peripheral_keyscan.o(.text.KEYSCAN_SetDebounceEn)
    KEYSCAN_SetDmaEn                         0x0202b1b9   Thumb Code    58  peripheral_keyscan.o(.text.KEYSCAN_SetDmaEn)
    KEYSCAN_SetDmaNumTrigInt                 0x0202b1f5   Thumb Code    42  peripheral_keyscan.o(.text.KEYSCAN_SetDmaNumTrigInt)
    KEYSCAN_SetFifoNumTrigInt                0x0202b221   Thumb Code    44  peripheral_keyscan.o(.text.KEYSCAN_SetFifoNumTrigInt)
    KEYSCAN_SetInColMask                     0x0202b24d   Thumb Code    44  peripheral_keyscan.o(.text.KEYSCAN_SetInColMask)
    KEYSCAN_SetIntTrigEn                     0x0202b279   Thumb Code    58  peripheral_keyscan.o(.text.KEYSCAN_SetIntTrigEn)
    KEYSCAN_SetOutRowMask                    0x0202b2b5   Thumb Code    44  peripheral_keyscan.o(.text.KEYSCAN_SetOutRowMask)
    KEYSCAN_SetReleaseTime                   0x0202b2e1   Thumb Code    44  peripheral_keyscan.o(.text.KEYSCAN_SetReleaseTime)
    KEYSCAN_SetScanInterval                  0x0202b30d   Thumb Code    44  peripheral_keyscan.o(.text.KEYSCAN_SetScanInterval)
    KEYSCAN_SetScannerEn                     0x0202b339   Thumb Code    58  peripheral_keyscan.o(.text.KEYSCAN_SetScannerEn)
    KEYSCAN_Setup                            0x0202b375   Thumb Code    78  vr_key.o(.text.KEYSCAN_Setup)
    PINCTRL_Pull                             0x0202b595   Thumb Code   144  peripheral_pinctrl.o(.text.PINCTRL_Pull)
    PINCTRL_SelKeyScanColIn                  0x0202b6b5   Thumb Code   220  peripheral_pinctrl.o(.text.PINCTRL_SelKeyScanColIn)
    PINCTRL_SetDriveStrength                 0x0202b791   Thumb Code   110  peripheral_pinctrl.o(.text.PINCTRL_SetDriveStrength)
    PINCTRL_SetPadMux                        0x0202b801   Thumb Code   422  peripheral_pinctrl.o(.text.PINCTRL_SetPadMux)
    Reload_Ir                                0x0202b9a9   Thumb Code    72  pair_bond.o(.text.Reload_Ir)
    SYSCTRL_ClearClkGate                     0x0202b9f1   Thumb Code    22  peripheral_sysctrl.o(.text.SYSCTRL_ClearClkGate)
    SYSCTRL_ClearClkGateMulti                0x0202ba09   Thumb Code    66  peripheral_sysctrl.o(.text.SYSCTRL_ClearClkGateMulti)
    SYSCTRL_EnableConfigClocksAfterWakeup    0x0202bdd5   Thumb Code   118  peripheral_sysctrl.o(.text.SYSCTRL_EnableConfigClocksAfterWakeup)
    SYSCTRL_EnableSlowRC                     0x0202be4d   Thumb Code    96  peripheral_sysctrl.o(.text.SYSCTRL_EnableSlowRC)
    SYSCTRL_EnableWakeupSourceDetection      0x0202bead   Thumb Code    20  peripheral_sysctrl.o(.text.SYSCTRL_EnableWakeupSourceDetection)
    SYSCTRL_GetDmaId                         0x0202bec1   Thumb Code   134  peripheral_sysctrl.o(.text.SYSCTRL_GetDmaId)
    SYSCTRL_Init                             0x0202bf49   Thumb Code   202  peripheral_sysctrl.o(.text.SYSCTRL_Init)
    SYSCTRL_ReleaseBlock                     0x0202c015   Thumb Code    22  peripheral_sysctrl.o(.text.SYSCTRL_ReleaseBlock)
    SYSCTRL_SelectKeyScanClk                 0x0202c31d   Thumb Code    74  peripheral_sysctrl.o(.text.SYSCTRL_SelectKeyScanClk)
    SYSCTRL_SelectMemoryBlocks               0x0202c369   Thumb Code    54  peripheral_sysctrl.o(.text.SYSCTRL_SelectMemoryBlocks)
    SYSCTRL_SelectUsedDmaItems               0x0202c3a1   Thumb Code   200  peripheral_sysctrl.o(.text.SYSCTRL_SelectUsedDmaItems)
    SYSCTRL_SetAdcClkDiv                     0x0202c469   Thumb Code    44  peripheral_sysctrl.o(.text.SYSCTRL_SetAdcClkDiv)
    SYSCTRL_SetLDOOutput                     0x0202c495   Thumb Code    36  peripheral_sysctrl.o(.text.SYSCTRL_SetLDOOutput)
    TMR_WatchDogRestart                      0x0202c4b9   Thumb Code    30  peripheral_timer.o(.text.TMR_WatchDogRestart)
    UART_SendData                            0x0202c4d9   Thumb Code    20  peripheral_uart.o(.text.UART_SendData)
    VR_key_Init                              0x0202c4ed   Thumb Code   136  vr_key.o(.text.VR_key_Init)
    adv_user_msg_handler                     0x0202c5a1   Thumb Code    60  mi_rcu_adv.o(.text.adv_user_msg_handler)
    apUART_Check_TXFIFO_FULL                 0x0202c5dd   Thumb Code    16  peripheral_uart.o(.text.apUART_Check_TXFIFO_FULL)
    app_main                                 0x0202c5ed   Thumb Code   148  main.o(.text.app_main)
    app_setup_peripherals                    0x0202c681   Thumb Code    26  mi_rcu_key.o(.text.app_setup_peripherals)
    att_db_util_add_attribute_uuid16         0x0202c769   Thumb Code   212  att_db_util.o(.text.att_db_util_add_attribute_uuid16)
    att_db_util_add_characteristic_uuid128   0x0202c83d   Thumb Code   184  att_db_util.o(.text.att_db_util_add_characteristic_uuid128)
    att_db_util_add_characteristic_uuid16    0x0202c8f5   Thumb Code   184  att_db_util.o(.text.att_db_util_add_characteristic_uuid16)
    att_db_util_add_descriptor_uuid16        0x0202c9ad   Thumb Code    40  att_db_util.o(.text.att_db_util_add_descriptor_uuid16)
    att_db_util_add_service_uuid128          0x0202c9d5   Thumb Code    34  att_db_util.o(.text.att_db_util_add_service_uuid128)
    att_db_util_add_service_uuid16           0x0202c9f9   Thumb Code    34  att_db_util.o(.text.att_db_util_add_service_uuid16)
    att_db_util_get_address                  0x0202ca59   Thumb Code    12  att_db_util.o(.text.att_db_util_get_address)
    att_db_util_init                         0x0202ca65   Thumb Code    68  att_db_util.o(.text.att_db_util_init)
    audio_adc_input_setup                    0x0202cb99   Thumb Code   160  audio_input_sim.o(.text.audio_adc_input_setup)
    audio_adc_input_start                    0x0202cc39   Thumb Code    68  audio_input_sim.o(.text.audio_adc_input_start)
    audio_adc_input_stop                     0x0202cc7d   Thumb Code    42  audio_input_sim.o(.text.audio_adc_input_stop)
    audio_create_queue_task                  0x0202cca9   Thumb Code   136  audio_service.o(.text.audio_create_queue_task)
    audio_denoise_init                       0x0202cd31   Thumb Code   264  audio_denoise.o(.text.audio_denoise_init)
    audio_encode_init                        0x0202ce39   Thumb Code    98  audio_msbc.o(.text.audio_encode_init)
    audio_get_block_buff                     0x0202ce9d   Thumb Code    50  audio_service.o(.text.audio_get_block_buff)
    audio_get_curr_block                     0x0202ced1   Thumb Code    12  audio_service.o(.text.audio_get_curr_block)
    audio_rx_sample                          0x0202cf65   Thumb Code   252  audio_service.o(.text.audio_rx_sample)
    audio_start                              0x0202d061   Thumb Code    90  audio_service.o(.text.audio_start)
    audio_stop_sample                        0x0202d0bd   Thumb Code    12  audio_service.o(.text.audio_stop_sample)
    clear_pairing_data                       0x0202d1b9   Thumb Code    58  pair_bond.o(.text.clear_pairing_data)
    erase_flash_sector                       0x0202d391   Thumb Code    26  eflash.o(.text.erase_flash_sector)
    flash_get_adc_calib_data                 0x0202d401   Thumb Code    36  eflash.o(.text.flash_get_adc_calib_data)
    flash_get_factory_calib_data             0x0202d425   Thumb Code    36  eflash.o(.text.flash_get_factory_calib_data)
    flash_prepare_factory_data               0x0202d449   Thumb Code   156  eflash.o(.text.flash_prepare_factory_data)
    gap_disconnect_in_stack                  0x0202d4e5   Thumb Code    30  profile.o(.text.gap_disconnect_in_stack)
    is_already_paired                        0x0202d551   Thumb Code   102  pair_bond.o(.text.is_already_paired)
    key_board_start_scan                     0x0202d80d   Thumb Code    34  key_board.o(.text.key_board_start_scan)
    key_board_task_init                      0x0202d831   Thumb Code    40  key_board.o(.text.key_board_task_init)
    key_board_wake_up_enable                 0x0202d859   Thumb Code    36  key_board.o(.text.key_board_wake_up_enable)
    key_current_state                        0x0202d8b9   Thumb Code    56  key_board.o(.text.key_current_state)
    key_row_col_to_id                        0x0202d8f1   Thumb Code    64  key_board.o(.text.key_row_col_to_id)
    key_state_is_changed                     0x0202d931   Thumb Code    86  key_board.o(.text.key_state_is_changed)
    keyscan_bsp_enable_wakeup_before_sleep   0x0202d9c5   Thumb Code   348  keyscan_bsp.o(.text.keyscan_bsp_enable_wakeup_before_sleep)
    low_power_clear_exit_reason              0x0202db21   Thumb Code    44  low_power.o(.text.low_power_clear_exit_reason)
    low_power_create_timer                   0x0202db4d   Thumb Code   120  low_power.o(.text.low_power_create_timer)
    low_power_enter_saving                   0x0202dbc5   Thumb Code    40  low_power.o(.text.low_power_enter_saving)
    low_power_exit_saving                    0x0202dbed   Thumb Code   166  low_power.o(.text.low_power_exit_saving)
    mi_rcu_att_read_callback                 0x0202de75   Thumb Code   212  mi_rcu_service.o(.text.mi_rcu_att_read_callback)
    mi_rcu_att_write_callback                0x0202df49   Thumb Code   354  mi_rcu_service.o(.text.mi_rcu_att_write_callback)
    mi_rcu_event_connected                   0x0202e0bd   Thumb Code    24  mi_rcu_service.o(.text.mi_rcu_event_connected)
    mi_rcu_event_disconnect                  0x0202e0d5   Thumb Code    34  mi_rcu_service.o(.text.mi_rcu_event_disconnect)
    mi_rcu_service_init                      0x0202e359   Thumb Code  1724  mi_rcu_service.o(.text.mi_rcu_service_init)
    mi_rcu_user_msg_handler                  0x0202eaa1   Thumb Code   196  mi_rcu_service.o(.text.mi_rcu_user_msg_handler)
    pair_bond_connected                      0x0202efe5   Thumb Code    94  pair_bond.o(.text.pair_bond_connected)
    pair_bond_event_disconnect               0x0202f045   Thumb Code    36  pair_bond.o(.text.pair_bond_event_disconnect)
    pair_bond_init                           0x0202f069   Thumb Code   134  pair_bond.o(.text.pair_bond_init)
    print_addr                               0x0202f1f5   Thumb Code    64  profile.o(.text.print_addr)
    program_flash                            0x0202f30d   Thumb Code    26  eflash.o(.text.program_flash)
    read_flash_security                      0x0202f329   Thumb Code    52  eflash.o(.text.read_flash_security)
    sbc_encode                               0x02035899   Thumb Code   610  sbc.o(.text.sbc_encode)
    sbc_get_codesize                         0x02035b4d   Thumb Code   136  sbc.o(.text.sbc_get_codesize)
    sbc_get_frame_length                     0x02035bd5   Thumb Code   266  sbc.o(.text.sbc_get_frame_length)
    sbc_init_msbc                            0x02035ce1   Thumb Code   152  sbc.o(.text.sbc_init_msbc)
    sbc_init_primitives                      0x02035d79   Thumb Code   162  sbc_primitives.o(.text.sbc_init_primitives)
    sdk_load_private_flash_data              0x02037291   Thumb Code   260  sdk_private_flash_data.o(.text.sdk_load_private_flash_data)
    sdk_private_data_write_to_flash          0x02037395   Thumb Code    28  sdk_private_flash_data.o(.text.sdk_private_data_write_to_flash)
    setup_profile                            0x02037739   Thumb Code    98  profile.o(.text.setup_profile)
    update_connection_parameter              0x02037bfd   Thumb Code    20  profile.o(.text.update_connection_parameter)
    update_ir                                0x02037c11   Thumb Code    90  pair_bond.o(.text.update_ir)
    vr_get_sys_status                        0x02037eb1   Thumb Code    12  key_board.o(.text.vr_get_sys_status)
    vr_set_sys_status                        0x02037ebd   Thumb Code    60  key_board.o(.text.vr_set_sys_status)
    vr_start_adv                             0x02037ef9   Thumb Code    74  mi_rcu_adv.o(.text.vr_start_adv)
    vr_system_before_sleep                   0x02037f45   Thumb Code    14  mi_rcu_key.o(.text.vr_system_before_sleep)
    vr_system_start                          0x02037f55   Thumb Code    40  mi_rcu_key.o(.text.vr_system_start)
    write_flash                              0x02037f81   Thumb Code   158  eflash.o(.text.write_flash)
    __0sprintf                               0x02038021   Thumb Code    34  printfa.o(i.__0sprintf)
    __1sprintf                               0x02038021   Thumb Code     0  printfa.o(i.__0sprintf)
    __2sprintf                               0x02038021   Thumb Code     0  printfa.o(i.__0sprintf)
    __c89sprintf                             0x02038021   Thumb Code     0  printfa.o(i.__0sprintf)
    sprintf                                  0x02038021   Thumb Code     0  printfa.o(i.__0sprintf)
    __scatterload_copy                       0x02038049   Thumb Code    14  handlers.o(i.__scatterload_copy)
    __scatterload_null                       0x02038057   Thumb Code     2  handlers.o(i.__scatterload_null)
    __scatterload_zeroinit                   0x02038059   Thumb Code    14  handlers.o(i.__scatterload_zeroinit)
    free                                     0x02038925   Thumb Code    76  malloc.o(i.free)
    malloc                                   0x02038975   Thumb Code    92  malloc.o(i.malloc)
    audio_denoise_a4                         0x02038e00   Data        1024  audio_denoise.o(.rodata.audio_denoise_a4)
    audio_denoise_hanning                    0x02039200   Data        1024  audio_denoise.o(.rodata.audio_denoise_hanning)
    io_output_source_map                     0x02039700   Data         798  peripheral_pinctrl.o(.rodata.io_output_source_map)
    Region$$Table$$Base                      0x0203a3cc   Number         0  anon$$obj.o(Region$$Table)
    Region$$Table$$Limit                     0x0203a3ec   Number         0  anon$$obj.o(Region$$Table)
    __microlib_freelist                      0x20005438   Data           4  mvars.o(.data)
    __microlib_freelist_initialised          0x2000543c   Data           4  mvars.o(.data)
    g_fun_bt_send_data                       0x200055d8   Data           4  profile.o(.data.g_fun_bt_send_data)
    g_power_off_save_data_in_ram             0x200055dc   Data         172  sdk_private_flash_data.o(.data.g_power_off_save_data_in_ram)
    g_sample_rate                            0x20005688   Data           2  audio_input_sim.o(.data.g_sample_rate)
    handle_send                              0x200056b4   Data           2  profile.o(.data.handle_send)
    key_in_col                               0x20005748   Data           6  mi_rcu_key.o(.data.key_in_col)
    key_out_row                              0x2000574e   Data           8  mi_rcu_key.o(.data.key_out_row)
    notify_voice_control_data                0x20005797   Data          20  mi_rcu_service.o(.data.notify_voice_control_data)
    sm_persistent                            0x200057c0   Data          39  pair_bond.o(.data.sm_persistent)
    KeyTask_handler                          0x20005808   Data           4  vr_key.o(.bss.KeyTask_handler)
    Key_BinarySemaphore                      0x2000580c   Data           4  vr_key.o(.bss.Key_BinarySemaphore)
    adv_timer_call_back_fun                  0x2000586c   Data           4  mi_rcu_adv.o(.bss.adv_timer_call_back_fun)
    con_para_latency                         0x20006060   Data           2  profile.o(.bss.con_para_latency)
    denoise_handle                           0x20006064   Data           4  audio_denoise.o(.bss.denoise_handle)
    direct_param                             0x20006068   Data          23  pair_bond.o(.bss.direct_param)
    seq_cnt                                  0x2000647e   Data           2  audio_service.o(.bss.seq_cnt)
    voice_key_pressed                        0x20006486   Data           1  mi_rcu_key.o(.bss.voice_key_pressed)
    __heap_base                              0x200064f8   Data           0  startup_ing91600.o(HEAP)
    __heap_limit                             0x20007cf8   Data           0  startup_ing91600.o(HEAP)
    __initial_sp                             0x20007cfc   Data           0  startup_ing91600.o(STACK)



==============================================================================

Memory Map of the image

  Image Entry point : 0x02028009

  Load Region LR_IROM1 (Base: 0x02028000, Size: 0x000127a8, Max: 0x00058000, ABSOLUTE, COMPRESSED[0x000125c0])

    Execution Region ER_IROM1 (Exec base: 0x02028000, Load base: 0x02028000, Size: 0x000123ec, Max: 0x00058000, ABSOLUTE)

    Exec Addr    Load Addr    Size         Type   Attr      Idx    E Section Name        Object

    0x02028000   0x02028000   0x00000008   Data   RO          236    RESET               startup_ing91600.o
    0x02028008   0x02028008   0x00000000   Code   RO         2899  * .ARM.Collect$$$$00000000  mc_w.l(entry.o)
    0x02028008   0x02028008   0x00000004   Code   RO         3037    .ARM.Collect$$$$00000001  mc_w.l(entry2.o)
    0x0202800c   0x0202800c   0x00000004   Code   RO         3040    .ARM.Collect$$$$00000004  mc_w.l(entry5.o)
    0x02028010   0x02028010   0x00000000   Code   RO         3042    .ARM.Collect$$$$00000008  mc_w.l(entry7b.o)
    0x02028010   0x02028010   0x00000000   Code   RO         3044    .ARM.Collect$$$$0000000A  mc_w.l(entry8b.o)
    0x02028010   0x02028010   0x00000008   Code   RO         3045    .ARM.Collect$$$$0000000B  mc_w.l(entry9a.o)
    0x02028018   0x02028018   0x00000000   Code   RO         3047    .ARM.Collect$$$$0000000D  mc_w.l(entry10a.o)
    0x02028018   0x02028018   0x00000000   Code   RO         3049    .ARM.Collect$$$$0000000F  mc_w.l(entry11a.o)
    0x02028018   0x02028018   0x00000004   Code   RO         3038    .ARM.Collect$$$$00002712  mc_w.l(entry2.o)
    0x0202801c   0x0202801c   0x000005ca   Code   RO         2658    .ramfunc            low_power.o
    0x020285e6   0x020285e6   0x00000002   PAD
    0x020285e8   0x020285e8   0x00000028   Code   RO          237    .text               startup_ing91600.o
    0x02028610   0x02028610   0x00000024   Code   RO         2900    .text               mc_w.l(init.o)
    0x02028634   0x02028634   0x00000062   Code   RO         2904    .text               mc_w.l(uldiv.o)
    0x02028696   0x02028696   0x00000024   Code   RO         2908    .text               mc_w.l(memcpya.o)
    0x020286ba   0x020286ba   0x00000024   Code   RO         2910    .text               mc_w.l(memseta.o)
    0x020286de   0x020286de   0x00000018   Code   RO         2912    .text               mc_w.l(strncpy.o)
    0x020286f6   0x020286f6   0x0000001c   Code   RO         2976    .text               mc_w.l(calloc.o)
    0x02028712   0x02028712   0x0000014e   Code   RO         2978    .text               mf_w.l(dadd.o)
    0x02028860   0x02028860   0x000000e4   Code   RO         2980    .text               mf_w.l(dmul.o)
    0x02028944   0x02028944   0x000000de   Code   RO         2982    .text               mf_w.l(ddiv.o)
    0x02028a22   0x02028a22   0x00000022   Code   RO         2992    .text               mf_w.l(dflti.o)
    0x02028a44   0x02028a44   0x0000002c   Code   RO         3061    .text               mc_w.l(uidiv.o)
    0x02028a70   0x02028a70   0x0000001e   Code   RO         3063    .text               mc_w.l(llshl.o)
    0x02028a8e   0x02028a8e   0x00000020   Code   RO         3065    .text               mc_w.l(llushr.o)
    0x02028aae   0x02028aae   0x00000024   Code   RO         3067    .text               mc_w.l(llsshr.o)
    0x02028ad2   0x02028ad2   0x00000000   Code   RO         3078    .text               mc_w.l(iusefp.o)
    0x02028ad2   0x02028ad2   0x000000ba   Code   RO         3081    .text               mf_w.l(depilogue.o)
    0x02028b8c   0x02028b8c   0x00000030   Code   RO         3087    .text               mf_w.l(dfixul.o)
    0x02028bbc   0x02028bbc   0x00000030   Code   RO         3091    .text               mf_w.l(cdrcmple.o)
    0x02028bec   0x02028bec   0x00000056   Code   RO         3101    .text               mc_w.l(__dczerorl2.o)
    0x02028c42   0x02028c42   0x00000002   PAD
    0x02028c44   0x02028c44   0x00000040   Code   RO          399    .text.ADC_CalWithPgaDiff  peripheral_adc.o
    0x02028c84   0x02028c84   0x00000034   Code   RO          401    .text.ADC_CalWithPgaSingle  peripheral_adc.o
    0x02028cb8   0x02028cb8   0x000000a0   Code   RO          395    .text.ADC_Calibration  peripheral_adc.o
    0x02028d58   0x02028d58   0x00000034   Code   RO          351    .text.ADC_CbRegister  peripheral_adc.o
    0x02028d8c   0x02028d8c   0x0000000e   Code   RO          343    .text.ADC_ClrFifo   peripheral_adc.o
    0x02028d9a   0x02028d9a   0x00000002   PAD
    0x02028d9c   0x02028d9c   0x000000a0   Code   RO          377    .text.ADC_ConvCfg   peripheral_adc.o
    0x02028e3c   0x02028e3c   0x0000002a   Code   RO          339    .text.ADC_DmaEnable  peripheral_adc.o
    0x02028e66   0x02028e66   0x00000002   PAD
    0x02028e68   0x02028e68   0x00000128   Code   RO          325    .text.ADC_EnableChannel  peripheral_adc.o
    0x02028f90   0x02028f90   0x00000020   Code   RO          309    .text.ADC_EnableCtrlSignal  peripheral_adc.o
    0x02028fb0   0x02028fb0   0x00000094   Code   RO          389    .text.ADC_FtCal     peripheral_adc.o
    0x02029044   0x02029044   0x000000a0   Code   RO          385    .text.ADC_FtCoutSet  peripheral_adc.o
    0x020290e4   0x020290e4   0x00000058   Code   RO          387    .text.ADC_FtParaCal  peripheral_adc.o
    0x0202913c   0x0202913c   0x00000010   Code   RO          347    .text.ADC_GetBusyStatus  peripheral_adc.o
    0x0202914c   0x0202914c   0x0000004e   Code   RO          367    .text.ADC_GetDataChannel  peripheral_adc.o
    0x0202919a   0x0202919a   0x00000002   PAD
    0x0202919c   0x0202919c   0x00000010   Code   RO          327    .text.ADC_GetInputMode  peripheral_adc.o
    0x020291ac   0x020291ac   0x00000010   Code   RO          363    .text.ADC_GetIntStatus  peripheral_adc.o
    0x020291bc   0x020291bc   0x00000010   Code   RO          359    .text.ADC_GetPgaStatus  peripheral_adc.o
    0x020291cc   0x020291cc   0x0000002a   Code   RO          335    .text.ADC_IntEnable  peripheral_adc.o
    0x020291f6   0x020291f6   0x00000002   PAD
    0x020291f8   0x020291f8   0x0000002a   Code   RO          357    .text.ADC_PgaEnable  peripheral_adc.o
    0x02029222   0x02029222   0x00000002   PAD
    0x02029224   0x02029224   0x00000036   Code   RO          403    .text.ADC_PgaGainGet  peripheral_adc.o
    0x0202925a   0x0202925a   0x00000002   PAD
    0x0202925c   0x0202925c   0x00000028   Code   RO          353    .text.ADC_PgaParaSet  peripheral_adc.o
    0x02029284   0x02029284   0x00000034   Code   RO          315    .text.ADC_RegClr    peripheral_adc.o
    0x020292b8   0x020292b8   0x00000032   Code   RO          321    .text.ADC_RegRd     peripheral_adc.o
    0x020292ea   0x020292ea   0x00000002   PAD
    0x020292ec   0x020292ec   0x0000002e   Code   RO          311    .text.ADC_RegWr     peripheral_adc.o
    0x0202931a   0x0202931a   0x00000002   PAD
    0x0202931c   0x0202931c   0x00000040   Code   RO          329    .text.ADC_RegWrBits  peripheral_adc.o
    0x0202935c   0x0202935c   0x0000004e   Code   RO          391    .text.ADC_Reset     peripheral_adc.o
    0x020293aa   0x020293aa   0x00000002   PAD
    0x020293ac   0x020293ac   0x0000002c   Code   RO          323    .text.ADC_SetAdcCtrlMode  peripheral_adc.o
    0x020293d8   0x020293d8   0x0000002c   Code   RO          317    .text.ADC_SetAdcMode  peripheral_adc.o
    0x02029404   0x02029404   0x00000026   Code   RO          397    .text.ADC_SetCalrpt  peripheral_adc.o
    0x0202942a   0x0202942a   0x00000002   PAD
    0x0202942c   0x0202942c   0x0000002e   Code   RO          341    .text.ADC_SetDmaTrig  peripheral_adc.o
    0x0202945a   0x0202945a   0x00000002   PAD
    0x0202945c   0x0202945c   0x00000040   Code   RO          349    .text.ADC_SetInputMode  peripheral_adc.o
    0x0202949c   0x0202949c   0x0000002e   Code   RO          337    .text.ADC_SetIntTrig  peripheral_adc.o
    0x020294ca   0x020294ca   0x00000002   PAD
    0x020294cc   0x020294cc   0x00000044   Code   RO          361    .text.ADC_SetLoopDelay  peripheral_adc.o
    0x02029510   0x02029510   0x0000006e   Code   RO          379    .text.ADC_Start     peripheral_adc.o
    0x0202957e   0x0202957e   0x00000002   PAD
    0x02029580   0x02029580   0x0000003c   Code   RO          381    .text.ADC_VrefRegister  peripheral_adc.o
    0x020295bc   0x020295bc   0x000004d0   Code   RO          383    .text.ADC_ftInit    peripheral_adc.o
    0x02029a8c   0x02029a8c   0x00000010   Code   RO          173    .text.DKHandler_NoWork  mi_rcu_key.o
    0x02029a9c   0x02029a9c   0x0000001e   Code   RO         1019    .text.DMA_AbortChannel  peripheral_dma.o
    0x02029aba   0x02029aba   0x00000002   PAD
    0x02029abc   0x02029abc   0x00000084   Code   RO         1023    .text.DMA_ClearChannelIntState  peripheral_dma.o
    0x02029b40   0x02029b40   0x00000064   Code   RO         1017    .text.DMA_EnableChannel  peripheral_dma.o
    0x02029ba4   0x02029ba4   0x00000046   Code   RO         1021    .text.DMA_GetChannelIntState  peripheral_dma.o
    0x02029bea   0x02029bea   0x00000002   PAD
    0x02029bec   0x02029bec   0x000000ce   Code   RO         1005    .text.DMA_GetCtrlConfigSrc  peripheral_dma.o
    0x02029cba   0x02029cba   0x00000002   PAD
    0x02029cbc   0x02029cbc   0x00000124   Code   RO         1003    .text.DMA_GetPeripheralDataAddr  peripheral_dma.o
    0x02029de0   0x02029de0   0x00000078   Code   RO         1001    .text.DMA_GetPeripheralWidth  peripheral_dma.o
    0x02029e58   0x02029e58   0x00000036   Code   RO         1405    .text.DMA_PingPongDisable  pingpong.o
    0x02029e8e   0x02029e8e   0x00000002   PAD
    0x02029e90   0x02029e90   0x0000006a   Code   RO         1403    .text.DMA_PingPongEnable  pingpong.o
    0x02029efa   0x02029efa   0x00000002   PAD
    0x02029efc   0x02029efc   0x0000000c   Code   RO         1401    .text.DMA_PingPongGetTransSize  pingpong.o
    0x02029f08   0x02029f08   0x0000004c   Code   RO         1399    .text.DMA_PingPongIntProc  pingpong.o
    0x02029f54   0x02029f54   0x000000c8   Code   RO         1395    .text.DMA_PingPongSetup  pingpong.o
    0x0202a01c   0x0202a01c   0x000000de   Code   RO          999    .text.DMA_PreparePeripheral2Mem  peripheral_dma.o
    0x0202a0fa   0x0202a0fa   0x00000002   PAD
    0x0202a0fc   0x0202a0fc   0x00000036   Code   RO         1015    .text.DMA_Reset     peripheral_dma.o
    0x0202a132   0x0202a132   0x00000002   PAD
    0x0202a134   0x0202a134   0x000000f8   Code   RO         1416    .text.DMA_cb_isr    audio_input_sim.o
    0x0202a22c   0x0202a22c   0x0000003e   Code   RO         1027    .text.DMG_GetSPIDMAWidth  peripheral_dma.o
    0x0202a26a   0x0202a26a   0x00000002   PAD
    0x0202a26c   0x0202a26c   0x00000054   Code   RO         1397    .text.FindBurstNum  pingpong.o
    0x0202a2c0   0x0202a2c0   0x000000ca   Code   RO          426    .text.GIO_ConfigIntSource  peripheral_gpio.o
    0x0202a38a   0x0202a38a   0x00000002   PAD
    0x0202a38c   0x0202a38c   0x000001d2   Code   RO          452    .text.GIO_EnableDeepSleepWakeupSource  peripheral_gpio.o
    0x0202a55e   0x0202a55e   0x00000002   PAD
    0x0202a560   0x0202a560   0x0000003a   Code   RO          446    .text.GIO_EnableRetentionGroupA  peripheral_gpio.o
    0x0202a59a   0x0202a59a   0x00000002   PAD
    0x0202a59c   0x0202a59c   0x000000b8   Code   RO          448    .text.GIO_EnableRetentionGroupB  peripheral_gpio.o
    0x0202a654   0x0202a654   0x00000032   Code   RO          416    .text.GIO_MaskedWrite  peripheral_gpio.o
    0x0202a686   0x0202a686   0x00000002   PAD
    0x0202a688   0x0202a688   0x000000a2   Code   RO          414    .text.GIO_SetDirection  peripheral_gpio.o
    0x0202a72a   0x0202a72a   0x00000002   PAD
    0x0202a72c   0x0202a72c   0x00000074   Code   RO          420    .text.GIO_WriteValue  peripheral_gpio.o
    0x0202a7a0   0x0202a7a0   0x0000000c   Code   RO         2783    .text.Get_KeyScan_Set  key_board.o
    0x0202a7ac   0x0202a7ac   0x000001d0   Code   RO         2834    .text.KB_KeepPressed  vr_key.o
    0x0202a97c   0x0202a97c   0x00000350   Code   RO         2832    .text.KB_StateChanged  vr_key.o
    0x0202accc   0x0202accc   0x0000003a   Code   RO         1155    .text.KEYSCAN_CheckStatePara  peripheral_keyscan.o
    0x0202ad06   0x0202ad06   0x00000002   PAD
    0x0202ad08   0x0202ad08   0x0000003a   Code   RO         1123    .text.KEYSCAN_DbClkSel  peripheral_keyscan.o
    0x0202ad42   0x0202ad42   0x00000002   PAD
    0x0202ad44   0x0202ad44   0x00000030   Code   RO         1137    .text.KEYSCAN_GetIntStateFifoEmptyRaw  peripheral_keyscan.o
    0x0202ad74   0x0202ad74   0x00000030   Code   RO         1143    .text.KEYSCAN_GetKeyData  peripheral_keyscan.o
    0x0202ada4   0x0202ada4   0x000000f0   Code   RO         2828    .text.KEYSCAN_GetKeyNumAndId  vr_key.o
    0x0202ae94   0x0202ae94   0x00000060   Code   RO         1149    .text.KEYSCAN_InitKeyScanToIdx  peripheral_keyscan.o
    0x0202aef4   0x0202aef4   0x00000142   Code   RO         1153    .text.KEYSCAN_Initialize  peripheral_keyscan.o
    0x0202b036   0x0202b036   0x00000002   PAD
    0x0202b038   0x0202b038   0x0000004a   Code   RO         1151    .text.KEYSCAN_KeyDataToRowColIdx  peripheral_keyscan.o
    0x0202b082   0x0202b082   0x00000002   PAD
    0x0202b084   0x0202b084   0x000000da   Code   RO         2830    .text.KEYSCAN_KeyStateUpdate  vr_key.o
    0x0202b15e   0x0202b15e   0x00000002   PAD
    0x0202b160   0x0202b160   0x0000002c   Code   RO         1119    .text.KEYSCAN_SetDebounceCounter  peripheral_keyscan.o
    0x0202b18c   0x0202b18c   0x0000002c   Code   RO         1117    .text.KEYSCAN_SetDebounceEn  peripheral_keyscan.o
    0x0202b1b8   0x0202b1b8   0x0000003a   Code   RO         1121    .text.KEYSCAN_SetDmaEn  peripheral_keyscan.o
    0x0202b1f2   0x0202b1f2   0x00000002   PAD
    0x0202b1f4   0x0202b1f4   0x0000002a   Code   RO         1147    .text.KEYSCAN_SetDmaNumTrigInt  peripheral_keyscan.o
    0x0202b21e   0x0202b21e   0x00000002   PAD
    0x0202b220   0x0202b220   0x0000002c   Code   RO         1145    .text.KEYSCAN_SetFifoNumTrigInt  peripheral_keyscan.o
    0x0202b24c   0x0202b24c   0x0000002c   Code   RO         1131    .text.KEYSCAN_SetInColMask  peripheral_keyscan.o
    0x0202b278   0x0202b278   0x0000003a   Code   RO         1133    .text.KEYSCAN_SetIntTrigEn  peripheral_keyscan.o
    0x0202b2b2   0x0202b2b2   0x00000002   PAD
    0x0202b2b4   0x0202b2b4   0x0000002c   Code   RO         1129    .text.KEYSCAN_SetOutRowMask  peripheral_keyscan.o
    0x0202b2e0   0x0202b2e0   0x0000002c   Code   RO         1125    .text.KEYSCAN_SetReleaseTime  peripheral_keyscan.o
    0x0202b30c   0x0202b30c   0x0000002c   Code   RO         1127    .text.KEYSCAN_SetScanInterval  peripheral_keyscan.o
    0x0202b338   0x0202b338   0x0000003a   Code   RO         1113    .text.KEYSCAN_SetScannerEn  peripheral_keyscan.o
    0x0202b372   0x0202b372   0x00000002   PAD
    0x0202b374   0x0202b374   0x0000004e   Code   RO         2820    .text.KEYSCAN_Setup  vr_key.o
    0x0202b3c2   0x0202b3c2   0x00000002   PAD
    0x0202b3c4   0x0202b3c4   0x00000112   Code   RO         2822    .text.KEYSCAN_cb_isr  vr_key.o
    0x0202b4d6   0x0202b4d6   0x00000002   PAD
    0x0202b4d8   0x0202b4d8   0x00000036   Code   RO         1139    .text.KEYSCAN_reg_read_bits  peripheral_keyscan.o
    0x0202b50e   0x0202b50e   0x00000002   PAD
    0x0202b510   0x0202b510   0x00000042   Code   RO         1115    .text.KEYSCAN_reg_write_bits  peripheral_keyscan.o
    0x0202b552   0x0202b552   0x00000002   PAD
    0x0202b554   0x0202b554   0x0000003e   Code   RO         2826    .text.Key_Task      vr_key.o
    0x0202b592   0x0202b592   0x00000002   PAD
    0x0202b594   0x0202b594   0x00000090   Code   RO          536    .text.PINCTRL_Pull  peripheral_pinctrl.o
    0x0202b624   0x0202b624   0x00000090   Code   RO          518    .text.PINCTRL_SelInput  peripheral_pinctrl.o
    0x0202b6b4   0x0202b6b4   0x000000dc   Code   RO          542    .text.PINCTRL_SelKeyScanColIn  peripheral_pinctrl.o
    0x0202b790   0x0202b790   0x0000006e   Code   RO          554    .text.PINCTRL_SetDriveStrength  peripheral_pinctrl.o
    0x0202b7fe   0x0202b7fe   0x00000002   PAD
    0x0202b800   0x0202b800   0x000001a6   Code   RO          520    .text.PINCTRL_SetPadMux  peripheral_pinctrl.o
    0x0202b9a6   0x0202b9a6   0x00000002   PAD
    0x0202b9a8   0x0202b9a8   0x00000048   Code   RO         2708    .text.Reload_Ir     pair_bond.o
    0x0202b9f0   0x0202b9f0   0x00000016   Code   RO          760    .text.SYSCTRL_ClearClkGate  peripheral_sysctrl.o
    0x0202ba06   0x0202ba06   0x00000002   PAD
    0x0202ba08   0x0202ba08   0x00000042   Code   RO          764    .text.SYSCTRL_ClearClkGateMulti  peripheral_sysctrl.o
    0x0202ba4a   0x0202ba4a   0x00000002   PAD
    0x0202ba4c   0x0202ba4c   0x00000386   Code   RO          758    .text.SYSCTRL_ClkGateCtrl  peripheral_sysctrl.o
    0x0202bdd2   0x0202bdd2   0x00000002   PAD
    0x0202bdd4   0x0202bdd4   0x00000076   Code   RO          826    .text.SYSCTRL_EnableConfigClocksAfterWakeup  peripheral_sysctrl.o
    0x0202be4a   0x0202be4a   0x00000002   PAD
    0x0202be4c   0x0202be4c   0x00000060   Code   RO          802    .text.SYSCTRL_EnableSlowRC  peripheral_sysctrl.o
    0x0202beac   0x0202beac   0x00000014   Code   RO          882    .text.SYSCTRL_EnableWakeupSourceDetection  peripheral_sysctrl.o
    0x0202bec0   0x0202bec0   0x00000086   Code   RO          852    .text.SYSCTRL_GetDmaId  peripheral_sysctrl.o
    0x0202bf46   0x0202bf46   0x00000002   PAD
    0x0202bf48   0x0202bf48   0x000000ca   Code   RO          894    .text.SYSCTRL_Init  peripheral_sysctrl.o
    0x0202c012   0x0202c012   0x00000002   PAD
    0x0202c014   0x0202c014   0x00000016   Code   RO          770    .text.SYSCTRL_ReleaseBlock  peripheral_sysctrl.o
    0x0202c02a   0x0202c02a   0x00000002   PAD
    0x0202c02c   0x0202c02c   0x000002ee   Code   RO          768    .text.SYSCTRL_ResetBlockCtrl  peripheral_sysctrl.o
    0x0202c31a   0x0202c31a   0x00000002   PAD
    0x0202c31c   0x0202c31c   0x0000004a   Code   RO          780    .text.SYSCTRL_SelectKeyScanClk  peripheral_sysctrl.o
    0x0202c366   0x0202c366   0x00000002   PAD
    0x0202c368   0x0202c368   0x00000036   Code   RO          888    .text.SYSCTRL_SelectMemoryBlocks  peripheral_sysctrl.o
    0x0202c39e   0x0202c39e   0x00000002   PAD
    0x0202c3a0   0x0202c3a0   0x000000c8   Code   RO          850    .text.SYSCTRL_SelectUsedDmaItems  peripheral_sysctrl.o
    0x0202c468   0x0202c468   0x0000002c   Code   RO          846    .text.SYSCTRL_SetAdcClkDiv  peripheral_sysctrl.o
    0x0202c494   0x0202c494   0x00000024   Code   RO          866    .text.SYSCTRL_SetLDOOutput  peripheral_sysctrl.o
    0x0202c4b8   0x0202c4b8   0x0000001e   Code   RO          927    .text.TMR_WatchDogRestart  peripheral_timer.o
    0x0202c4d6   0x0202c4d6   0x00000002   PAD
    0x0202c4d8   0x0202c4d8   0x00000014   Code   RO          984    .text.UART_SendData  peripheral_uart.o
    0x0202c4ec   0x0202c4ec   0x00000088   Code   RO         2824    .text.VR_key_Init   vr_key.o
    0x0202c574   0x0202c574   0x0000002a   Code   RO          211    .text.adv_time_out_callback  mi_rcu_adv.o
    0x0202c59e   0x0202c59e   0x00000002   PAD
    0x0202c5a0   0x0202c5a0   0x0000003c   Code   RO          203    .text.adv_user_msg_handler  mi_rcu_adv.o
    0x0202c5dc   0x0202c5dc   0x00000010   Code   RO          950    .text.apUART_Check_TXFIFO_FULL  peripheral_uart.o
    0x0202c5ec   0x0202c5ec   0x00000094   Code   RO            6    .text.app_main      main.o
    0x0202c680   0x0202c680   0x0000001a   Code   RO          149    .text.app_setup_peripherals  mi_rcu_key.o
    0x0202c69a   0x0202c69a   0x00000002   PAD
    0x0202c69c   0x0202c69c   0x000000ca   Code   RO         1323    .text.att_db_util_add_attribute_uuid128  att_db_util.o
    0x0202c766   0x0202c766   0x00000002   PAD
    0x0202c768   0x0202c768   0x000000d4   Code   RO         1309    .text.att_db_util_add_attribute_uuid16  att_db_util.o
    0x0202c83c   0x0202c83c   0x000000b8   Code   RO         1321    .text.att_db_util_add_characteristic_uuid128  att_db_util.o
    0x0202c8f4   0x0202c8f4   0x000000b8   Code   RO         1319    .text.att_db_util_add_characteristic_uuid16  att_db_util.o
    0x0202c9ac   0x0202c9ac   0x00000028   Code   RO         1313    .text.att_db_util_add_descriptor_uuid16  att_db_util.o
    0x0202c9d4   0x0202c9d4   0x00000022   Code   RO         1317    .text.att_db_util_add_service_uuid128  att_db_util.o
    0x0202c9f6   0x0202c9f6   0x00000002   PAD
    0x0202c9f8   0x0202c9f8   0x00000022   Code   RO         1315    .text.att_db_util_add_service_uuid16  att_db_util.o
    0x0202ca1a   0x0202ca1a   0x00000002   PAD
    0x0202ca1c   0x0202ca1c   0x0000003a   Code   RO         1311    .text.att_db_util_assert_space  att_db_util.o
    0x0202ca56   0x0202ca56   0x00000002   PAD
    0x0202ca58   0x0202ca58   0x0000000c   Code   RO         1325    .text.att_db_util_get_address  att_db_util.o
    0x0202ca64   0x0202ca64   0x00000044   Code   RO         1305    .text.att_db_util_init  att_db_util.o
    0x0202caa8   0x0202caa8   0x00000026   Code   RO         1307    .text.att_db_util_set_end_tag  att_db_util.o
    0x0202cace   0x0202cace   0x00000002   PAD
    0x0202cad0   0x0202cad0   0x0000005e   Code   RO           47    .text.att_read_callback  profile.o
    0x0202cb2e   0x0202cb2e   0x00000002   PAD
    0x0202cb30   0x0202cb30   0x00000068   Code   RO           49    .text.att_write_callback  profile.o
    0x0202cb98   0x0202cb98   0x000000a0   Code   RO         1414    .text.audio_adc_input_setup  audio_input_sim.o
    0x0202cc38   0x0202cc38   0x00000044   Code   RO         1418    .text.audio_adc_input_start  audio_input_sim.o
    0x0202cc7c   0x0202cc7c   0x0000002a   Code   RO         1420    .text.audio_adc_input_stop  audio_input_sim.o
    0x0202cca6   0x0202cca6   0x00000002   PAD
    0x0202cca8   0x0202cca8   0x00000088   Code   RO         1361    .text.audio_create_queue_task  audio_service.o
    0x0202cd30   0x0202cd30   0x00000108   Code   RO         1464    .text.audio_denoise_init  audio_denoise.o
    0x0202ce38   0x0202ce38   0x00000062   Code   RO         1443    .text.audio_encode_init  audio_msbc.o
    0x0202ce9a   0x0202ce9a   0x00000002   PAD
    0x0202ce9c   0x0202ce9c   0x00000032   Code   RO         1369    .text.audio_get_block_buff  audio_service.o
    0x0202cece   0x0202cece   0x00000002   PAD
    0x0202ced0   0x0202ced0   0x0000000c   Code   RO         1367    .text.audio_get_curr_block  audio_service.o
    0x0202cedc   0x0202cedc   0x00000008   Code   RO         1351    .text.audio_input_setup  audio_service.o
    0x0202cee4   0x0202cee4   0x00000008   Code   RO         1353    .text.audio_input_start  audio_service.o
    0x0202ceec   0x0202ceec   0x00000008   Code   RO         1357    .text.audio_input_stop  audio_service.o
    0x0202cef4   0x0202cef4   0x00000070   Code   RO         1445    .text.audio_msbc_encoded  audio_msbc.o
    0x0202cf64   0x0202cf64   0x000000fc   Code   RO         1371    .text.audio_rx_sample  audio_service.o
    0x0202d060   0x0202d060   0x0000005a   Code   RO         1345    .text.audio_start   audio_service.o
    0x0202d0ba   0x0202d0ba   0x00000002   PAD
    0x0202d0bc   0x0202d0bc   0x0000000c   Code   RO         1355    .text.audio_stop_sample  audio_service.o
    0x0202d0c8   0x0202d0c8   0x0000004e   Code   RO         1363    .text.audio_task    audio_service.o
    0x0202d116   0x0202d116   0x00000002   PAD
    0x0202d118   0x0202d118   0x0000000c   Code   RO           57    .text.btstack_event_state_get_state  profile.o
    0x0202d124   0x0202d124   0x0000001e   Code   RO           18    .text.cb_assertion  main.o
    0x0202d142   0x0202d142   0x00000002   PAD
    0x0202d144   0x0202d144   0x00000056   Code   RO           16    .text.cb_hard_fault  main.o
    0x0202d19a   0x0202d19a   0x00000002   PAD
    0x0202d19c   0x0202d19c   0x0000001a   Code   RO           20    .text.cb_heap_out_of_mem  main.o
    0x0202d1b6   0x0202d1b6   0x00000002   PAD
    0x0202d1b8   0x0202d1b8   0x0000003a   Code   RO         2700    .text.clear_pairing_data  pair_bond.o
    0x0202d1f2   0x0202d1f2   0x00000002   PAD
    0x0202d1f4   0x0202d1f4   0x0000007a   Code   RO          260    .text.copy_security_data  eflash.o
    0x0202d26e   0x0202d26e   0x00000002   PAD
    0x0202d270   0x0202d270   0x00000034   Code   RO            8    .text.db_write_to_flash  main.o
    0x0202d2a4   0x0202d2a4   0x000000d8   Code   RO         1365    .text.enc_output_cb_fun  audio_service.o
    0x0202d37c   0x0202d37c   0x00000012   Code   RO         2670    .text.enter_low_power_timer_callback  low_power.o
    0x0202d38e   0x0202d38e   0x00000002   PAD
    0x0202d390   0x0202d390   0x0000001a   Code   RO          244    .text.erase_flash_sector  eflash.o
    0x0202d3aa   0x0202d3aa   0x00000002   PAD
    0x0202d3ac   0x0202d3ac   0x00000052   Code   RO          157    .text.factory_test_single_wave  mi_rcu_key.o
    0x0202d3fe   0x0202d3fe   0x00000002   PAD
    0x0202d400   0x0202d400   0x00000024   Code   RO          266    .text.flash_get_adc_calib_data  eflash.o
    0x0202d424   0x0202d424   0x00000024   Code   RO          264    .text.flash_get_factory_calib_data  eflash.o
    0x0202d448   0x0202d448   0x0000009c   Code   RO          256    .text.flash_prepare_factory_data  eflash.o
    0x0202d4e4   0x0202d4e4   0x0000001e   Code   RO           39    .text.gap_disconnect_in_stack  profile.o
    0x0202d502   0x0202d502   0x00000002   PAD
    0x0202d504   0x0202d504   0x0000000c   Code   RO           59    .text.hci_event_le_meta_get_subevent_code  profile.o
    0x0202d510   0x0202d510   0x0000000c   Code   RO           55    .text.hci_event_packet_get_type  profile.o
    0x0202d51c   0x0202d51c   0x0000000c   Code   RO         2718    .text.hci_event_packet_get_type  pair_bond.o
    0x0202d528   0x0202d528   0x0000000c   Code   RO           61    .text.hci_event_packet_get_user_msg  profile.o
    0x0202d534   0x0202d534   0x0000001c   Code   RO           53    .text.init_service  profile.o
    0x0202d550   0x0202d550   0x00000066   Code   RO         2698    .text.is_already_paired  pair_bond.o
    0x0202d5b6   0x0202d5b6   0x00000002   PAD
    0x0202d5b8   0x0202d5b8   0x00000042   Code   RO          258    .text.is_data_ready  eflash.o
    0x0202d5fa   0x0202d5fa   0x00000002   PAD
    0x0202d5fc   0x0202d5fc   0x00000022   Code   RO         2759    .text.key_board_all_release_callback  key_board.o
    0x0202d61e   0x0202d61e   0x00000002   PAD
    0x0202d620   0x0202d620   0x0000003a   Code   RO         2755    .text.key_board_pressed  key_board.o
    0x0202d65a   0x0202d65a   0x00000002   PAD
    0x0202d65c   0x0202d65c   0x0000009c   Code   RO          159    .text.key_board_proc_adv  mi_rcu_key.o
    0x0202d6f8   0x0202d6f8   0x00000014   Code   RO          163    .text.key_board_proc_battery_low  mi_rcu_key.o
    0x0202d70c   0x0202d70c   0x00000098   Code   RO          167    .text.key_board_proc_default  mi_rcu_key.o
    0x0202d7a4   0x0202d7a4   0x00000014   Code   RO          165    .text.key_board_proc_factory_test_single_wave  mi_rcu_key.o
    0x0202d7b8   0x0202d7b8   0x00000014   Code   RO          161    .text.key_board_proc_paired  mi_rcu_key.o
    0x0202d7cc   0x0202d7cc   0x0000003e   Code   RO         2757    .text.key_board_scan_one_cycle_end  key_board.o
    0x0202d80a   0x0202d80a   0x00000002   PAD
    0x0202d80c   0x0202d80c   0x00000022   Code   RO         2775    .text.key_board_start_scan  key_board.o
    0x0202d82e   0x0202d82e   0x00000002   PAD
    0x0202d830   0x0202d830   0x00000028   Code   RO         2753    .text.key_board_task_init  key_board.o
    0x0202d858   0x0202d858   0x00000024   Code   RO         2781    .text.key_board_wake_up_enable  key_board.o
    0x0202d87c   0x0202d87c   0x0000003c   Code   RO          175    .text.key_clear_db_data_and_repair  mi_rcu_key.o
    0x0202d8b8   0x0202d8b8   0x00000038   Code   RO         2771    .text.key_current_state  key_board.o
    0x0202d8f0   0x0202d8f0   0x00000040   Code   RO         2773    .text.key_row_col_to_id  key_board.o
    0x0202d930   0x0202d930   0x00000056   Code   RO         2769    .text.key_state_is_changed  key_board.o
    0x0202d986   0x0202d986   0x00000002   PAD
    0x0202d988   0x0202d988   0x0000003a   Code   RO         2801    .text.keyscan_bsp_check_state_para  keyscan_bsp.o
    0x0202d9c2   0x0202d9c2   0x00000002   PAD
    0x0202d9c4   0x0202d9c4   0x0000015c   Code   RO         2799    .text.keyscan_bsp_enable_wakeup_before_sleep  keyscan_bsp.o
    0x0202db20   0x0202db20   0x0000002c   Code   RO         2666    .text.low_power_clear_exit_reason  low_power.o
    0x0202db4c   0x0202db4c   0x00000078   Code   RO         2668    .text.low_power_create_timer  low_power.o
    0x0202dbc4   0x0202dbc4   0x00000028   Code   RO         2662    .text.low_power_enter_saving  low_power.o
    0x0202dbec   0x0202dbec   0x000000a6   Code   RO         2660    .text.low_power_exit_saving  low_power.o
    0x0202dc92   0x0202dc92   0x00000002   PAD
    0x0202dc94   0x0202dc94   0x0000004e   Code   RO         2674    .text.low_power_start_timer  low_power.o
    0x0202dce2   0x0202dce2   0x00000002   PAD
    0x0202dce4   0x0202dce4   0x00000046   Code   RO         2664    .text.low_power_stop_timer  low_power.o
    0x0202dd2a   0x0202dd2a   0x00000002   PAD
    0x0202dd2c   0x0202dd2c   0x00000040   Code   RO         2672    .text.low_power_task  low_power.o
    0x0202dd6c   0x0202dd6c   0x00000076   Code   RO         2676    .text.low_power_try_enter_saving  low_power.o
    0x0202dde2   0x0202dde2   0x00000002   PAD
    0x0202dde4   0x0202dde4   0x0000008e   Code   RO          428    .text.map_int_mode  peripheral_gpio.o
    0x0202de72   0x0202de72   0x00000002   PAD
    0x0202de74   0x0202de74   0x000000d4   Code   RO           88    .text.mi_rcu_att_read_callback  mi_rcu_service.o
    0x0202df48   0x0202df48   0x00000162   Code   RO           90    .text.mi_rcu_att_write_callback  mi_rcu_service.o
    0x0202e0aa   0x0202e0aa   0x00000002   PAD
    0x0202e0ac   0x0202e0ac   0x00000010   Code   RO           92    .text.mi_rcu_audio_trigger_send_data  mi_rcu_service.o
    0x0202e0bc   0x0202e0bc   0x00000018   Code   RO           96    .text.mi_rcu_event_connected  mi_rcu_service.o
    0x0202e0d4   0x0202e0d4   0x00000022   Code   RO           98    .text.mi_rcu_event_disconnect  mi_rcu_service.o
    0x0202e0f6   0x0202e0f6   0x00000002   PAD
    0x0202e0f8   0x0202e0f8   0x00000082   Code   RO          102    .text.mi_rcu_kb_send_report  mi_rcu_service.o
    0x0202e17a   0x0202e17a   0x00000002   PAD
    0x0202e17c   0x0202e17c   0x00000016   Code   RO          177    .text.mi_rcu_pair_adv_time_out_callback  mi_rcu_key.o
    0x0202e192   0x0202e192   0x00000002   PAD
    0x0202e194   0x0202e194   0x00000028   Code   RO          169    .text.mi_rcu_power_adv_time_out_callback  mi_rcu_key.o
    0x0202e1bc   0x0202e1bc   0x00000022   Code   RO          171    .text.mi_rcu_reconnect_adv_time_out_callback  mi_rcu_key.o
    0x0202e1de   0x0202e1de   0x00000002   PAD
    0x0202e1e0   0x0202e1e0   0x0000003a   Code   RO          104    .text.mi_rcu_request_start_voice  mi_rcu_service.o
    0x0202e21a   0x0202e21a   0x00000002   PAD
    0x0202e21c   0x0202e21c   0x0000003a   Code   RO          106    .text.mi_rcu_request_stop_voice  mi_rcu_service.o
    0x0202e256   0x0202e256   0x00000002   PAD
    0x0202e258   0x0202e258   0x00000100   Code   RO          108    .text.mi_rcu_send_voice_data  mi_rcu_service.o
    0x0202e358   0x0202e358   0x000006bc   Code   RO           86    .text.mi_rcu_service_init  mi_rcu_service.o
    0x0202ea14   0x0202ea14   0x0000008c   Code   RO          155    .text.mi_rcu_single_key_handle  mi_rcu_key.o
    0x0202eaa0   0x0202eaa0   0x000000c4   Code   RO          100    .text.mi_rcu_user_msg_handler  mi_rcu_service.o
    0x0202eb64   0x0202eb64   0x0000000c   Code   RO         1359    .text.mic_power_down  audio_service.o
    0x0202eb70   0x0202eb70   0x0000000c   Code   RO         1349    .text.mic_power_open  audio_service.o
    0x0202eb7c   0x0202eb7c   0x00000036   Code   RO         1347    .text.mic_power_port_init  audio_service.o
    0x0202ebb2   0x0202ebb2   0x00000002   PAD
    0x0202ebb4   0x0202ebb4   0x00000378   Code   RO         2608    .text.msbc_pack_frame  sbc.o
    0x0202ef2c   0x0202ef2c   0x0000008e   Code   RO         2610    .text.msbc_unpack_frame  sbc.o
    0x0202efba   0x0202efba   0x00000002   PAD
    0x0202efbc   0x0202efbc   0x00000026   Code   RO           94    .text.notify_battery_level  mi_rcu_service.o
    0x0202efe2   0x0202efe2   0x00000002   PAD
    0x0202efe4   0x0202efe4   0x0000005e   Code   RO         2704    .text.pair_bond_connected  pair_bond.o
    0x0202f042   0x0202f042   0x00000002   PAD
    0x0202f044   0x0202f044   0x00000024   Code   RO         2706    .text.pair_bond_event_disconnect  pair_bond.o
    0x0202f068   0x0202f068   0x00000086   Code   RO         2710    .text.pair_bond_init  pair_bond.o
    0x0202f0ee   0x0202f0ee   0x00000002   PAD
    0x0202f0f0   0x0202f0f0   0x0000000e   Code   RO         2728    .text.pair_bond_ok  pair_bond.o
    0x0202f0fe   0x0202f0fe   0x00000002   PAD
    0x0202f100   0x0202f100   0x00000052   Code   RO         2730    .text.peer_is_paired  pair_bond.o
    0x0202f152   0x0202f152   0x00000002   PAD
    0x0202f154   0x0202f154   0x0000009e   Code   RO          562    .text.pin_id_for_input_source  peripheral_pinctrl.o
    0x0202f1f2   0x0202f1f2   0x00000002   PAD
    0x0202f1f4   0x0202f1f4   0x00000040   Code   RO           41    .text.print_addr    profile.o
    0x0202f234   0x0202f234   0x00000064   Code   RO           65    .text.profile_adv_start  profile.o
    0x0202f298   0x0202f298   0x00000008   Code   RO           67    .text.profile_adv_time_out_callback  profile.o
    0x0202f2a0   0x0202f2a0   0x0000006a   Code   RO           69    .text.profile_user_msg_handler  profile.o
    0x0202f30a   0x0202f30a   0x00000002   PAD
    0x0202f30c   0x0202f30c   0x0000001a   Code   RO          246    .text.program_flash  eflash.o
    0x0202f326   0x0202f326   0x00000002   PAD
    0x0202f328   0x0202f328   0x00000034   Code   RO          252    .text.read_flash_security  eflash.o
    0x0202f35c   0x0202f35c   0x0000002c   Code   RO           10    .text.read_from_flash  main.o
    0x0202f388   0x0202f388   0x0000002e   Code   RO         2550    .text.sbc_analyze_1b_8s_simd_even  sbc_primitives.o
    0x0202f3b6   0x0202f3b6   0x00000002   PAD
    0x0202f3b8   0x0202f3b8   0x0000002e   Code   RO         2530    .text.sbc_analyze_1b_8s_simd_odd  sbc_primitives.o
    0x0202f3e6   0x0202f3e6   0x00000002   PAD
    0x0202f3e8   0x0202f3e8   0x0000006c   Code   RO         2528    .text.sbc_analyze_4b_4s_simd  sbc_primitives.o
    0x0202f454   0x0202f454   0x0000006c   Code   RO         2532    .text.sbc_analyze_4b_8s_simd  sbc_primitives.o
    0x0202f4c0   0x0202f4c0   0x00000150   Code   RO         2602    .text.sbc_analyze_audio  sbc.o
    0x0202f610   0x0202f610   0x00000400   Code   RO         2548    .text.sbc_analyze_eight_simd  sbc_primitives.o
    0x0202fa10   0x0202fa10   0x00000238   Code   RO         2546    .text.sbc_analyze_four_simd  sbc_primitives.o
    0x0202fc48   0x0202fc48   0x000000e4   Code   RO         2542    .text.sbc_calc_scalefactors  sbc_primitives.o
    0x0202fd2c   0x0202fd2c   0x00000354   Code   RO         2544    .text.sbc_calc_scalefactors_j  sbc_primitives.o
    0x02030080   0x02030080   0x000010cc   Code   RO         2618    .text.sbc_calculate_bits  sbc.o
    0x0203114c   0x0203114c   0x0000000e   Code   RO         2556    .text.sbc_clz       sbc_primitives.o
    0x0203115a   0x0203115a   0x00000002   PAD
    0x0203115c   0x0203115c   0x000000a6   Code   RO         2616    .text.sbc_crc8      sbc.o
    0x02031202   0x02031202   0x00000002   PAD
    0x02031204   0x02031204   0x000007aa   Code   RO         2536    .text.sbc_enc_process_input_4s_be  sbc_primitives.o
    0x020319ae   0x020319ae   0x00000002   PAD
    0x020319b0   0x020319b0   0x000007ac   Code   RO         2534    .text.sbc_enc_process_input_4s_le  sbc_primitives.o
    0x0203215c   0x0203215c   0x00001b9c   Code   RO         2540    .text.sbc_enc_process_input_8s_be  sbc_primitives.o
    0x02033cf8   0x02033cf8   0x00001b9e   Code   RO         2538    .text.sbc_enc_process_input_8s_le  sbc_primitives.o
    0x02035896   0x02035896   0x00000002   PAD
    0x02035898   0x02035898   0x00000262   Code   RO         2596    .text.sbc_encode    sbc.o
    0x02035afa   0x02035afa   0x00000002   PAD
    0x02035afc   0x02035afc   0x00000050   Code   RO         2600    .text.sbc_encoder_init  sbc.o
    0x02035b4c   0x02035b4c   0x00000088   Code   RO         2592    .text.sbc_get_codesize  sbc.o
    0x02035bd4   0x02035bd4   0x0000010a   Code   RO         2598    .text.sbc_get_frame_length  sbc.o
    0x02035cde   0x02035cde   0x00000002   PAD
    0x02035ce0   0x02035ce0   0x00000098   Code   RO         2574    .text.sbc_init_msbc  sbc.o
    0x02035d78   0x02035d78   0x000000a2   Code   RO         2526    .text.sbc_init_primitives  sbc_primitives.o
    0x02035e1a   0x02035e1a   0x00000002   PAD
    0x02035e1c   0x02035e1c   0x00000e5a   Code   RO         2612    .text.sbc_pack_frame  sbc.o
    0x02036c76   0x02036c76   0x00000002   PAD
    0x02036c78   0x02036c78   0x00000086   Code   RO         2572    .text.sbc_set_defaults  sbc.o
    0x02036cfe   0x02036cfe   0x00000002   PAD
    0x02036d00   0x02036d00   0x0000013e   Code   RO         2614    .text.sbc_unpack_frame  sbc.o
    0x02036e3e   0x02036e3e   0x00000002   PAD
    0x02036e40   0x02036e40   0x00000450   Code   RO         2620    .text.sbc_unpack_frame_internal  sbc.o
    0x02037290   0x02037290   0x00000104   Code   RO         2646    .text.sdk_load_private_flash_data  sdk_private_flash_data.o
    0x02037394   0x02037394   0x0000001c   Code   RO         2642    .text.sdk_private_data_write_to_flash  sdk_private_flash_data.o
    0x020373b0   0x020373b0   0x00000006   Code   RO          254    .text.security_page_read  eflash.o
    0x020373b6   0x020373b6   0x00000002   PAD
    0x020373b8   0x020373b8   0x00000010   Code   RO           37    .text.send_data     profile.o
    0x020373c8   0x020373c8   0x0000027c   Code   RO          205    .text.set_adv_in_stack  mi_rcu_adv.o
    0x02037644   0x02037644   0x00000032   Code   RO          774    .text.set_reg_bit   peripheral_sysctrl.o
    0x02037676   0x02037676   0x00000002   PAD
    0x02037678   0x02037678   0x00000044   Code   RO          550    .text.set_reg_bits  peripheral_pinctrl.o
    0x020376bc   0x020376bc   0x0000003a   Code   RO          776    .text.set_reg_bits  peripheral_sysctrl.o
    0x020376f6   0x020376f6   0x00000002   PAD
    0x020376f8   0x020376f8   0x00000040   Code   RO           22    .text.setup_pll_clk_and_sleep_para  main.o
    0x02037738   0x02037738   0x00000062   Code   RO           45    .text.setup_profile  profile.o
    0x0203779a   0x0203779a   0x00000002   PAD
    0x0203779c   0x0203779c   0x0000000c   Code   RO         2736    .text.sm_event_identity_resolving_failed_get_handle  pair_bond.o
    0x020377a8   0x020377a8   0x0000000e   Code   RO         2734    .text.sm_event_identity_resolving_succeeded_get_le_device_db_index  pair_bond.o
    0x020377b6   0x020377b6   0x00000002   PAD
    0x020377b8   0x020377b8   0x0000000c   Code   RO         2720    .text.sm_event_just_works_request_get_handle  pair_bond.o
    0x020377c4   0x020377c4   0x0000000c   Code   RO         2724    .text.sm_event_passkey_display_number_get_handle  pair_bond.o
    0x020377d0   0x020377d0   0x0000000e   Code   RO         2726    .text.sm_event_passkey_display_number_get_passkey  pair_bond.o
    0x020377de   0x020377de   0x00000002   PAD
    0x020377e0   0x020377e0   0x0000000c   Code   RO         2722    .text.sm_event_passkey_input_number_get_handle  pair_bond.o
    0x020377ec   0x020377ec   0x0000022e   Code   RO         2716    .text.sm_packet_handler  pair_bond.o
    0x02037a1a   0x02037a1a   0x00000002   PAD
    0x02037a1c   0x02037a1c   0x000000a0   Code   RO          548    .text.source_id_on_pin  peripheral_pinctrl.o
    0x02037abc   0x02037abc   0x00000022   Code   RO          199    .text.start_adv     mi_rcu_adv.o
    0x02037ade   0x02037ade   0x00000002   PAD
    0x02037ae0   0x02037ae0   0x0000001a   Code   RO          207    .text.stop_adv_in_stack  mi_rcu_adv.o
    0x02037afa   0x02037afa   0x00000002   PAD
    0x02037afc   0x02037afc   0x00000066   Code   RO           12    .text.system_tune_32k  main.o
    0x02037b62   0x02037b62   0x00000002   PAD
    0x02037b64   0x02037b64   0x00000040   Code   RO         2712    .text.traversing_device_db  pair_bond.o
    0x02037ba4   0x02037ba4   0x00000012   Code   RO           14    .text.trim_rf_freq  main.o
    0x02037bb6   0x02037bb6   0x00000002   PAD
    0x02037bb8   0x02037bb8   0x0000001c   Code   RO         1426    .text.uint16_revert_byte  audio_input_sim.o
    0x02037bd4   0x02037bd4   0x00000014   Code   RO         2552    .text.unaligned16_be  sbc_primitives.o
    0x02037be8   0x02037be8   0x00000014   Code   RO         2554    .text.unaligned16_le  sbc_primitives.o
    0x02037bfc   0x02037bfc   0x00000014   Code   RO           35    .text.update_connection_parameter  profile.o
    0x02037c10   0x02037c10   0x0000005a   Code   RO         2702    .text.update_ir     pair_bond.o
    0x02037c6a   0x02037c6a   0x00000002   PAD
    0x02037c6c   0x02037c6c   0x00000074   Code   RO           63    .text.user_msg_handler  profile.o
    0x02037ce0   0x02037ce0   0x000001d0   Code   RO           51    .text.user_packet_handler  profile.o
    0x02037eb0   0x02037eb0   0x0000000c   Code   RO         2767    .text.vr_get_sys_status  key_board.o
    0x02037ebc   0x02037ebc   0x0000003c   Code   RO         2763    .text.vr_set_sys_status  key_board.o
    0x02037ef8   0x02037ef8   0x0000004a   Code   RO          197    .text.vr_start_adv  mi_rcu_adv.o
    0x02037f42   0x02037f42   0x00000002   PAD
    0x02037f44   0x02037f44   0x0000000e   Code   RO          153    .text.vr_system_before_sleep  mi_rcu_key.o
    0x02037f52   0x02037f52   0x00000002   PAD
    0x02037f54   0x02037f54   0x00000028   Code   RO          151    .text.vr_system_start  mi_rcu_key.o
    0x02037f7c   0x02037f7c   0x00000002   Code   RO         2732    .text.wait_master_clear_pair_info  pair_bond.o
    0x02037f7e   0x02037f7e   0x00000002   PAD
    0x02037f80   0x02037f80   0x0000009e   Code   RO          248    .text.write_flash   eflash.o
    0x0203801e   0x0203801e   0x00000002   PAD
    0x02038020   0x02038020   0x00000028   Code   RO         2923    i.__0sprintf        mc_w.l(printfa.o)
    0x02038048   0x02038048   0x0000000e   Code   RO         3095    i.__scatterload_copy  mc_w.l(handlers.o)
    0x02038056   0x02038056   0x00000002   Code   RO         3096    i.__scatterload_null  mc_w.l(handlers.o)
    0x02038058   0x02038058   0x0000000e   Code   RO         3097    i.__scatterload_zeroinit  mc_w.l(handlers.o)
    0x02038066   0x02038066   0x00000002   PAD
    0x02038068   0x02038068   0x00000184   Code   RO         2928    i._fp_digits        mc_w.l(printfa.o)
    0x020381ec   0x020381ec   0x000006dc   Code   RO         2929    i._printf_core      mc_w.l(printfa.o)
    0x020388c8   0x020388c8   0x00000024   Code   RO         2930    i._printf_post_padding  mc_w.l(printfa.o)
    0x020388ec   0x020388ec   0x0000002e   Code   RO         2931    i._printf_pre_padding  mc_w.l(printfa.o)
    0x0203891a   0x0203891a   0x0000000a   Code   RO         2933    i._sputc            mc_w.l(printfa.o)
    0x02038924   0x02038924   0x00000050   Code   RO         2948    i.free              mc_w.l(malloc.o)
    0x02038974   0x02038974   0x0000006c   Code   RO         2949    i.malloc            mc_w.l(malloc.o)
    0x020389e0   0x020389e0   0x00000093   Data   RO          114    .rodata.KB_REPORT_MAP  mi_rcu_service.o
    0x02038a73   0x02038a73   0x0000001a   Data   RO          225    .rodata.adv_data_pairing  mi_rcu_adv.o
    0x02038a8d   0x02038a8d   0x0000001f   Data   RO          227    .rodata.adv_data_power  mi_rcu_adv.o
    0x02038aac   0x02038aac   0x0000001a   Data   RO          226    .rodata.adv_data_prompt  mi_rcu_adv.o
    0x02038ac6   0x02038ac6   0x0000001a   Data   RO          223    .rodata.adv_data_reconnect  mi_rcu_adv.o
    0x02038ae0   0x02038ae0   0x00000070   Data   RO         2560    .rodata.analysis_consts_fixed4_simd_even  sbc_primitives.o
    0x02038b50   0x02038b50   0x00000070   Data   RO         2559    .rodata.analysis_consts_fixed4_simd_odd  sbc_primitives.o
    0x02038bc0   0x02038bc0   0x00000120   Data   RO         2562    .rodata.analysis_consts_fixed8_simd_even  sbc_primitives.o
    0x02038ce0   0x02038ce0   0x00000120   Data   RO         2561    .rodata.analysis_consts_fixed8_simd_odd  sbc_primitives.o
    0x02038e00   0x02038e00   0x00000400   Data   RO         1469    .rodata.audio_denoise_a4  audio_denoise.o
    0x02039200   0x02039200   0x00000400   Data   RO         1468    .rodata.audio_denoise_hanning  audio_denoise.o
    0x02039600   0x02039600   0x00000100   Data   RO         2626    .rodata.crc_table   sbc.o
    0x02039700   0x02039700   0x0000031e   Data   RO          564    .rodata.io_output_source_map  peripheral_pinctrl.o
    0x02039a1e   0x02039a1e   0x00000010   Data   RO          130    .rodata.mi_rcu_char_dfu_control_point_uuid128  mi_rcu_service.o
    0x02039a2e   0x02039a2e   0x00000010   Data   RO          131    .rodata.mi_rcu_char_dfu_packet_uuid128  mi_rcu_service.o
    0x02039a3e   0x02039a3e   0x00000010   Data   RO          128    .rodata.mi_rcu_char_notify_uuid128  mi_rcu_service.o
    0x02039a4e   0x02039a4e   0x00000010   Data   RO          127    .rodata.mi_rcu_char_write_no_resp_uuid128  mi_rcu_service.o
    0x02039a5e   0x02039a5e   0x00000010   Data   RO          129    .rodata.mi_rcu_char_write_uuid128  mi_rcu_service.o
    0x02039a6e   0x02039a6e   0x00000002   Data   RO          118    .rodata.mi_rcu_kb_desc_output_report  mi_rcu_service.o
    0x02039a70   0x02039a70   0x0000001c   Data   RO          182    .rodata.mi_rcu_key_set  mi_rcu_key.o
    0x02039a8c   0x02039a8c   0x00000010   Data   RO          126    .rodata.mi_rcu_service_uuid128  mi_rcu_service.o
    0x02039a9c   0x02039a9c   0x00000048   Data   RO          268    .rodata.prog_security_page_read  eflash.o
    0x02039ae4   0x02039ae4   0x00000040   Data   RO         2627    .rodata.sbc_offset4  sbc.o
    0x02039b24   0x02039b24   0x00000080   Data   RO         2628    .rodata.sbc_offset8  sbc.o
    0x02039ba4   0x02039ba4   0x0000001d   Data   RO          224    .rodata.scan_data   mi_rcu_adv.o
    0x02039bc1   0x02039bc1   0x00000119   Data   RO           24    .rodata.str1.1      main.o
    0x02039cda   0x02039cda   0x0000010a   Data   RO           75    .rodata.str1.1      profile.o
    0x02039de4   0x02039de4   0x0000007f   Data   RO          132    .rodata.str1.1      mi_rcu_service.o
    0x02039e63   0x02039e63   0x000001be   Data   RO          184    .rodata.str1.1      mi_rcu_key.o
    0x0203a021   0x0203a021   0x00000049   Data   RO          219    .rodata.str1.1      mi_rcu_adv.o
    0x0203a06a   0x0203a06a   0x00000084   Data   RO         1382    .rodata.str1.1      audio_service.o
    0x0203a0ee   0x0203a0ee   0x00000047   Data   RO         1429    .rodata.str1.1      audio_input_sim.o
    0x0203a135   0x0203a135   0x0000000a   Data   RO         2558    .rodata.str1.1      sbc_primitives.o
    0x0203a13f   0x0203a13f   0x0000000d   Data   RO         2650    .rodata.str1.1      sdk_private_flash_data.o
    0x0203a14c   0x0203a14c   0x000000a5   Data   RO         2679    .rodata.str1.1      low_power.o
    0x0203a1f1   0x0203a1f1   0x00000173   Data   RO         2740    .rodata.str1.1      pair_bond.o
    0x0203a364   0x0203a364   0x00000018   Data   RO         2787    .rodata.str1.1      key_board.o
    0x0203a37c   0x0203a37c   0x0000004e   Data   RO         2842    .rodata.str1.1      vr_key.o
    0x0203a3ca   0x0203a3ca   0x00000002   PAD
    0x0203a3cc   0x0203a3cc   0x00000020   Data   RO         3094    Region$$Table       anon$$obj.o


    Execution Region RW_IRAM1 (Exec base: 0x20005438, Load base: 0x0203a3f0, Size: 0x000028c4, Max: 0x00002bc8, ABSOLUTE, COMPRESSED[0x000001d0])

    Exec Addr    Load Addr    Size         Type   Attr      Idx    E Section Name        Object

    0x20005438   COMPRESSED   0x00000004   Data   RW         3069    .data               mc_w.l(mvars.o)
    0x2000543c   COMPRESSED   0x00000004   Data   RW         3070    .data               mc_w.l(mvars.o)
    0x20005440   COMPRESSED   0x00000002   Data   RW         2851    .data.KEYSCAN_KeyStateUpdate.pressKeyId  vr_key.o
    0x20005442   COMPRESSED   0x00000002   PAD
    0x20005444   COMPRESSED   0x000000d8   Data   RW          216    .data.adv_para      mi_rcu_adv.o
    0x2000551c   COMPRESSED   0x00000004   Data   RW          215    .data.adv_timer_ms  mi_rcu_adv.o
    0x20005520   COMPRESSED   0x00000008   Data   RW          110    .data.att_read_con_para  mi_rcu_service.o
    0x20005528   COMPRESSED   0x00000007   Data   RW          111    .data.att_read_pnp_id_data  mi_rcu_service.o
    0x2000552f   COMPRESSED   0x00000001   PAD
    0x20005530   COMPRESSED   0x00000010   Data   RW           72    .data.con_parameters  profile.o
    0x20005540   COMPRESSED   0x00000010   Data   RW         2852    .data.doubleKey     vr_key.o
    0x20005550   COMPRESSED   0x00000030   Data   RW          186    .data.doubleKeyMap  mi_rcu_key.o
    0x20005580   COMPRESSED   0x00000058   Data   RW           25    .data.evt_cb_table  main.o
    0x200055d8   COMPRESSED   0x00000004   Data   RW           74    .data.g_fun_bt_send_data  profile.o
    0x200055dc   COMPRESSED   0x000000ac   Data   RW         2648    .data.g_power_off_save_data_in_ram  sdk_private_flash_data.o
    0x20005688   COMPRESSED   0x00000002   Data   RW         1428    .data.g_sample_rate  audio_input_sim.o
    0x2000568a   COMPRESSED   0x0000002a   Data   RW         2809    .data.gpio_retention_group  keyscan_bsp.o
    0x200056b4   COMPRESSED   0x00000002   Data   RW           71    .data.handle_send   profile.o
    0x200056b6   COMPRESSED   0x00000002   PAD
    0x200056b8   COMPRESSED   0x00000030   Data   RW          187    .data.keepPressedKeyMap  mi_rcu_key.o
    0x200056e8   COMPRESSED   0x00000060   Data   RW          185    .data.keyFuncMap    mi_rcu_key.o
    0x20005748   COMPRESSED   0x00000006   Data   RW          180    .data.key_in_col    mi_rcu_key.o
    0x2000574e   COMPRESSED   0x00000008   Data   RW          179    .data.key_out_row   mi_rcu_key.o
    0x20005756   COMPRESSED   0x00000001   Data   RW         2789    .data.key_state_now_index  key_board.o
    0x20005757   COMPRESSED   0x00000001   Data   RW         2681    .data.low_power_exit_saving.last_reason  low_power.o
    0x20005758   COMPRESSED   0x00000002   Data   RW          112    .data.mi_rcu_att_notify_battery_handle  mi_rcu_service.o
    0x2000575a   COMPRESSED   0x00000002   Data   RW          138    .data.mi_rcu_con_handle  mi_rcu_service.o
    0x2000575c   COMPRESSED   0x00000004   Data   RW          113    .data.mi_rcu_hid_info  mi_rcu_service.o
    0x20005760   COMPRESSED   0x00000002   Data   RW          120    .data.mi_rcu_kb_desc_feature_report  mi_rcu_service.o
    0x20005762   COMPRESSED   0x00000002   Data   RW          117    .data.mi_rcu_kb_desc_input_report  mi_rcu_service.o
    0x20005764   COMPRESSED   0x0000001c   Data   RW          183    .data.mi_rcu_key_fun_map  mi_rcu_key.o
    0x20005780   COMPRESSED   0x00000001   Data   RW          141    .data.mi_rcu_protocol_mode  mi_rcu_service.o
    0x20005781   COMPRESSED   0x00000001   Data   RW          188    .data.mi_rcu_single_key_handle.is_first_key  mi_rcu_key.o
    0x20005782   COMPRESSED   0x00000013   Data   RW          125    .data.mi_rcu_ver_report  mi_rcu_service.o
    0x20005795   COMPRESSED   0x00000001   Data   RW          218    .data.msg_adv_type  mi_rcu_adv.o
    0x20005796   COMPRESSED   0x00000001   Data   RW          135    .data.notify_battery_data  mi_rcu_service.o
    0x20005797   COMPRESSED   0x00000014   Data   RW          139    .data.notify_voice_control_data  mi_rcu_service.o
    0x200057ab   COMPRESSED   0x00000001   PAD
    0x200057ac   COMPRESSED   0x00000004   Data   RW         2649    .data.p_power_off_save_data_in_flash  sdk_private_flash_data.o
    0x200057b0   COMPRESSED   0x00000006   Data   RW           26    .data.pub_addr_r    main.o
    0x200057b6   COMPRESSED   0x00000002   Data   RW         2848    .data.scan_cycle_keyId  vr_key.o
    0x200057b8   COMPRESSED   0x00000008   Data   RW         2742    .data.sm_event_callback_registration  pair_bond.o
    0x200057c0   COMPRESSED   0x00000027   Data   RW         2738    .data.sm_persistent  pair_bond.o
    0x200057e7   COMPRESSED   0x00000004   Data   RW         1387    .data.voice_data_header_seq  audio_service.o
    0x200057eb   COMPRESSED   0x00000001   Data   RW         2786    .data.vr_sys_status  key_board.o
    0x200057ec   COMPRESSED   0x00000004   PAD
    0x200057f0        -       0x0000000c   Zero   RW          405    .bss.ADC_adcCal     peripheral_adc.o
    0x200057fc        -       0x00000001   Zero   RW         1435    .bss.DMA_cb_isr.multi_sample_cnt  audio_input_sim.o
    0x200057fd   COMPRESSED   0x00000001   PAD
    0x200057fe        -       0x00000002   Zero   RW         1434    .bss.DMA_cb_isr.multi_sample_sum  audio_input_sim.o
    0x20005800        -       0x00000004   Zero   RW         2849    .bss.KEYSCAN_KeyStateUpdate.pressCnt  vr_key.o
    0x20005804        -       0x00000001   Zero   RW         2850    .bss.KEYSCAN_KeyStateUpdate.pressKeyNum  vr_key.o
    0x20005805        -       0x00000001   Zero   RW         2844    .bss.KEYSCAN_cb_isr.have_key_pressed  vr_key.o
    0x20005806        -       0x00000001   Zero   RW         2845    .bss.KEYSCAN_cb_isr.no_key_pressed_cnt  vr_key.o
    0x20005807   COMPRESSED   0x00000001   PAD
    0x20005808        -       0x00000004   Zero   RW         2843    .bss.KeyTask_handler  vr_key.o
    0x2000580c        -       0x00000004   Zero   RW         2841    .bss.Key_BinarySemaphore  vr_key.o
    0x20005810        -       0x00000006   Zero   RW         2743    .bss.PeerAddr       pair_bond.o
    0x20005816   COMPRESSED   0x00000002   PAD
    0x20005818        -       0x00000048   Zero   RW         1430    .bss.PingPong       audio_input_sim.o
    0x20005860        -       0x00000006   Zero   RW          220    .bss.adv_sets_en    mi_rcu_adv.o
    0x20005866   COMPRESSED   0x00000002   PAD
    0x20005868        -       0x00000004   Zero   RW          221    .bss.adv_time_out_timer  mi_rcu_adv.o
    0x2000586c        -       0x00000004   Zero   RW          213    .bss.adv_timer_call_back_fun  mi_rcu_adv.o
    0x20005870        -       0x00000004   Zero   RW         1333    .bss.att_db         att_db_util.o
    0x20005874        -       0x00000002   Zero   RW         1334    .bss.att_db_max_size  att_db_util.o
    0x20005876        -       0x00000002   Zero   RW         1336    .bss.att_db_next_handle  att_db_util.o
    0x20005878        -       0x00000002   Zero   RW         1335    .bss.att_db_size    att_db_util.o
    0x2000587a        -       0x000007d0   Zero   RW           77    .bss.att_db_storage  profile.o
    0x2000604a   COMPRESSED   0x00000002   PAD
    0x2000604c        -       0x00000004   Zero   RW         1374    .bss.audio_data_porcess_callback  audio_service.o
    0x20006050        -       0x00000001   Zero   RW         1471    .bss.audio_denoise_init.init_done  audio_denoise.o
    0x20006051   COMPRESSED   0x00000003   PAD
    0x20006054        -       0x00000004   Zero   RW         1431    .bss.audio_input_sim_data_index  audio_input_sim.o
    0x20006058        -       0x00000004   Zero   RW         1385    .bss.audio_rx_sample.sample_cnt  audio_service.o
    0x2000605c        -       0x00000004   Zero   RW         1450    .bss.codesize       audio_msbc.o
    0x20006060        -       0x00000002   Zero   RW           73    .bss.con_para_latency  profile.o
    0x20006062   COMPRESSED   0x00000002   PAD
    0x20006064        -       0x00000004   Zero   RW         1470    .bss.denoise_handle  audio_denoise.o
    0x20006068        -       0x00000017   Zero   RW         2739    .bss.direct_param   pair_bond.o
    0x2000607f   COMPRESSED   0x00000001   PAD
    0x20006080        -       0x00000004   Zero   RW         1383    .bss.enc_input_fun  audio_service.o
    0x20006084        -       0x00000004   Zero   RW         2685    .bss.enter_low_power_timer  low_power.o
    0x20006088        -       0x00000001   Zero   RW         2680    .bss.exit_saving    low_power.o
    0x20006089   COMPRESSED   0x00000003   PAD
    0x2000608c        -       0x00000004   Zero   RW          406    .bss.ftCali         peripheral_adc.o
    0x20006090        -       0x00000004   Zero   RW         2682    .bss.g_sys_work_status_bits  low_power.o
    0x20006094        -       0x00000001   Zero   RW         2785    .bss.have_key_pressing  key_board.o
    0x20006095   COMPRESSED   0x00000003   PAD
    0x20006098        -       0x00000008   Zero   RW           76    .bss.hci_event_callback_registration  profile.o
    0x200060a0        -       0x00000004   Zero   RW         2791    .bss.key_board_set  key_board.o
    0x200060a4        -       0x00000028   Zero   RW         2836    .bss.key_ctx        vr_key.o
    0x200060cc        -       0x00000018   Zero   RW         2788    .bss.key_state_buf  key_board.o
    0x200060e4        -       0x00000001   Zero   RW         2790    .bss.key_state_last_index  key_board.o
    0x200060e5   COMPRESSED   0x00000003   PAD
    0x200060e8        -       0x00000004   Zero   RW         2684    .bss.low_power_task_BinarySemaphore  low_power.o
    0x200060ec        -       0x00000004   Zero   RW         2686    .bss.low_power_task_handler  low_power.o
    0x200060f0        -       0x00000001   Zero   RW         2687    .bss.low_power_timer_is_run  low_power.o
    0x200060f1        -       0x00000001   Zero   RW         2683    .bss.low_power_try_enter_cnt  low_power.o
    0x200060f2        -       0x00000002   Zero   RW          116    .bss.mi_rcu_att_notify_hid_report_handle  mi_rcu_service.o
    0x200060f4        -       0x00000002   Zero   RW          121    .bss.mi_rcu_att_notify_voice_control_handle  mi_rcu_service.o
    0x200060f6        -       0x00000002   Zero   RW          122    .bss.mi_rcu_att_notify_voice_handle_ch1  mi_rcu_service.o
    0x200060f8        -       0x00000002   Zero   RW          123    .bss.mi_rcu_att_notify_voice_handle_ch2  mi_rcu_service.o
    0x200060fa        -       0x00000002   Zero   RW          124    .bss.mi_rcu_att_notify_voice_handle_ch3  mi_rcu_service.o
    0x200060fc        -       0x00000002   Zero   RW          119    .bss.mi_rcu_att_write_voice_control_handle  mi_rcu_service.o
    0x200060fe        -       0x00000001   Zero   RW          134    .bss.mi_rcu_notify_enable  mi_rcu_service.o
    0x200060ff        -       0x00000008   Zero   RW          115    .bss.mi_rcu_report  mi_rcu_service.o
    0x20006107        -       0x00000039   Zero   RW         1452    .bss.msbc_output_data  audio_msbc.o
    0x20006140        -       0x00000004   Zero   RW         1451    .bss.msbc_output_fun  audio_msbc.o
    0x20006144        -       0x00000003   Zero   RW          133    .bss.notify_voice_handle  mi_rcu_service.o
    0x20006147        -       0x00000001   Zero   RW          136    .bss.notify_voice_handle_index  mi_rcu_service.o
    0x20006148        -       0x00000001   Zero   RW          189    .bss.power_adv_start  mi_rcu_key.o
    0x20006149        -       0x00000006   Zero   RW           27    .bss.pub_addr       main.o
    0x2000614f        -       0x00000001   Zero   RW         2741    .bss.resolve_fail   pair_bond.o
    0x20006150        -       0x000001e0   Zero   RW         1386    .bss.sample_buf     audio_service.o
    0x20006330        -       0x00000004   Zero   RW         1375    .bss.sample_buf_index  audio_service.o
    0x20006334        -       0x00000004   Zero   RW         1376    .bss.sample_index   audio_service.o
    0x20006338        -       0x00000014   Zero   RW         1449    .bss.sbc            audio_msbc.o
    0x2000634c        -       0x00000001   Zero   RW         2846    .bss.scan_cycle_keyNum  vr_key.o
    0x2000634d        -       0x00000001   Zero   RW         2847    .bss.scan_cycle_key_state_changed  vr_key.o
    0x2000634e        -       0x0000012c   Zero   RW         1384    .bss.send_data_buffer  audio_service.o
    0x2000647a        -       0x00000002   Zero   RW         1377    .bss.send_data_frame_index  audio_service.o
    0x2000647c        -       0x00000002   Zero   RW          137    .bss.send_next_block_index  mi_rcu_service.o
    0x2000647e        -       0x00000002   Zero   RW         1378    .bss.seq_cnt        audio_service.o
    0x20006480        -       0x00000006   Zero   RW         1379    .bss.ucQueueStorageArea  audio_service.o
    0x20006486        -       0x00000001   Zero   RW          181    .bss.voice_key_pressed  mi_rcu_key.o
    0x20006487        -       0x00000006   Zero   RW          214    .bss.vr_adv_addr    mi_rcu_adv.o
    0x2000648d   COMPRESSED   0x00000003   PAD
    0x20006490        -       0x00000004   Zero   RW         2839    .bss.vr_key_all_release_callback  vr_key.o
    0x20006494        -       0x00000004   Zero   RW         2840    .bss.vr_key_map     vr_key.o
    0x20006498        -       0x00000004   Zero   RW         2837    .bss.vr_key_pressed_callback  vr_key.o
    0x2000649c        -       0x00000004   Zero   RW         2838    .bss.vr_key_scan_one_cycle_callback  vr_key.o
    0x200064a0        -       0x00000004   Zero   RW          222    .bss.xHigherPriorityTaskWoken  mi_rcu_adv.o
    0x200064a4        -       0x00000004   Zero   RW         2688    .bss.xHigherPriorityTaskWoken  low_power.o
    0x200064a8        -       0x00000004   Zero   RW         1381    .bss.xSampleQueue   audio_service.o
    0x200064ac        -       0x0000004c   Zero   RW         1380    .bss.xStaticSampleQueue  audio_service.o
    0x200064f8        -       0x00001800   Zero   RW          235    HEAP                startup_ing91600.o
    0x20007cf8        -       0x00000004   Zero   RW          234    STACK               startup_ing91600.o


==============================================================================

Image component sizes


      Code (inc. data)   RO Data    RW Data    ZI Data      Debug   Object Name

      1066          0          0          0         10       3776   att_db_util.o
       264          0       2048          0          5       4870   audio_denoise.o
       546          0         71          2         79       6292   audio_input_sim.o
       210          0          0          0         85       1709   audio_msbc.o
       948          0        132          4        890      10237   audio_service.o
       684          0         72          0          0       4436   eflash.o
       554          0         24          2         30       7072   key_board.o
       406          0          0         42          0      11859   keyscan_bsp.o
      2200          4        165          1         23       9406   low_power.o
       570          0        281         94          6      11074   main.o
       872          0        211        221         24       5834   mi_rcu_adv.o
       842          8        474        235          2       9144   mi_rcu_key.o
      3100          4        372         68         27       8443   mi_rcu_service.o
      1394         32        371         47         30       8531   pair_bond.o
      3630         16          0          0         16      12283   peripheral_adc.o
      1288         56          0          0          0      10016   peripheral_dma.o
      1380          0          0          0          0       7197   peripheral_gpio.o
      1348          0          0          0          0      12226   peripheral_keyscan.o
      1426          0        798          0          0      13513   peripheral_pinctrl.o
      2848         96          0          0          0      22609   peripheral_sysctrl.o
        30          0          0          0          0       4912   peripheral_timer.o
        36          0          0          0          0       5775   peripheral_uart.o
       532          0          0          0          0       3449   pingpong.o
      1296          8        266         22       2010       8243   profile.o
     12306          4        448          0          0      25593   sbc.o
     21260          0        810          0          0      14635   sbc_primitives.o
       288          0         13        176          0       2518   sdk_private_flash_data.o
        40         12          8          0       6148        424   startup_ing91600.o
      2320          0         78         20         73      10761   vr_key.o

    ----------------------------------------------------------------------
     63952        240       6676        940       9488     256837   Object Totals
         0          0         32          0          0          0   (incl. Generated)
       268          0          2          6         30          0   (incl. Padding)

    ----------------------------------------------------------------------

      Code (inc. data)   RO Data    RW Data    ZI Data      Debug   Library Member Name

        86          0          0          0          0          0   __dczerorl2.o
        28          0          0          0          0         76   calloc.o
         0          0          0          0          0          0   entry.o
         0          0          0          0          0          0   entry10a.o
         0          0          0          0          0          0   entry11a.o
         8          4          0          0          0          0   entry2.o
         4          0          0          0          0          0   entry5.o
         0          0          0          0          0          0   entry7b.o
         0          0          0          0          0          0   entry8b.o
         8          4          0          0          0          0   entry9a.o
        30          0          0          0          0          0   handlers.o
        36          8          0          0          0         68   init.o
         0          0          0          0          0          0   iusefp.o
        30          0          0          0          0         68   llshl.o
        36          0          0          0          0         68   llsshr.o
        32          0          0          0          0         68   llushr.o
       188         20          0          0          0        160   malloc.o
        36          0          0          0          0         68   memcpya.o
        36          0          0          0          0        108   memseta.o
         0          0          0          8          0          0   mvars.o
      2276         86          0          0          0        520   printfa.o
        24          0          0          0          0         76   strncpy.o
        44          0          0          0          0         80   uidiv.o
        98          0          0          0          0         92   uldiv.o
        48          0          0          0          0         68   cdrcmple.o
       334          0          0          0          0        148   dadd.o
       222          0          0          0          0        100   ddiv.o
       186          0          0          0          0        176   depilogue.o
        48          0          0          0          0         68   dfixul.o
        34          0          0          0          0         76   dflti.o
       228          0          0          0          0         96   dmul.o

    ----------------------------------------------------------------------
      4104        122          0          8          0       2184   Library Totals
         4          0          0          0          0          0   (incl. Padding)

    ----------------------------------------------------------------------

      Code (inc. data)   RO Data    RW Data    ZI Data      Debug   Library Name

      3000        122          0          8          0       1452   mc_w.l
      1100          0          0          0          0        732   mf_w.l

    ----------------------------------------------------------------------
      4104        122          0          8          0       2184   Library Totals

    ----------------------------------------------------------------------

==============================================================================


      Code (inc. data)   RO Data    RW Data    ZI Data      Debug   

     68056        362       6676        948       9488     257569   Grand Totals
     68056        362       6676        464       9488     257569   ELF Image Totals (compressed)
     68056        362       6676        464          0          0   ROM Totals

==============================================================================

    Total RO  Size (Code + RO Data)                74732 (  72.98kB)
    Total RW  Size (RW Data + ZI Data)             10436 (  10.19kB)
    Total ROM Size (Code + RO Data + RW Data)      75196 (  73.43kB)

==============================================================================

